Archive member included to satisfy reference by file (symbol)

../DaisyExamples/libDaisy//build\libdaisy.a(daisy_seed.o)
                              build/test1.o (daisy::DaisySeed::DelayMs(unsigned int))
../DaisyExamples/libDaisy//build\libdaisy.a(codec_ak4556.o)
                              ../DaisyExamples/libDaisy//build\libdaisy.a(daisy_seed.o) (daisy::Ak4556::Init(dsy_gpio_pin))
../DaisyExamples/libDaisy//build\libdaisy.a(codec_wm8731.o)
                              ../DaisyExamples/libDaisy//build\libdaisy.a(daisy_seed.o) (daisy::Wm8731::Init(daisy::Wm8731::Config const&, daisy::I2CHandle))
../DaisyExamples/libDaisy//build\libdaisy.a(sdram.o)
                              ../DaisyExamples/libDaisy//build\libdaisy.a(daisy_seed.o) (SdramHandle::Init())
../DaisyExamples/libDaisy//build\libdaisy.a(sr_595.o)
                              build/test1.o (ShiftRegister595::Init(dsy_gpio_pin*, unsigned int))
../DaisyExamples/libDaisy//build\libdaisy.a(audio.o)
                              ../DaisyExamples/libDaisy//build\libdaisy.a(daisy_seed.o) (daisy::AudioHandle::Init(daisy::AudioHandle::Config const&, daisy::SaiHandle))
../DaisyExamples/libDaisy//build\libdaisy.a(logger.o)
                              build/test1.o (daisy::Logger<(daisy::LoggerDestination)1>::Print(char const*, ...))
../DaisyExamples/libDaisy//build\libdaisy.a(usb.o)
                              ../DaisyExamples/libDaisy//build\libdaisy.a(logger.o) (daisy::UsbHandle::Init(daisy::UsbHandle::UsbPeriph))
../DaisyExamples/libDaisy//build\libdaisy.a(gpio.o)
                              build/test1.o (daisy::GPIO::Init(daisy::Pin, daisy::GPIO::Mode, daisy::GPIO::Pull, daisy::GPIO::Speed))
../DaisyExamples/libDaisy//build\libdaisy.a(i2c.o)
                              ../DaisyExamples/libDaisy//build\libdaisy.a(daisy_seed.o) (daisy::I2CHandle::Init(daisy::I2CHandle::Config const&))
../DaisyExamples/libDaisy//build\libdaisy.a(qspi.o)
                              ../DaisyExamples/libDaisy//build\libdaisy.a(daisy_seed.o) (daisy::QSPIHandle::Init(daisy::QSPIHandle::Config const&))
../DaisyExamples/libDaisy//build\libdaisy.a(sai.o)
                              ../DaisyExamples/libDaisy//build\libdaisy.a(daisy_seed.o) (daisy::SaiHandle::Init(daisy::SaiHandle::Config const&))
../DaisyExamples/libDaisy//build\libdaisy.a(system.o)
                              ../DaisyExamples/libDaisy//build\libdaisy.a(daisy_seed.o) (daisy::System::DeInit())
../DaisyExamples/libDaisy//build\libdaisy.a(system_stm32h7xx.o)
                              build/startup_stm32h750xx.o (SystemInit)
../DaisyExamples/libDaisy//build\libdaisy.a(usbd_cdc_if.o)
                              ../DaisyExamples/libDaisy//build\libdaisy.a(usb.o) (CDC_Transmit_FS)
../DaisyExamples/libDaisy//build\libdaisy.a(usbd_conf.o)
                              ../DaisyExamples/libDaisy//build\libdaisy.a(system.o) (hpcd_USB_OTG_HS)
../DaisyExamples/libDaisy//build\libdaisy.a(usbd_desc.o)
                              ../DaisyExamples/libDaisy//build\libdaisy.a(usb.o) (HS_Desc)
../DaisyExamples/libDaisy//build\libdaisy.a(usbh_conf.o)
                              ../DaisyExamples/libDaisy//build\libdaisy.a(system.o) (hhcd_USB_OTG_HS)
../DaisyExamples/libDaisy//build\libdaisy.a(hal_map.o)
                              ../DaisyExamples/libDaisy//build\libdaisy.a(gpio.o) (dsy_hal_map_get_port)
../DaisyExamples/libDaisy//build\libdaisy.a(stm32h7xx_hal.o)
                              ../DaisyExamples/libDaisy//build\libdaisy.a(system.o) (HAL_Init)
../DaisyExamples/libDaisy//build\libdaisy.a(stm32h7xx_hal_cortex.o)
                              ../DaisyExamples/libDaisy//build\libdaisy.a(stm32h7xx_hal.o) (HAL_NVIC_SetPriorityGrouping)
../DaisyExamples/libDaisy//build\libdaisy.a(stm32h7xx_hal_dma.o)
                              ../DaisyExamples/libDaisy//build\libdaisy.a(i2c.o) (HAL_DMA_Init)
../DaisyExamples/libDaisy//build\libdaisy.a(stm32h7xx_hal_gpio.o)
                              ../DaisyExamples/libDaisy//build\libdaisy.a(sdram.o) (HAL_GPIO_Init)
../DaisyExamples/libDaisy//build\libdaisy.a(stm32h7xx_hal_hcd.o)
                              ../DaisyExamples/libDaisy//build\libdaisy.a(usbh_conf.o) (HAL_HCD_HC_Init)
../DaisyExamples/libDaisy//build\libdaisy.a(stm32h7xx_hal_i2c.o)
                              ../DaisyExamples/libDaisy//build\libdaisy.a(i2c.o) (HAL_I2C_Init)
../DaisyExamples/libDaisy//build\libdaisy.a(stm32h7xx_hal_i2c_ex.o)
                              ../DaisyExamples/libDaisy//build\libdaisy.a(i2c.o) (HAL_I2CEx_ConfigAnalogFilter)
../DaisyExamples/libDaisy//build\libdaisy.a(stm32h7xx_hal_pcd.o)
                              ../DaisyExamples/libDaisy//build\libdaisy.a(usbd_conf.o) (HAL_PCD_Init)
../DaisyExamples/libDaisy//build\libdaisy.a(stm32h7xx_hal_pcd_ex.o)
                              ../DaisyExamples/libDaisy//build\libdaisy.a(usbd_conf.o) (HAL_PCDEx_SetTxFiFo)
../DaisyExamples/libDaisy//build\libdaisy.a(stm32h7xx_hal_pwr_ex.o)
[...]
Memory Configuration

Name             Origin             Length             Attributes
FLASH            0x08000000         0x00020000         xr
DTCMRAM          0x20000000         0x00020000         xrw
SRAM             0x24000000         0x00080000         xrw
RAM_D2           0x30000000         0x00048000         xrw
RAM_D3           0x38000000         0x00010000         xrw
ITCMRAM          0x00000000         0x00010000         xrw
SDRAM            0xc0000000         0x04000000         xrw
QSPIFLASH        0x90000000         0x00800000         xr
*default*        0x00000000         0xffffffff

Linker script and memory map

LOAD c:/users/matth/documents/daisytoolchain-0.3.3/daisytoolchain-0.3.3/windows/bin/../lib/gcc/arm-none-eabi/10.2.1/thumb/v7e-m+dp/hard/crti.o
LOAD c:/users/matth/documents/daisytoolchain-0.3.3/daisytoolchain-0.3.3/windows/bin/../lib/gcc/arm-none-eabi/10.2.1/thumb/v7e-m+dp/hard/crtbegin.o
LOAD c:/users/matth/documents/daisytoolchain-0.3.3/daisytoolchain-0.3.3/windows/bin/../lib/gcc/arm-none-eabi/10.2.1/../../../../arm-none-eabi/lib/thumb/v7e-m+dp/hard/crt0.o
LOAD build/startup_stm32h750xx.o
LOAD build/test1.o
LOAD ../DaisyExamples/libDaisy//build\libdaisy.a
LOAD c:/users/matth/documents/daisytoolchain-0.3.3/daisytoolchain-0.3.3/windows/bin/../lib/gcc/arm-none-eabi/10.2.1/../../../../arm-none-eabi/lib/thumb/v7e-m+dp/hard\libnosys.a
LOAD ../DaisyExamples/DaisySP//build\libdaisysp.a
LOAD c:/users/matth/documents/daisytoolchain-0.3.3/daisytoolchain-0.3.3/windows/bin/../lib/gcc/arm-none-eabi/10.2.1/../../../../arm-none-eabi/lib/thumb/v7e-m+dp/hard\libstdc++_nano.a
LOAD c:/users/matth/documents/daisytoolchain-0.3.3/daisytoolchain-0.3.3/windows/bin/../lib/gcc/arm-none-eabi/10.2.1/../../../../arm-none-eabi/lib/thumb/v7e-m+dp/hard\libm.a
LOAD c:/users/matth/documents/daisytoolchain-0.3.3/daisytoolchain-0.3.3/windows/bin/../lib/gcc/arm-none-eabi/10.2.1/../../../../arm-none-eabi/lib/thumb/v7e-m+dp/hard\libc_nano.a
START GROUP
LOAD c:/users/matth/documents/daisytoolchain-0.3.3/daisytoolchain-0.3.3/windows/bin/../lib/gcc/arm-none-eabi/10.2.1/thumb/v7e-m+dp/hard\libgcc.a
LOAD c:/users/matth/documents/daisytoolchain-0.3.3/daisytoolchain-0.3.3/windows/bin/../lib/gcc/arm-none-eabi/10.2.1/../../../../arm-none-eabi/lib/thumb/v7e-m+dp/hard\libc_nano.a
END GROUP
START GROUP
LOAD c:/users/matth/documents/daisytoolchain-0.3.3/daisytoolchain-0.3.3/windows/bin/../lib/gcc/arm-none-eabi/10.2.1/thumb/v7e-m+dp/hard\libgcc.a
LOAD c:/users/matth/documents/daisytoolchain-0.3.3/daisytoolchain-0.3.3/windows/bin/../lib/gcc/arm-none-eabi/10.2.1/../../../../arm-none-eabi/lib/thumb/v7e-m+dp/hard\libc_nano.a
LOAD c:/users/matth/documents/daisytoolchain-0.3.3/daisytoolchain-0.3.3/windows/bin/../lib/gcc/arm-none-eabi/10.2.1/../../../../arm-none-eabi/lib/thumb/v7e-m+dp/hard\libnosys.a
END GROUP
START GROUP
LOAD c:/users/matth/documents/daisytoolchain-0.3.3/daisytoolchain-0.3.3/windows/bin/../lib/gcc/arm-none-eabi/10.2.1/thumb/v7e-m+dp/hard\libgcc.a
LOAD c:/users/matth/documents/daisytoolchain-0.3.3/daisytoolchain-0.3.3/windows/bin/../lib/gcc/arm-none-eabi/10.2.1/../../../../arm-none-eabi/lib/thumb/v7e-m+dp/hard\libc_nano.a
LOAD c:/users/matth/documents/daisytoolchain-0.3.3/daisytoolchain-0.3.3/windows/bin/../lib/gcc/arm-none-eabi/10.2.1/../../../../arm-none-eabi/lib/thumb/v7e-m+dp/hard\libnosys.a
END GROUP
LOAD c:/users/matth/documents/daisytoolchain-0.3.3/daisytoolchain-0.3.3/windows/bin/../lib/gcc/arm-none-eabi/10.2.1/thumb/v7e-m+dp/hard/crtend.o
LOAD c:/users/matth/documents/daisytoolchain-0.3.3/daisytoolchain-0.3.3/windows/bin/../lib/gcc/arm-none-eabi/10.2.1/thumb/v7e-m+dp/hard/crtn.o
                0x20020000                _estack = 0x20020000

.isr_vector     0x08000000      0x298
                0x08000000                . = ALIGN (0x4)
 *(.isr_vector)
 .isr_vector    0x08000000      0x298 build/startup_stm32h750xx.o
                0x08000000                g_pfnVectors
                0x08000298                . = ALIGN (0x4)

.text           0x080002a0    0x121c8
                0x080002a0                . = ALIGN (0x4)
                0x080002a0                _stext = .
 *(.text)
 .text          0x080002a0       0x40 c:/users/matth/documents/daisytoolchain-0.3.3/daisytoolchain-0.3.3/windows/bin/../lib/gcc/arm-none-eabi/10.2.1/thumb/v7e-m+dp/hard/crtbegin.o
 .text          0x080002e0       0xa0 c:/users/matth/documents/daisytoolchain-0.3.3/daisytoolchain-0.3.3/windows/bin/../lib/gcc/arm-none-eabi/10.2.1/../../../../arm-none-eabi/lib/thumb/v7e-m+dp/hard\libc_nano.a(lib_a-memchr.o)
                0x080002e0                memchr
 .text          0x08000380       0x30 c:/users/matth/documents/daisytoolchain-0.3.3/daisytoolchain-0.3.3/windows/bin/../lib/gcc/arm-none-eabi/10.2.1/thumb/v7e-m+dp/hard\libgcc.a(_aeabi_uldivmod.o)
                0x08000380                __aeabi_uldivmod
 .text          0x080003b0      0x2d0 c:/users/matth/documents/daisytoolchain-0.3.3/daisytoolchain-0.3.3/windows/bin/../lib/gcc/arm-none-eabi/10.2.1/thumb/v7e-m+dp/hard\libgcc.a(_udivmoddi4.o)
                0x080003b0                __udivmoddi4
 .text          0x08000680        0x4 c:/users/matth/documents/daisytoolchain-0.3.3/daisytoolchain-0.3.3/windows/bin/../lib/gcc/arm-none-eabi/10.2.1/thumb/v7e-m+dp/hard\libgcc.a(_dvmd_tls.o)
                0x08000680                __aeabi_idiv0
                0x08000680                __aeabi_ldiv0
 *(.text*)
 .text.Default_Handler
                0x08000684        0x4 build/startup_stm32h750xx.o
                0x08000684                RTC_Alarm_IRQHandler
                0x08000684                HASH_RNG_IRQHandler
                0x08000684                EXTI2_IRQHandler
                0x08000684                TIM8_CC_IRQHandler
                0x08000684                HRTIM1_Master_IRQHandler
                0x08000684                DebugMon_Handler
                0x08000684                TIM1_CC_IRQHandler
                0x08000684                BDMA_Channel6_IRQHandler
                0x08000684                DMA2_Stream5_IRQHandler
                0x08000684                HRTIM1_FLT_IRQHandler
                0x08000684                JPEG_IRQHandler
                0x08000684                BDMA_Channel1_IRQHandler
                0x08000684                HRTIM1_TIMD_IRQHandler
                0x08000684                TAMP_STAMP_IRQHandler
                0x08000684                PendSV_Handler
                0x08000684                NMI_Handler
                0x08000684                EXTI3_IRQHandler
                0x08000684                LPTIM4_IRQHandler
                0x08000684                TIM8_TRG_COM_TIM14_IRQHandler
                0x08000684                LPTIM2_IRQHandler
                0x08000684                DFSDM1_FLT1_IRQHandler
                0x08000684                DMAMUX2_OVR_IRQHandler
                0x08000684                TIM8_UP_TIM13_IRQHandler
                0x08000684                I2C3_ER_IRQHandler
                0x08000684                DFSDM1_FLT2_IRQHandler
                0x08000684                MDMA_IRQHandler
                0x08000684                LPTIM3_IRQHandler
                0x08000684                HSEM1_IRQHandler
                0x08000684                EXTI0_IRQHandler
                0x08000684                DMA1_Stream2_IRQHandler
                0x08000684                FPU_IRQHandler
                0x08000684                OTG_HS_WKUP_IRQHandler
                0x08000684                FDCAN1_IT1_IRQHandler
                0x08000684                UsageFault_Handler
                0x08000684                LTDC_ER_IRQHandler
                0x08000684                HRTIM1_TIME_IRQHandler
                0x08000684                TIM6_DAC_IRQHandler
                0x08000684                DCMI_IRQHandler
                0x08000684                HRTIM1_TIMC_IRQHandler
                0x08000684                SAI2_IRQHandler
                0x08000684                DFSDM1_FLT3_IRQHandler
                0x08000684                TIM17_IRQHandler
                0x08000684                CRYP_IRQHandler
                0x08000684                BDMA_Channel7_IRQHandler
                0x08000684                LPTIM5_IRQHandler
                0x08000684                ADC3_IRQHandler
                0x08000684                DMA2_Stream0_IRQHandler
                0x08000684                BDMA_Channel2_IRQHandler
                0x08000684                DMAMUX1_OVR_IRQHandler
                0x08000684                TIM16_IRQHandler
                0x08000684                BDMA_Channel5_IRQHandler
                0x08000684                RCC_IRQHandler
                0x08000684                TIM8_BRK_TIM12_IRQHandler
                0x08000684                TIM1_TRG_COM_IRQHandler
                0x08000684                Default_Handler
                0x08000684                ECC_IRQHandler
                0x08000684                CEC_IRQHandler
                0x08000684                EXTI15_10_IRQHandler
                0x08000684                BDMA_Channel0_IRQHandler
                0x08000684                ADC_IRQHandler
                0x08000684                DMA1_Stream7_IRQHandler
                0x08000684                HRTIM1_TIMA_IRQHandler
                0x08000684                TIM7_IRQHandler
                0x08000684                SDMMC1_IRQHandler
                0x08000684                DMA2_Stream7_IRQHandler
                0x08000684                TIM15_IRQHandler
                0x08000684                PVD_AVD_IRQHandler
                0x08000684                EXTI9_5_IRQHandler
                0x08000684                RTC_WKUP_IRQHandler
                0x08000684                LTDC_IRQHandler
                0x08000684                SAI3_IRQHandler
                0x08000684                ETH_WKUP_IRQHandler
                0x08000684                SPDIF_RX_IRQHandler
                0x08000684                MemManage_Handler
                0x08000684                SVC_Handler
                0x08000684                CRS_IRQHandler
                0x08000684                EXTI4_IRQHandler
                0x08000684                HRTIM1_TIMB_IRQHandler
                0x08000684                FDCAN2_IT1_IRQHandler
                0x08000684                ETH_IRQHandler
                0x08000684                TIM1_UP_IRQHandler
                0x08000684                BDMA_Channel4_IRQHandler
                0x08000684                WWDG_IRQHandler
                0x08000684                SPI6_IRQHandler
                0x08000684                I2C4_EV_IRQHandler
                0x08000684                MDIOS_IRQHandler
                0x08000684                FDCAN2_IT0_IRQHandler
                0x08000684                FDCAN1_IT0_IRQHandler
                0x08000684                OTG_FS_WKUP_IRQHandler
                0x08000684                DMA2D_IRQHandler
                0x08000684                TIM1_BRK_IRQHandler
                0x08000684                EXTI1_IRQHandler
                0x08000684                SDMMC2_IRQHandler
                0x08000684                BDMA_Channel3_IRQHandler
                0x08000684                MDIOS_WKUP_IRQHandler
                0x08000684                DFSDM1_FLT0_IRQHandler
                0x08000684                SAI4_IRQHandler
                0x08000684                I2C2_ER_IRQHandler
                0x08000684                DMA2_Stream1_IRQHandler
                0x08000684                FLASH_IRQHandler
                0x08000684                BusFault_Handler
                0x08000684                WAKEUP_PIN_IRQHandler
                0x08000684                I2C1_ER_IRQHandler
                0x08000684                FMC_IRQHandler
                0x08000684                FDCAN_CAL_IRQHandler
                0x08000684                SWPMI1_IRQHandler
                0x08000684                COMP1_IRQHandler
                0x08000684                LPTIM1_IRQHandler
                0x08000684                I2C4_ER_IRQHandler
                0x08000684                DMA2_Stream6_IRQHandler
                0x08000684                SAI1_IRQHandler
 .text.Reset_Handler
                0x08000688       0x44 build/startup_stm32h750xx.o
                0x08000688                Reset_Handler
 .text._ZN5daisy9DaisySeedD2Ev
                0x080006cc        0x4 build/test1.o
                0x080006cc                daisy::DaisySeed::~DaisySeed()
                0x080006cc                daisy::DaisySeed::~DaisySeed()
 .text._Z13AudioCallbackPKPKfPPfj
                0x080006d0       0x2c build/test1.o
                0x080006d0                AudioCallback(float const* const*, float**, unsigned int)
 .text.startup.main
                0x080006fc      0x1ec build/test1.o
                0x080006fc                main
 .text.startup._GLOBAL__sub_I_hw
                0x080008e8       0x20 build/test1.o
 .text._ZN5daisy9DaisySeed7DelayMsEj
                0x08000908        0x8 ../DaisyExamples/libDaisy//build\libdaisy.a(daisy_seed.o)
                0x08000908                daisy::DaisySeed::DelayMs(unsigned int)
 .text._ZN5daisy9DaisySeed10StartAudioEPFvPKPKfPPfjE
                0x08000910        0x8 ../DaisyExamples/libDaisy//build\libdaisy.a(daisy_seed.o)
                0x08000910                daisy::DaisySeed::StartAudio(void (*)(float const* const*, float**, unsigned int))
 .text._ZN5daisy9DaisySeed18SetAudioSampleRateENS_9SaiHandle6Config10SampleRateE
                0x08000918       0x38 ../DaisyExamples/libDaisy//build\libdaisy.a(daisy_seed.o)
                0x08000918                daisy::DaisySeed::SetAudioSampleRate(daisy::SaiHandle::Config::SampleRate)
 .text._ZN5daisy9DaisySeed17SetAudioBlockSizeEj
                0x08000950       0x38 ../DaisyExamples/libDaisy//build\libdaisy.a(daisy_seed.o)
                0x08000950                daisy::DaisySeed::SetAudioBlockSize(unsigned int)
 .text._ZN5daisy9DaisySeed6SetLedEb
                0x08000988        0x8 ../DaisyExamples/libDaisy//build\libdaisy.a(daisy_seed.o)
                0x08000988                daisy::DaisySeed::SetLed(bool)
 .text._ZN5daisy9DaisySeed14ConfigureAudioEv
                0x08000990       0xd0 ../DaisyExamples/libDaisy//build\libdaisy.a(daisy_seed.o)
                0x08000990                daisy::DaisySeed::ConfigureAudio()
 .text._ZN5daisy9DaisySeed4InitEb
                0x08000a60       0xf0 ../DaisyExamples/libDaisy//build\libdaisy.a(daisy_seed.o)
                0x08000a60                daisy::DaisySeed::Init(bool)
 .text._ZN5daisy6Ak45564InitE12dsy_gpio_pin
                0x08000b50       0x44 ../DaisyExamples/libDaisy//build\libdaisy.a(codec_ak4556.o)
                0x08000b50                daisy::Ak4556::Init(dsy_gpio_pin)
 .text._ZN5daisy6Wm873120WriteControlRegisterEht
                0x08000b94       0x3c ../DaisyExamples/libDaisy//build\libdaisy.a(codec_wm8731.o)
                0x08000b94                daisy::Wm8731::WriteControlRegister(unsigned char, unsigned short)
 .text._ZN5daisy6Wm87314InitERKNS0_6ConfigENS_9I2CHandleE
                0x08000bd0      0x1bc ../DaisyExamples/libDaisy//build\libdaisy.a(codec_wm8731.o)
                0x08000bd0                daisy::Wm8731::Init(daisy::Wm8731::Config const&, daisy::I2CHandle)
 .text._ZN11SdramHandle10DeviceInitEv
                0x08000d8c       0x98 ../DaisyExamples/libDaisy//build\libdaisy.a(sdram.o)
                0x08000d8c                SdramHandle::DeviceInit()
 .text._ZN11SdramHandle4InitEv
                0x08000e24       0x7c ../DaisyExamples/libDaisy//build\libdaisy.a(sdram.o)
                0x08000e24                SdramHandle::Init()
 .text.HAL_SDRAM_MspInit
                0x08000ea0      0x1a8 ../DaisyExamples/libDaisy//build\libdaisy.a(sdram.o)
                0x08000ea0                HAL_SDRAM_MspInit
 .text._ZN16ShiftRegister5954InitEP12dsy_gpio_pinj
                0x08001048       0x44 ../DaisyExamples/libDaisy//build\libdaisy.a(sr_595.o)
                0x08001048                ShiftRegister595::Init(dsy_gpio_pin*, unsigned int)
 .text._ZN16ShiftRegister5953SetEhb
                0x0800108c       0x28 ../DaisyExamples/libDaisy//build\libdaisy.a(sr_595.o)
                0x0800108c                ShiftRegister595::Set(unsigned char, bool)
 .text._ZN16ShiftRegister5955WriteEv
                0x080010b4       0x68 ../DaisyExamples/libDaisy//build\libdaisy.a(sr_595.o)
                0x080010b4                ShiftRegister595::Write()
 .text._ZN5daisy11AudioHandle4Impl16InternalCallbackEPlS2_j
                0x0800111c      0xbbc ../DaisyExamples/libDaisy//build\libdaisy.a(audio.o)
                0x0800111c                daisy::AudioHandle::Impl::InternalCallback(long*, long*, unsigned int)
 .text._ZN5daisy11AudioHandle4InitERKNS0_6ConfigENS_9SaiHandleE
                0x08001cd8       0x70 ../DaisyExamples/libDaisy//build\libdaisy.a(audio.o)
                0x08001cd8                daisy::AudioHandle::Init(daisy::AudioHandle::Config const&, daisy::SaiHandle)
 .text._ZNK5daisy11AudioHandle9GetConfigEv
                0x08001d48        0x8 ../DaisyExamples/libDaisy//build\libdaisy.a(audio.o)
                0x08001d48                daisy::AudioHandle::GetConfig() const
 .text._ZN5daisy11AudioHandle12SetBlockSizeEj
                0x08001d50       0x1c ../DaisyExamples/libDaisy//build\libdaisy.a(audio.o)
                0x08001d50                daisy::AudioHandle::SetBlockSize(unsigned int)
 .text._ZN5daisy11AudioHandle13GetSampleRateEv
                0x08001d6c        0x8 ../DaisyExamples/libDaisy//build\libdaisy.a(audio.o)
                0x08001d6c                daisy::AudioHandle::GetSampleRate()
 .text._ZN5daisy11AudioHandle13SetSampleRateENS_9SaiHandle6Config10SampleRateE
                0x08001d74       0x88 ../DaisyExamples/libDaisy//build\libdaisy.a(audio.o)
                0x08001d74                daisy::AudioHandle::SetSampleRate(daisy::SaiHandle::Config::SampleRate)
 .text._ZN5daisy11AudioHandle5StartEPFvPKPKfPPfjE
                0x08001dfc       0x44 ../DaisyExamples/libDaisy//build\libdaisy.a(audio.o)
                0x08001dfc                daisy::AudioHandle::Start(void (*)(float const* const*, float**, unsigned int))
 .text.startup._GLOBAL__sub_I__ZN5daisy11AudioHandle4Impl4InitENS0_6ConfigENS_9SaiHandleE
                0x08001e40       0x24 ../DaisyExamples/libDaisy//build\libdaisy.a(audio.o)
 .text._ZN5daisy9UsbHandleD2Ev
                0x08001e64        0x4 ../DaisyExamples/libDaisy//build\libdaisy.a(logger.o)
                0x08001e64                daisy::UsbHandle::~UsbHandle()
                0x08001e64                daisy::UsbHandle::~UsbHandle()
 .text._ZN5daisy6LoggerILNS_17LoggerDestinationE1EE11TransmitBufEv
                0x08001e68       0x60 ../DaisyExamples/libDaisy//build\libdaisy.a(logger.o)
                0x08001e68                daisy::Logger<(daisy::LoggerDestination)1>::TransmitBuf()
 .text._ZN5daisy6LoggerILNS_17LoggerDestinationE1EE6PrintVEPKcSt9__va_list
                0x08001ec8       0x2c ../DaisyExamples/libDaisy//build\libdaisy.a(logger.o)
                0x08001ec8                daisy::Logger<(daisy::LoggerDestination)1>::PrintV(char const*, std::__va_list)
 .text._ZN5daisy6LoggerILNS_17LoggerDestinationE1EE5PrintEPKcz
                0x08001ef4       0x1c ../DaisyExamples/libDaisy//build\libdaisy.a(logger.o)
                0x08001ef4                daisy::Logger<(daisy::LoggerDestination)1>::Print(char const*, ...)
 .text._ZN5daisy6LoggerILNS_17LoggerDestinationE1EE13AppendNewLineEv
                0x08001f10       0x60 ../DaisyExamples/libDaisy//build\libdaisy.a(logger.o)
                0x08001f10                daisy::Logger<(daisy::LoggerDestination)1>::AppendNewLine()
 .text._ZN5daisy6LoggerILNS_17LoggerDestinationE1EE10PrintLineVEPKcSt9__va_list
                0x08001f70       0x30 ../DaisyExamples/libDaisy//build\libdaisy.a(logger.o)
                0x08001f70                daisy::Logger<(daisy::LoggerDestination)1>::PrintLineV(char const*, std::__va_list)
 .text._ZN5daisy6LoggerILNS_17LoggerDestinationE1EE9PrintLineEPKcz
                0x08001fa0       0x1c ../DaisyExamples/libDaisy//build\libdaisy.a(logger.o)
                0x08001fa0                daisy::Logger<(daisy::LoggerDestination)1>::PrintLine(char const*, ...)
 .text._ZN5daisy6LoggerILNS_17LoggerDestinationE1EE8StartLogEb
                0x08001fbc       0x40 ../DaisyExamples/libDaisy//build\libdaisy.a(logger.o)
                0x08001fbc                daisy::Logger<(daisy::LoggerDestination)1>::StartLog(bool)
 .text.startup._GLOBAL__sub_I__ZN5daisy10LoggerImplILNS_17LoggerDestinationE1EE11usb_handle_E
                0x08001ffc       0x2c ../DaisyExamples/libDaisy//build\libdaisy.a(logger.o)
 .text.DummyRxCallback
                0x08002028        0x4 ../DaisyExamples/libDaisy//build\libdaisy.a(usb.o)
                0x08002028                DummyRxCallback
 .text._ZN5daisy9UsbHandle4InitENS0_9UsbPeriphE
                0x0800202c      0x10c ../DaisyExamples/libDaisy//build\libdaisy.a(usb.o)
                0x0800202c                daisy::UsbHandle::Init(daisy::UsbHandle::UsbPeriph)
 .text._ZN5daisy9UsbHandle16TransmitInternalEPhj
                0x08002138       0x14 ../DaisyExamples/libDaisy//build\libdaisy.a(usb.o)
                0x08002138                daisy::UsbHandle::TransmitInternal(unsigned char*, unsigned int)
 .text.OTG_FS_EP1_OUT_IRQHandler
                0x0800214c        0xc ../DaisyExamples/libDaisy//build\libdaisy.a(usb.o)
                0x0800214c                OTG_FS_EP1_OUT_IRQHandler
 .text.OTG_FS_EP1_IN_IRQHandler
                0x08002158        0xc ../DaisyExamples/libDaisy//build\libdaisy.a(usb.o)
                0x08002158                OTG_FS_EP1_IN_IRQHandler
 .text.OTG_FS_IRQHandler
                0x08002164        0xc ../DaisyExamples/libDaisy//build\libdaisy.a(usb.o)
                0x08002164                OTG_FS_IRQHandler
 .text._ZN5daisy4GPIO4InitENS_3PinENS0_4ModeENS0_4PullENS0_5SpeedE
                0x08002170      0x1cc ../DaisyExamples/libDaisy//build\libdaisy.a(gpio.o)
                0x08002170                daisy::GPIO::Init(daisy::Pin, daisy::GPIO::Mode, daisy::GPIO::Pull, daisy::GPIO::Speed)
 .text._ZN5daisy4GPIO5WriteEb
                0x0800233c       0x14 ../DaisyExamples/libDaisy//build\libdaisy.a(gpio.o)
                0x0800233c                daisy::GPIO::Write(bool)
 .text.dsy_gpio_init
                0x08002350      0x1b8 ../DaisyExamples/libDaisy//build\libdaisy.a(gpio.o)
                0x08002350                dsy_gpio_init
 .text.dsy_gpio_read
                0x08002508       0x1c ../DaisyExamples/libDaisy//build\libdaisy.a(gpio.o)
                0x08002508                dsy_gpio_read
 .text.dsy_gpio_write
                0x08002524       0x24 ../DaisyExamples/libDaisy//build\libdaisy.a(gpio.o)
                0x08002524                dsy_gpio_write
 .text._ZN5daisy9I2CHandle4Impl8InitPinsEv
                0x08002548       0x58 ../DaisyExamples/libDaisy//build\libdaisy.a(i2c.o)
                0x08002548                daisy::I2CHandle::Impl::InitPins()
 .text.HAL_I2C_MspInit
                0x080025a0      0x1b4 ../DaisyExamples/libDaisy//build\libdaisy.a(i2c.o)
                0x080025a0                HAL_I2C_MspInit
 .text.dsy_i2c_global_init
                0x08002754       0x78 ../DaisyExamples/libDaisy//build\libdaisy.a(i2c.o)
                0x08002754                dsy_i2c_global_init
 .text.DMA1_Stream6_IRQHandler
                0x080027cc       0x34 ../DaisyExamples/libDaisy//build\libdaisy.a(i2c.o)
                0x080027cc                DMA1_Stream6_IRQHandler
 .text.I2C1_EV_IRQHandler
                0x08002800        0xc ../DaisyExamples/libDaisy//build\libdaisy.a(i2c.o)
                0x08002800                I2C1_EV_IRQHandler
 .text.I2C2_EV_IRQHandler
                0x0800280c        0xc ../DaisyExamples/libDaisy//build\libdaisy.a(i2c.o)
                0x0800280c                I2C2_EV_IRQHandler
 .text.I2C3_EV_IRQHandler
                0x08002818        0xc ../DaisyExamples/libDaisy//build\libdaisy.a(i2c.o)
                0x08002818                I2C3_EV_IRQHandler
 .text._ZN5daisy9I2CHandle4InitERKNS0_6ConfigE
                0x08002824      0x12c ../DaisyExamples/libDaisy//build\libdaisy.a(i2c.o)
                0x08002824                daisy::I2CHandle::Init(daisy::I2CHandle::Config const&)
 .text._ZN5daisy9I2CHandle16TransmitBlockingEtPhtm
                0x08002950       0x50 ../DaisyExamples/libDaisy//build\libdaisy.a(i2c.o)
                0x08002950                daisy::I2CHandle::TransmitBlocking(unsigned short, unsigned char*, unsigned short, unsigned long)
 .text.startup._GLOBAL__sub_I__ZN5daisy9I2CHandle4Impl10GlobalInitEv
                0x080029a0       0x18 ../DaisyExamples/libDaisy//build\libdaisy.a(i2c.o)
 .text._ZN5daisy10QSPIHandle4Impl11WriteEnableEv
                0x080029b8       0x8c ../DaisyExamples/libDaisy//build\libdaisy.a(qspi.o)
                0x080029b8                daisy::QSPIHandle::Impl::WriteEnable()
 *fill*         0x08002a44        0x4 
 .text._ZN5daisy10QSPIHandle4Impl17DummyCyclesConfigENS0_6Config6DeviceE
                0x08002a48      0x118 ../DaisyExamples/libDaisy//build\libdaisy.a(qspi.o)
                0x08002a48                daisy::QSPIHandle::Impl::DummyCyclesConfig(daisy::QSPIHandle::Config::Device)
 .text._ZN5daisy10QSPIHandle4Impl10QuadEnableEv
                0x08002b60      0x158 ../DaisyExamples/libDaisy//build\libdaisy.a(qspi.o)
                0x08002b60                daisy::QSPIHandle::Impl::QuadEnable()
 .text._ZN5daisy10QSPIHandle4InitERKNS0_6ConfigE
                0x08002cb8      0x198 ../DaisyExamples/libDaisy//build\libdaisy.a(qspi.o)
                0x08002cb8                daisy::QSPIHandle::Init(daisy::QSPIHandle::Config const&)
 .text.HAL_QSPI_MspInit
                0x08002e50      0x11c ../DaisyExamples/libDaisy//build\libdaisy.a(qspi.o)
                0x08002e50                HAL_QSPI_MspInit
 .text.HAL_QSPI_MspDeInit
                0x08002f6c       0x54 ../DaisyExamples/libDaisy//build\libdaisy.a(qspi.o)
                0x08002f6c                HAL_QSPI_MspDeInit
 .text.QUADSPI_IRQHandler
                0x08002fc0        0xc ../DaisyExamples/libDaisy//build\libdaisy.a(qspi.o)
                0x08002fc0                QUADSPI_IRQHandler
 .text.startup._GLOBAL__sub_I__ZN5daisy10QSPIHandle4Impl4InitERKNS0_6ConfigE
                0x08002fcc       0x28 ../DaisyExamples/libDaisy//build\libdaisy.a(qspi.o)
 .text._ZN5daisy9SaiHandle4Impl7InitDmaENS1_15PeripheralBlockE
                0x08002ff4       0xa0 ../DaisyExamples/libDaisy//build\libdaisy.a(sai.o)
                0x08002ff4                daisy::SaiHandle::Impl::InitDma(daisy::SaiHandle::Impl::PeripheralBlock)
 .text._ZN5daisy9SaiHandle4Impl8InitPinsEv
                0x08003094       0xa8 ../DaisyExamples/libDaisy//build\libdaisy.a(sai.o)
                0x08003094                daisy::SaiHandle::Impl::InitPins()
 .text.HAL_SAI_MspInit
                0x0800313c      0x164 ../DaisyExamples/libDaisy//build\libdaisy.a(sai.o)
                0x0800313c                HAL_SAI_MspInit
 .text.DMA1_Stream0_IRQHandler
                0x080032a0        0xc ../DaisyExamples/libDaisy//build\libdaisy.a(sai.o)
                0x080032a0                DMA1_Stream0_IRQHandler
 .text.DMA1_Stream1_IRQHandler
                0x080032ac        0xc ../DaisyExamples/libDaisy//build\libdaisy.a(sai.o)
                0x080032ac                DMA1_Stream1_IRQHandler
 .text.DMA1_Stream3_IRQHandler
                0x080032b8        0xc ../DaisyExamples/libDaisy//build\libdaisy.a(sai.o)
                0x080032b8                DMA1_Stream3_IRQHandler
 .text.DMA1_Stream4_IRQHandler
                0x080032c4        0xc ../DaisyExamples/libDaisy//build\libdaisy.a(sai.o)
                0x080032c4                DMA1_Stream4_IRQHandler
 .text.HAL_SAI_RxHalfCpltCallback
                0x080032d0       0x78 ../DaisyExamples/libDaisy//build\libdaisy.a(sai.o)
                0x080032d0                HAL_SAI_RxHalfCpltCallback
 .text.HAL_SAI_RxCpltCallback
                0x08003348       0x70 ../DaisyExamples/libDaisy//build\libdaisy.a(sai.o)
                0x08003348                HAL_SAI_RxCpltCallback
 .text._ZN5daisy9SaiHandle4InitERKNS0_6ConfigE
                0x080033b8      0x1f0 ../DaisyExamples/libDaisy//build\libdaisy.a(sai.o)
                0x080033b8                daisy::SaiHandle::Init(daisy::SaiHandle::Config const&)
 .text._ZNK5daisy9SaiHandle9GetConfigEv
                0x080035a8        0x4 ../DaisyExamples/libDaisy//build\libdaisy.a(sai.o)
                0x080035a8                daisy::SaiHandle::GetConfig() const
 .text._ZN5daisy9SaiHandle8StartDmaEPlS1_jPFvS1_S1_jE
                0x080035ac       0xbc ../DaisyExamples/libDaisy//build\libdaisy.a(sai.o)
                0x080035ac                daisy::SaiHandle::StartDma(long*, long*, unsigned int, void (*)(long*, long*, unsigned int))
 .text._ZN5daisy9SaiHandle13GetSampleRateEv
                0x08003668       0x24 ../DaisyExamples/libDaisy//build\libdaisy.a(sai.o)
                0x08003668                daisy::SaiHandle::GetSampleRate()
 .text._ZNK5daisy9SaiHandle9GetOffsetEv
                0x0800368c        0x8 ../DaisyExamples/libDaisy//build\libdaisy.a(sai.o)
                0x0800368c                daisy::SaiHandle::GetOffset() const
 .text._ZN5daisy11TimerHandleD2Ev
                0x08003694        0x4 ../DaisyExamples/libDaisy//build\libdaisy.a(system.o)
                0x08003694                daisy::TimerHandle::~TimerHandle()
                0x08003694                daisy::TimerHandle::~TimerHandle()
 .text.SysTick_Handler
                0x08003698       0x10 ../DaisyExamples/libDaisy//build\libdaisy.a(system.o)
                0x08003698                SysTick_Handler
 .text.OTG_HS_EP1_OUT_IRQHandler
                0x080036a8       0x24 ../DaisyExamples/libDaisy//build\libdaisy.a(system.o)
                0x080036a8                OTG_HS_EP1_OUT_IRQHandler
 .text.OTG_HS_EP1_IN_IRQHandler
                0x080036cc       0x24 ../DaisyExamples/libDaisy//build\libdaisy.a(system.o)
                0x080036cc                OTG_HS_EP1_IN_IRQHandler
 .text.OTG_HS_IRQHandler
                0x080036f0       0x24 ../DaisyExamples/libDaisy//build\libdaisy.a(system.o)
                0x080036f0                OTG_HS_IRQHandler
 .text.HardFault_Handler
                0x08003714       0xe0 ../DaisyExamples/libDaisy//build\libdaisy.a(system.o)
                0x08003714                HardFault_Handler
 .text._ZN5daisy6System5DelayEm
                0x080037f4        0x4 ../DaisyExamples/libDaisy//build\libdaisy.a(system.o)
                0x080037f4                daisy::System::Delay(unsigned long)
 .text._ZN5daisy6System10DelayTicksEm
                0x080037f8        0xc ../DaisyExamples/libDaisy//build\libdaisy.a(system.o)
                0x080037f8                daisy::System::DelayTicks(unsigned long)
 .text._ZN5daisy6System15ConfigureClocksEv
                0x08003804      0x194 ../DaisyExamples/libDaisy//build\libdaisy.a(system.o)
                0x08003804                daisy::System::ConfigureClocks()
 .text._ZN5daisy6System4InitERKNS0_6ConfigE
                0x08003998      0x140 ../DaisyExamples/libDaisy//build\libdaisy.a(system.o)
                0x08003998                daisy::System::Init(daisy::System::Config const&)
 .text._ZN5daisy6System12GetPClk1FreqEv
                0x08003ad8        0x4 ../DaisyExamples/libDaisy//build\libdaisy.a(system.o)
                0x08003ad8                daisy::System::GetPClk1Freq()
 .text._ZN5daisy6System22GetProgramMemoryRegionEv
                0x08003adc       0x78 ../DaisyExamples/libDaisy//build\libdaisy.a(system.o)
                0x08003adc                daisy::System::GetProgramMemoryRegion()
 .text.startup._GLOBAL__sub_I_SysTick_Handler
                0x08003b54       0x1c ../DaisyExamples/libDaisy//build\libdaisy.a(system.o)
 .text.SystemInit
                0x08003b70       0x9c ../DaisyExamples/libDaisy//build\libdaisy.a(system_stm32h7xx.o)
                0x08003b70                SystemInit
 .text.dummy_rx_callback
                0x08003c0c        0x4 ../DaisyExamples/libDaisy//build\libdaisy.a(usbd_cdc_if.o)
                0x08003c0c                dummy_rx_callback
 .text.CDC_DeInit_FS
                0x08003c10        0x4 ../DaisyExamples/libDaisy//build\libdaisy.a(usbd_cdc_if.o)
 .text.CDC_Receive_FS
                0x08003c14       0x2c ../DaisyExamples/libDaisy//build\libdaisy.a(usbd_cdc_if.o)
 .text.CDC_Receive_HS
                0x08003c40       0x2c ../DaisyExamples/libDaisy//build\libdaisy.a(usbd_cdc_if.o)
 .text.CDC_Init_FS
                0x08003c6c       0x3c ../DaisyExamples/libDaisy//build\libdaisy.a(usbd_cdc_if.o)
 .text.CDC_Init_HS
                0x08003ca8       0x3c ../DaisyExamples/libDaisy//build\libdaisy.a(usbd_cdc_if.o)
 .text.CDC_Control_FS
                0x08003ce4       0x34 ../DaisyExamples/libDaisy//build\libdaisy.a(usbd_cdc_if.o)
 .text.CDC_Control_HS
                0x08003d18       0x34 ../DaisyExamples/libDaisy//build\libdaisy.a(usbd_cdc_if.o)
 .text.CDC_DeInit_HS
                0x08003d4c        0x4 ../DaisyExamples/libDaisy//build\libdaisy.a(usbd_cdc_if.o)
 .text.CDC_Transmit_FS
                0x08003d50       0x2c ../DaisyExamples/libDaisy//build\libdaisy.a(usbd_cdc_if.o)
                0x08003d50                CDC_Transmit_FS
 .text.HAL_PCD_MspInit
                0x08003d7c      0x144 ../DaisyExamples/libDaisy//build\libdaisy.a(usbd_conf.o)
                0x08003d7c                HAL_PCD_MspInit
 .text.HAL_PCD_SetupStageCallback
                0x08003ec0        0xc ../DaisyExamples/libDaisy//build\libdaisy.a(usbd_conf.o)
                0x08003ec0                HAL_PCD_SetupStageCallback
 .text.HAL_PCD_DataOutStageCallback
                0x08003ecc       0x14 ../DaisyExamples/libDaisy//build\libdaisy.a(usbd_conf.o)
                0x08003ecc                HAL_PCD_DataOutStageCallback
 .text.HAL_PCD_DataInStageCallback
                0x08003ee0       0x14 ../DaisyExamples/libDaisy//build\libdaisy.a(usbd_conf.o)
                0x08003ee0                HAL_PCD_DataInStageCallback
 .text.HAL_PCD_SOFCallback
                0x08003ef4        0x8 ../DaisyExamples/libDaisy//build\libdaisy.a(usbd_conf.o)
                0x08003ef4                HAL_PCD_SOFCallback
 .text.HAL_PCD_ResetCallback
                0x08003efc       0x24 ../DaisyExamples/libDaisy//build\libdaisy.a(usbd_conf.o)
                0x08003efc                HAL_PCD_ResetCallback
 .text.HAL_PCD_SuspendCallback
                0x08003f20       0x30 ../DaisyExamples/libDaisy//build\libdaisy.a(usbd_conf.o)
                0x08003f20                HAL_PCD_SuspendCallback
 .text.HAL_PCD_ResumeCallback
                0x08003f50        0x8 ../DaisyExamples/libDaisy//build\libdaisy.a(usbd_conf.o)
                0x08003f50                HAL_PCD_ResumeCallback
 .text.HAL_PCD_ISOOUTIncompleteCallback
                0x08003f58        0x8 ../DaisyExamples/libDaisy//build\libdaisy.a(usbd_conf.o)
                0x08003f58                HAL_PCD_ISOOUTIncompleteCallback
 .text.HAL_PCD_ISOINIncompleteCallback
                0x08003f60        0x8 ../DaisyExamples/libDaisy//build\libdaisy.a(usbd_conf.o)
                0x08003f60                HAL_PCD_ISOINIncompleteCallback
 .text.HAL_PCD_ConnectCallback
                0x08003f68        0x8 ../DaisyExamples/libDaisy//build\libdaisy.a(usbd_conf.o)
                0x08003f68                HAL_PCD_ConnectCallback
 .text.HAL_PCD_DisconnectCallback
                0x08003f70        0x8 ../DaisyExamples/libDaisy//build\libdaisy.a(usbd_conf.o)
                0x08003f70                HAL_PCD_DisconnectCallback
 .text.USBD_LL_Init
                0x08003f78       0xe4 ../DaisyExamples/libDaisy//build\libdaisy.a(usbd_conf.o)
                0x08003f78                USBD_LL_Init
 .text.USBD_LL_Start
                0x0800405c       0x1c ../DaisyExamples/libDaisy//build\libdaisy.a(usbd_conf.o)
                0x0800405c                USBD_LL_Start
 .text.USBD_LL_OpenEP
                0x08004078       0x24 ../DaisyExamples/libDaisy//build\libdaisy.a(usbd_conf.o)
                0x08004078                USBD_LL_OpenEP
 .text.USBD_LL_CloseEP
                0x0800409c       0x1c ../DaisyExamples/libDaisy//build\libdaisy.a(usbd_conf.o)
                0x0800409c                USBD_LL_CloseEP
 .text.USBD_LL_StallEP
                0x080040b8       0x1c ../DaisyExamples/libDaisy//build\libdaisy.a(usbd_conf.o)
                0x080040b8                USBD_LL_StallEP
 .text.USBD_LL_ClearStallEP
                0x080040d4       0x1c ../DaisyExamples/libDaisy//build\libdaisy.a(usbd_conf.o)
                0x080040d4                USBD_LL_ClearStallEP
 .text.USBD_LL_IsStallEP
                0x080040f0       0x28 ../DaisyExamples/libDaisy//build\libdaisy.a(usbd_conf.o)
                0x080040f0                USBD_LL_IsStallEP
 .text.USBD_LL_SetUSBAddress
                0x08004118       0x1c ../DaisyExamples/libDaisy//build\libdaisy.a(usbd_conf.o)
                0x08004118                USBD_LL_SetUSBAddress
 .text.USBD_LL_Transmit
                0x08004134       0x1c ../DaisyExamples/libDaisy//build\libdaisy.a(usbd_conf.o)
                0x08004134                USBD_LL_Transmit
 .text.USBD_LL_PrepareReceive
                0x08004150       0x1c ../DaisyExamples/libDaisy//build\libdaisy.a(usbd_conf.o)
                0x08004150                USBD_LL_PrepareReceive
 .text.USBD_LL_GetRxDataSize
                0x0800416c        0x8 ../DaisyExamples/libDaisy//build\libdaisy.a(usbd_conf.o)
                0x0800416c                USBD_LL_GetRxDataSize
 .text.USBD_HS_DeviceDescriptor
                0x08004174        0xc ../DaisyExamples/libDaisy//build\libdaisy.a(usbd_desc.o)
                0x08004174                USBD_HS_DeviceDescriptor
 .text.USBD_FS_DeviceDescriptor
                0x08004180        0xc ../DaisyExamples/libDaisy//build\libdaisy.a(usbd_desc.o)
                0x08004180                USBD_FS_DeviceDescriptor
 .text.USBD_FS_LangIDStrDescriptor
                0x0800418c        0xc ../DaisyExamples/libDaisy//build\libdaisy.a(usbd_desc.o)
                0x0800418c                USBD_FS_LangIDStrDescriptor
 .text.USBD_FS_ManufacturerStrDescriptor
                0x08004198       0x1c ../DaisyExamples/libDaisy//build\libdaisy.a(usbd_desc.o)
                0x08004198                USBD_FS_ManufacturerStrDescriptor
 .text.USBD_HS_ProductStrDescriptor
                0x080041b4       0x1c ../DaisyExamples/libDaisy//build\libdaisy.a(usbd_desc.o)
                0x080041b4                USBD_HS_ProductStrDescriptor
 .text.USBD_FS_ConfigStrDescriptor
                0x080041d0       0x1c ../DaisyExamples/libDaisy//build\libdaisy.a(usbd_desc.o)
                0x080041d0                USBD_FS_ConfigStrDescriptor
 .text.USBD_FS_InterfaceStrDescriptor
                0x080041ec       0x1c ../DaisyExamples/libDaisy//build\libdaisy.a(usbd_desc.o)
                0x080041ec                USBD_FS_InterfaceStrDescriptor
 .text.USBD_FS_ProductStrDescriptor
                0x08004208       0x1c ../DaisyExamples/libDaisy//build\libdaisy.a(usbd_desc.o)
                0x08004208                USBD_FS_ProductStrDescriptor
 .text.USBD_HS_LangIDStrDescriptor
                0x08004224        0xc ../DaisyExamples/libDaisy//build\libdaisy.a(usbd_desc.o)
                0x08004224                USBD_HS_LangIDStrDescriptor
 .text.USBD_HS_ManufacturerStrDescriptor
                0x08004230       0x1c ../DaisyExamples/libDaisy//build\libdaisy.a(usbd_desc.o)
                0x08004230                USBD_HS_ManufacturerStrDescriptor
 .text.USBD_FS_SerialStrDescriptor
                0x0800424c      0x124 ../DaisyExamples/libDaisy//build\libdaisy.a(usbd_desc.o)
                0x0800424c                USBD_FS_SerialStrDescriptor
 .text.USBD_HS_SerialStrDescriptor
                0x08004370      0x124 ../DaisyExamples/libDaisy//build\libdaisy.a(usbd_desc.o)
                0x08004370                USBD_HS_SerialStrDescriptor
 .text.USBD_HS_InterfaceStrDescriptor
                0x08004494       0x1c ../DaisyExamples/libDaisy//build\libdaisy.a(usbd_desc.o)
                0x08004494                USBD_HS_InterfaceStrDescriptor
 .text.USBD_HS_ConfigStrDescriptor
                0x080044b0       0x1c ../DaisyExamples/libDaisy//build\libdaisy.a(usbd_desc.o)
                0x080044b0                USBD_HS_ConfigStrDescriptor
 .text.HAL_HCD_SOF_Callback
                0x080044cc        0x8 ../DaisyExamples/libDaisy//build\libdaisy.a(usbh_conf.o)
                0x080044cc                HAL_HCD_SOF_Callback
 .text.HAL_HCD_Connect_Callback
                0x080044d4        0x8 ../DaisyExamples/libDaisy//build\libdaisy.a(usbh_conf.o)
                0x080044d4                HAL_HCD_Connect_Callback
 .text.HAL_HCD_Disconnect_Callback
                0x080044dc        0x8 ../DaisyExamples/libDaisy//build\libdaisy.a(usbh_conf.o)
                0x080044dc                HAL_HCD_Disconnect_Callback
 .text.HAL_HCD_HC_NotifyURBChange_Callback
                0x080044e4        0x4 ../DaisyExamples/libDaisy//build\libdaisy.a(usbh_conf.o)
                0x080044e4                HAL_HCD_HC_NotifyURBChange_Callback
 .text.HAL_HCD_PortEnabled_Callback
                0x080044e8        0x8 ../DaisyExamples/libDaisy//build\libdaisy.a(usbh_conf.o)
                0x080044e8                HAL_HCD_PortEnabled_Callback
 .text.HAL_HCD_PortDisabled_Callback
                0x080044f0        0x8 ../DaisyExamples/libDaisy//build\libdaisy.a(usbh_conf.o)
                0x080044f0                HAL_HCD_PortDisabled_Callback
 .text.USBH_LL_Stop
                0x080044f8       0x1c ../DaisyExamples/libDaisy//build\libdaisy.a(usbh_conf.o)
                0x080044f8                USBH_LL_Stop
 .text.dsy_hal_map_get_port
                0x08004514       0x10 ../DaisyExamples/libDaisy//build\libdaisy.a(hal_map.o)
                0x08004514                dsy_hal_map_get_port
 .text.dsy_hal_map_get_pin
                0x08004524       0x10 ../DaisyExamples/libDaisy//build\libdaisy.a(hal_map.o)
                0x08004524                dsy_hal_map_get_pin
 .text.dsy_hal_map_gpio_clk_enable
                0x08004534      0x150 ../DaisyExamples/libDaisy//build\libdaisy.a(hal_map.o)
                0x08004534                dsy_hal_map_gpio_clk_enable
 .text.HAL_MspInit
                0x08004684        0x4 ../DaisyExamples/libDaisy//build\libdaisy.a(stm32h7xx_hal.o)
                0x08004684                HAL_MspInit
 .text.HAL_InitTick
                0x08004688       0x4c ../DaisyExamples/libDaisy//build\libdaisy.a(stm32h7xx_hal.o)
                0x08004688                HAL_InitTick
 .text.HAL_Init
                0x080046d4       0x60 ../DaisyExamples/libDaisy//build\libdaisy.a(stm32h7xx_hal.o)
                0x080046d4                HAL_Init
 .text.HAL_IncTick
                0x08004734       0x18 ../DaisyExamples/libDaisy//build\libdaisy.a(stm32h7xx_hal.o)
                0x08004734                HAL_IncTick
 .text.HAL_GetTick
                0x0800474c        0xc ../DaisyExamples/libDaisy//build\libdaisy.a(stm32h7xx_hal.o)
                0x0800474c                HAL_GetTick
 .text.HAL_Delay
                0x08004758       0x24 ../DaisyExamples/libDaisy//build\libdaisy.a(stm32h7xx_hal.o)
                0x08004758                HAL_Delay
 .text.HAL_GetREVID
                0x0800477c        0xc ../DaisyExamples/libDaisy//build\libdaisy.a(stm32h7xx_hal.o)
                0x0800477c                HAL_GetREVID
 .text.HAL_NVIC_SetPriorityGrouping
                0x08004788       0x24 ../DaisyExamples/libDaisy//build\libdaisy.a(stm32h7xx_hal_cortex.o)
                0x08004788                HAL_NVIC_SetPriorityGrouping
 .text.HAL_NVIC_SetPriority
                0x080047ac       0x7c ../DaisyExamples/libDaisy//build\libdaisy.a(stm32h7xx_hal_cortex.o)
                0x080047ac                HAL_NVIC_SetPriority
 .text.HAL_NVIC_EnableIRQ
                0x08004828       0x1c ../DaisyExamples/libDaisy//build\libdaisy.a(stm32h7xx_hal_cortex.o)
                0x08004828                HAL_NVIC_EnableIRQ
 .text.HAL_NVIC_DisableIRQ
                0x08004844       0x28 ../DaisyExamples/libDaisy//build\libdaisy.a(stm32h7xx_hal_cortex.o)
                0x08004844                HAL_NVIC_DisableIRQ
 .text.HAL_SYSTICK_Config
                0x0800486c       0x2c ../DaisyExamples/libDaisy//build\libdaisy.a(stm32h7xx_hal_cortex.o)
                0x0800486c                HAL_SYSTICK_Config
 .text.HAL_MPU_Disable
                0x08004898       0x1c ../DaisyExamples/libDaisy//build\libdaisy.a(stm32h7xx_hal_cortex.o)
                0x08004898                HAL_MPU_Disable
 .text.HAL_MPU_Enable
                0x080048b4       0x20 ../DaisyExamples/libDaisy//build\libdaisy.a(stm32h7xx_hal_cortex.o)
                0x080048b4                HAL_MPU_Enable
 .text.HAL_MPU_ConfigRegion
                0x080048d4       0x64 ../DaisyExamples/libDaisy//build\libdaisy.a(stm32h7xx_hal_cortex.o)
                0x080048d4                HAL_MPU_ConfigRegion
 .text.HAL_SYSTICK_Callback
                0x08004938        0x4 ../DaisyExamples/libDaisy//build\libdaisy.a(stm32h7xx_hal_cortex.o)
                0x08004938                HAL_SYSTICK_Callback
 .text.HAL_SYSTICK_IRQHandler
                0x0800493c        0x8 ../DaisyExamples/libDaisy//build\libdaisy.a(stm32h7xx_hal_cortex.o)
                0x0800493c                HAL_SYSTICK_IRQHandler
 .text.DMA_CalcBaseAndBitshift
                0x08004944       0xf4 ../DaisyExamples/libDaisy//build\libdaisy.a(stm32h7xx_hal_dma.o)
 .text.DMA_CalcDMAMUXChannelBaseAndMask
                0x08004a38       0xd8 ../DaisyExamples/libDaisy//build\libdaisy.a(stm32h7xx_hal_dma.o)
 .text.HAL_DMA_Init
                0x08004b10      0x37c ../DaisyExamples/libDaisy//build\libdaisy.a(stm32h7xx_hal_dma.o)
                0x08004b10                HAL_DMA_Init
 .text.HAL_DMA_Start_IT
                0x08004e8c      0x240 ../DaisyExamples/libDaisy//build\libdaisy.a(stm32h7xx_hal_dma.o)
                0x08004e8c                HAL_DMA_Start_IT
 .text.HAL_DMA_Abort_IT
                0x080050cc      0x134 ../DaisyExamples/libDaisy//build\libdaisy.a(stm32h7xx_hal_dma.o)
                0x080050cc                HAL_DMA_Abort_IT
 .text.HAL_DMA_IRQHandler
                0x08005200      0x6a0 ../DaisyExamples/libDaisy//build\libdaisy.a(stm32h7xx_hal_dma.o)
                0x08005200                HAL_DMA_IRQHandler
 .text.HAL_DMA_GetError
                0x080058a0        0x4 ../DaisyExamples/libDaisy//build\libdaisy.a(stm32h7xx_hal_dma.o)
                0x080058a0                HAL_DMA_GetError
 .text.HAL_GPIO_Init
                0x080058a4      0x280 ../DaisyExamples/libDaisy//build\libdaisy.a(stm32h7xx_hal_gpio.o)
                0x080058a4                HAL_GPIO_Init
 .text.HAL_GPIO_DeInit
                0x08005b24      0x190 ../DaisyExamples/libDaisy//build\libdaisy.a(stm32h7xx_hal_gpio.o)
                0x08005b24                HAL_GPIO_DeInit
 .text.HAL_GPIO_ReadPin
                0x08005cb4        0xc ../DaisyExamples/libDaisy//build\libdaisy.a(stm32h7xx_hal_gpio.o)
                0x08005cb4                HAL_GPIO_ReadPin
 .text.HAL_GPIO_WritePin
                0x08005cc0        0x8 ../DaisyExamples/libDaisy//build\libdaisy.a(stm32h7xx_hal_gpio.o)
                0x08005cc0                HAL_GPIO_WritePin
 .text.HAL_HCD_IRQHandler
                0x08005cc8      0x780 ../DaisyExamples/libDaisy//build\libdaisy.a(stm32h7xx_hal_hcd.o)
                0x08005cc8                HAL_HCD_IRQHandler
 .text.HAL_HCD_Stop
                0x08006448       0x28 ../DaisyExamples/libDaisy//build\libdaisy.a(stm32h7xx_hal_hcd.o)
                0x08006448                HAL_HCD_Stop
 .text.I2C_WaitOnTXISFlagUntilTimeout
                0x08006470       0xb8 ../DaisyExamples/libDaisy//build\libdaisy.a(stm32h7xx_hal_i2c.o)
 .text.I2C_WaitOnSTOPFlagUntilTimeout
                0x08006528       0xac ../DaisyExamples/libDaisy//build\libdaisy.a(stm32h7xx_hal_i2c.o)
 .text.HAL_I2C_Init
                0x080065d4       0xac ../DaisyExamples/libDaisy//build\libdaisy.a(stm32h7xx_hal_i2c.o)
                0x080065d4                HAL_I2C_Init
 .text.HAL_I2C_Master_Transmit
                0x08006680      0x1a8 ../DaisyExamples/libDaisy//build\libdaisy.a(stm32h7xx_hal_i2c.o)
                0x08006680                HAL_I2C_Master_Transmit
 .text.HAL_I2C_Slave_Transmit
                0x08006828      0x1c8 ../DaisyExamples/libDaisy//build\libdaisy.a(stm32h7xx_hal_i2c.o)
                0x08006828                HAL_I2C_Slave_Transmit
 .text.HAL_I2C_EV_IRQHandler
                0x080069f0       0x10 ../DaisyExamples/libDaisy//build\libdaisy.a(stm32h7xx_hal_i2c.o)
                0x080069f0                HAL_I2C_EV_IRQHandler
 .text.HAL_I2C_GetState
                0x08006a00        0x8 ../DaisyExamples/libDaisy//build\libdaisy.a(stm32h7xx_hal_i2c.o)
                0x08006a00                HAL_I2C_GetState
 .text.HAL_I2CEx_ConfigAnalogFilter
                0x08006a08       0x54 ../DaisyExamples/libDaisy//build\libdaisy.a(stm32h7xx_hal_i2c_ex.o)
                0x08006a08                HAL_I2CEx_ConfigAnalogFilter
 .text.HAL_I2CEx_ConfigDigitalFilter
                0x08006a5c       0x58 ../DaisyExamples/libDaisy//build\libdaisy.a(stm32h7xx_hal_i2c_ex.o)
                0x08006a5c                HAL_I2CEx_ConfigDigitalFilter
 .text.HAL_PCD_Init
                0x08006ab4      0x12c ../DaisyExamples/libDaisy//build\libdaisy.a(stm32h7xx_hal_pcd.o)
                0x08006ab4                HAL_PCD_Init
 .text.HAL_PCD_Start
                0x08006be0       0x44 ../DaisyExamples/libDaisy//build\libdaisy.a(stm32h7xx_hal_pcd.o)
                0x08006be0                HAL_PCD_Start
 .text.HAL_PCD_IRQHandler
                0x08006c24      0x69c ../DaisyExamples/libDaisy//build\libdaisy.a(stm32h7xx_hal_pcd.o)
                0x08006c24                HAL_PCD_IRQHandler
 .text.HAL_PCD_SetAddress
                0x080072c0       0x2c ../DaisyExamples/libDaisy//build\libdaisy.a(stm32h7xx_hal_pcd.o)
                0x080072c0                HAL_PCD_SetAddress
 .text.HAL_PCD_EP_Open
                0x080072ec       0x7c ../DaisyExamples/libDaisy//build\libdaisy.a(stm32h7xx_hal_pcd.o)
                0x080072ec                HAL_PCD_EP_Open
 .text.HAL_PCD_EP_Close
                0x08007368       0x6c ../DaisyExamples/libDaisy//build\libdaisy.a(stm32h7xx_hal_pcd.o)
                0x08007368                HAL_PCD_EP_Close
 .text.HAL_PCD_EP_Receive
                0x080073d4       0x50 ../DaisyExamples/libDaisy//build\libdaisy.a(stm32h7xx_hal_pcd.o)
                0x080073d4                HAL_PCD_EP_Receive
 .text.HAL_PCD_EP_GetRxCount
                0x08007424       0x14 ../DaisyExamples/libDaisy//build\libdaisy.a(stm32h7xx_hal_pcd.o)
                0x08007424                HAL_PCD_EP_GetRxCount
 .text.HAL_PCD_EP_Transmit
                0x08007438       0x50 ../DaisyExamples/libDaisy//build\libdaisy.a(stm32h7xx_hal_pcd.o)
                0x08007438                HAL_PCD_EP_Transmit
 .text.HAL_PCD_EP_SetStall
                0x08007488       0x88 ../DaisyExamples/libDaisy//build\libdaisy.a(stm32h7xx_hal_pcd.o)
                0x08007488                HAL_PCD_EP_SetStall
 .text.HAL_PCD_EP_ClrStall
                0x08007510       0x78 ../DaisyExamples/libDaisy//build\libdaisy.a(stm32h7xx_hal_pcd.o)
                0x08007510                HAL_PCD_EP_ClrStall
 .text.HAL_PCDEx_SetTxFiFo
                0x08007588       0x54 ../DaisyExamples/libDaisy//build\libdaisy.a(stm32h7xx_hal_pcd_ex.o)
                0x08007588                HAL_PCDEx_SetTxFiFo
 .text.HAL_PCDEx_SetRxFiFo
                0x080075dc        0xc ../DaisyExamples/libDaisy//build\libdaisy.a(stm32h7xx_hal_pcd_ex.o)
                0x080075dc                HAL_PCDEx_SetRxFiFo
 .text.HAL_PCDEx_ActivateLPM
                0x080075e8       0x30 ../DaisyExamples/libDaisy//build\libdaisy.a(stm32h7xx_hal_pcd_ex.o)
                0x080075e8                HAL_PCDEx_ActivateLPM
 .text.HAL_PCDEx_LPM_Callback
                0x08007618        0x4 ../DaisyExamples/libDaisy//build\libdaisy.a(stm32h7xx_hal_pcd_ex.o)
                0x08007618                HAL_PCDEx_LPM_Callback
 .text.HAL_PWREx_ConfigSupply
                0x0800761c       0x4c ../DaisyExamples/libDaisy//build\libdaisy.a(stm32h7xx_hal_pwr_ex.o)
                0x0800761c                HAL_PWREx_ConfigSupply
 .text.HAL_PWREx_EnableUSBVoltageDetector
                0x08007668       0x10 ../DaisyExamples/libDaisy//build\libdaisy.a(stm32h7xx_hal_pwr_ex.o)
                0x08007668                HAL_PWREx_EnableUSBVoltageDetector
 .text.QSPI_Config
                0x08007678      0x174 ../DaisyExamples/libDaisy//build\libdaisy.a(stm32h7xx_hal_qspi.o)
 .text.HAL_QSPI_Init
                0x080077ec       0xd8 ../DaisyExamples/libDaisy//build\libdaisy.a(stm32h7xx_hal_qspi.o)
                0x080077ec                HAL_QSPI_Init
 .text.HAL_QSPI_DeInit
                0x080078c4       0x3c ../DaisyExamples/libDaisy//build\libdaisy.a(stm32h7xx_hal_qspi.o)
                0x080078c4                HAL_QSPI_DeInit
 .text.HAL_QSPI_Command
                0x08007900       0xd4 ../DaisyExamples/libDaisy//build\libdaisy.a(stm32h7xx_hal_qspi.o)
                0x08007900                HAL_QSPI_Command
 .text.HAL_QSPI_Transmit
                0x080079d4       0xfc ../DaisyExamples/libDaisy//build\libdaisy.a(stm32h7xx_hal_qspi.o)
                0x080079d4                HAL_QSPI_Transmit
 .text.HAL_QSPI_Receive
                0x08007ad0      0x108 ../DaisyExamples/libDaisy//build\libdaisy.a(stm32h7xx_hal_qspi.o)
                0x08007ad0                HAL_QSPI_Receive
 .text.HAL_QSPI_AutoPolling
                0x08007bd8       0xf0 ../DaisyExamples/libDaisy//build\libdaisy.a(stm32h7xx_hal_qspi.o)
                0x08007bd8                HAL_QSPI_AutoPolling
 .text.HAL_QSPI_MemoryMapped
                0x08007cc8       0xc0 ../DaisyExamples/libDaisy//build\libdaisy.a(stm32h7xx_hal_qspi.o)
                0x08007cc8                HAL_QSPI_MemoryMapped
 .text.HAL_QSPI_ErrorCallback
                0x08007d88        0x4 ../DaisyExamples/libDaisy//build\libdaisy.a(stm32h7xx_hal_qspi.o)
                0x08007d88                HAL_QSPI_ErrorCallback
 .text.QSPI_DMAAbortCplt
                0x08007d8c       0x38 ../DaisyExamples/libDaisy//build\libdaisy.a(stm32h7xx_hal_qspi.o)
 .text.HAL_QSPI_AbortCpltCallback
                0x08007dc4        0x4 ../DaisyExamples/libDaisy//build\libdaisy.a(stm32h7xx_hal_qspi.o)
                0x08007dc4                HAL_QSPI_AbortCpltCallback
 .text.HAL_QSPI_CmdCpltCallback
                0x08007dc8        0x4 ../DaisyExamples/libDaisy//build\libdaisy.a(stm32h7xx_hal_qspi.o)
                0x08007dc8                HAL_QSPI_CmdCpltCallback
 .text.HAL_QSPI_RxCpltCallback
                0x08007dcc        0x4 ../DaisyExamples/libDaisy//build\libdaisy.a(stm32h7xx_hal_qspi.o)
                0x08007dcc                HAL_QSPI_RxCpltCallback
 .text.HAL_QSPI_TxCpltCallback
                0x08007dd0        0x4 ../DaisyExamples/libDaisy//build\libdaisy.a(stm32h7xx_hal_qspi.o)
                0x08007dd0                HAL_QSPI_TxCpltCallback
 .text.HAL_QSPI_FifoThresholdCallback
                0x08007dd4        0x4 ../DaisyExamples/libDaisy//build\libdaisy.a(stm32h7xx_hal_qspi.o)
                0x08007dd4                HAL_QSPI_FifoThresholdCallback
 .text.HAL_QSPI_StatusMatchCallback
                0x08007dd8        0x4 ../DaisyExamples/libDaisy//build\libdaisy.a(stm32h7xx_hal_qspi.o)
                0x08007dd8                HAL_QSPI_StatusMatchCallback
 .text.HAL_QSPI_TimeOutCallback
                0x08007ddc        0x4 ../DaisyExamples/libDaisy//build\libdaisy.a(stm32h7xx_hal_qspi.o)
                0x08007ddc                HAL_QSPI_TimeOutCallback
 .text.HAL_QSPI_IRQHandler
                0x08007de0      0x210 ../DaisyExamples/libDaisy//build\libdaisy.a(stm32h7xx_hal_qspi.o)
                0x08007de0                HAL_QSPI_IRQHandler
 .text.HAL_RCC_OscConfig
                0x08007ff0      0x51c ../DaisyExamples/libDaisy//build\libdaisy.a(stm32h7xx_hal_rcc.o)
                0x08007ff0                HAL_RCC_OscConfig
 .text.HAL_RCC_GetSysClockFreq
                0x0800850c      0x140 ../DaisyExamples/libDaisy//build\libdaisy.a(stm32h7xx_hal_rcc.o)
                0x0800850c                HAL_RCC_GetSysClockFreq
 .text.HAL_RCC_ClockConfig
                0x0800864c      0x234 ../DaisyExamples/libDaisy//build\libdaisy.a(stm32h7xx_hal_rcc.o)
                0x0800864c                HAL_RCC_ClockConfig
 .text.HAL_RCC_GetHCLKFreq
                0x08008880       0x2c ../DaisyExamples/libDaisy//build\libdaisy.a(stm32h7xx_hal_rcc.o)
                0x08008880                HAL_RCC_GetHCLKFreq
 .text.HAL_RCC_GetPCLK1Freq
                0x080088ac       0x38 ../DaisyExamples/libDaisy//build\libdaisy.a(stm32h7xx_hal_rcc.o)
                0x080088ac                HAL_RCC_GetPCLK1Freq
 .text.HAL_RCC_GetPCLK2Freq
                0x080088e4       0x38 ../DaisyExamples/libDaisy//build\libdaisy.a(stm32h7xx_hal_rcc.o)
                0x080088e4                HAL_RCC_GetPCLK2Freq
 .text.RCCEx_PLL2_Config
                0x0800891c       0xf4 ../DaisyExamples/libDaisy//build\libdaisy.a(stm32h7xx_hal_rcc_ex.o)
 .text.RCCEx_PLL3_Config
                0x08008a10       0xf4 ../DaisyExamples/libDaisy//build\libdaisy.a(stm32h7xx_hal_rcc_ex.o)
 .text.HAL_RCCEx_PeriphCLKConfig
                0x08008b04      0xa7c ../DaisyExamples/libDaisy//build\libdaisy.a(stm32h7xx_hal_rcc_ex.o)
                0x08008b04                HAL_RCCEx_PeriphCLKConfig
 .text.HAL_RCCEx_GetD3PCLK1Freq
                0x08009580       0x24 ../DaisyExamples/libDaisy//build\libdaisy.a(stm32h7xx_hal_rcc_ex.o)
                0x08009580                HAL_RCCEx_GetD3PCLK1Freq
 .text.HAL_RCCEx_GetPLL2ClockFreq
                0x080095a4      0x17c ../DaisyExamples/libDaisy//build\libdaisy.a(stm32h7xx_hal_rcc_ex.o)
                0x080095a4                HAL_RCCEx_GetPLL2ClockFreq
 .text.HAL_RCCEx_GetPLL3ClockFreq
                0x08009720      0x17c ../DaisyExamples/libDaisy//build\libdaisy.a(stm32h7xx_hal_rcc_ex.o)
                0x08009720                HAL_RCCEx_GetPLL3ClockFreq
 .text.HAL_RCCEx_GetPLL1ClockFreq
                0x0800989c      0x17c ../DaisyExamples/libDaisy//build\libdaisy.a(stm32h7xx_hal_rcc_ex.o)
                0x0800989c                HAL_RCCEx_GetPLL1ClockFreq
 .text.HAL_RCCEx_GetPeriphCLKFreq
                0x08009a18      0x198 ../DaisyExamples/libDaisy//build\libdaisy.a(stm32h7xx_hal_rcc_ex.o)
                0x08009a18                HAL_RCCEx_GetPeriphCLKFreq
 .text.HAL_RCCEx_GetD1SysClockFreq
                0x08009bb0       0x2c ../DaisyExamples/libDaisy//build\libdaisy.a(stm32h7xx_hal_rcc_ex.o)
                0x08009bb0                HAL_RCCEx_GetD1SysClockFreq
 .text.HAL_SAI_Init.part.0
                0x08009bdc      0x348 ../DaisyExamples/libDaisy//build\libdaisy.a(stm32h7xx_hal_sai.o)
 .text.HAL_SAI_InitProtocol
                0x08009f24      0x178 ../DaisyExamples/libDaisy//build\libdaisy.a(stm32h7xx_hal_sai.o)
                0x08009f24                HAL_SAI_InitProtocol
 .text.HAL_SAI_Transmit_DMA
                0x0800a09c      0x124 ../DaisyExamples/libDaisy//build\libdaisy.a(stm32h7xx_hal_sai.o)
                0x0800a09c                HAL_SAI_Transmit_DMA
 .text.HAL_SAI_Receive_DMA
                0x0800a1c0       0xd0 ../DaisyExamples/libDaisy//build\libdaisy.a(stm32h7xx_hal_sai.o)
                0x0800a1c0                HAL_SAI_Receive_DMA
 .text.HAL_SAI_TxCpltCallback
                0x0800a290        0x4 ../DaisyExamples/libDaisy//build\libdaisy.a(stm32h7xx_hal_sai.o)
                0x0800a290                HAL_SAI_TxCpltCallback
 .text.SAI_DMATxCplt
                0x0800a294       0x64 ../DaisyExamples/libDaisy//build\libdaisy.a(stm32h7xx_hal_sai.o)
 .text.HAL_SAI_TxHalfCpltCallback
                0x0800a2f8        0x4 ../DaisyExamples/libDaisy//build\libdaisy.a(stm32h7xx_hal_sai.o)
                0x0800a2f8                HAL_SAI_TxHalfCpltCallback
 .text.SAI_DMATxHalfCplt
                0x0800a2fc        0xc ../DaisyExamples/libDaisy//build\libdaisy.a(stm32h7xx_hal_sai.o)
 .text.SAI_DMARxCplt
                0x0800a308       0x64 ../DaisyExamples/libDaisy//build\libdaisy.a(stm32h7xx_hal_sai.o)
 .text.SAI_DMARxHalfCplt
                0x0800a36c        0xc ../DaisyExamples/libDaisy//build\libdaisy.a(stm32h7xx_hal_sai.o)
 .text.HAL_SAI_ErrorCallback
                0x0800a378        0x4 ../DaisyExamples/libDaisy//build\libdaisy.a(stm32h7xx_hal_sai.o)
                0x0800a378                HAL_SAI_ErrorCallback
 .text.SAI_DMAError
                0x0800a37c       0x6c ../DaisyExamples/libDaisy//build\libdaisy.a(stm32h7xx_hal_sai.o)
 .text.HAL_SDRAM_Init
                0x0800a3e8       0x54 ../DaisyExamples/libDaisy//build\libdaisy.a(stm32h7xx_hal_sdram.o)
                0x0800a3e8                HAL_SDRAM_Init
 .text.HAL_SDRAM_SendCommand
                0x0800a43c       0x40 ../DaisyExamples/libDaisy//build\libdaisy.a(stm32h7xx_hal_sdram.o)
                0x0800a43c                HAL_SDRAM_SendCommand
 .text.HAL_SDRAM_ProgramRefreshRate
                0x0800a47c       0x30 ../DaisyExamples/libDaisy//build\libdaisy.a(stm32h7xx_hal_sdram.o)
                0x0800a47c                HAL_SDRAM_ProgramRefreshRate
 .text.FMC_SDRAM_Init
                0x0800a4ac       0x7c ../DaisyExamples/libDaisy//build\libdaisy.a(stm32h7xx_ll_fmc.o)
                0x0800a4ac                FMC_SDRAM_Init
 .text.FMC_SDRAM_Timing_Init
                0x0800a528       0x98 ../DaisyExamples/libDaisy//build\libdaisy.a(stm32h7xx_ll_fmc.o)
                0x0800a528                FMC_SDRAM_Timing_Init
 .text.FMC_SDRAM_SendCommand
                0x0800a5c0       0x28 ../DaisyExamples/libDaisy//build\libdaisy.a(stm32h7xx_ll_fmc.o)
                0x0800a5c0                FMC_SDRAM_SendCommand
 .text.FMC_SDRAM_ProgramRefreshRate
                0x0800a5e8       0x1c ../DaisyExamples/libDaisy//build\libdaisy.a(stm32h7xx_ll_fmc.o)
                0x0800a5e8                FMC_SDRAM_ProgramRefreshRate
 .text.USB_CoreInit
                0x0800a604      0x124 ../DaisyExamples/libDaisy//build\libdaisy.a(stm32h7xx_ll_usb.o)
                0x0800a604                USB_CoreInit
 .text.USB_SetTurnaroundTime
                0x0800a728      0x104 ../DaisyExamples/libDaisy//build\libdaisy.a(stm32h7xx_ll_usb.o)
                0x0800a728                USB_SetTurnaroundTime
 .text.USB_EnableGlobalInt
                0x0800a82c       0x10 ../DaisyExamples/libDaisy//build\libdaisy.a(stm32h7xx_ll_usb.o)
                0x0800a82c                USB_EnableGlobalInt
 .text.USB_DisableGlobalInt
                0x0800a83c       0x10 ../DaisyExamples/libDaisy//build\libdaisy.a(stm32h7xx_ll_usb.o)
                0x0800a83c                USB_DisableGlobalInt
 .text.USB_SetCurrentMode
                0x0800a84c       0x30 ../DaisyExamples/libDaisy//build\libdaisy.a(stm32h7xx_ll_usb.o)
                0x0800a84c                USB_SetCurrentMode
 .text.USB_DevInit
                0x0800a87c      0x20c ../DaisyExamples/libDaisy//build\libdaisy.a(stm32h7xx_ll_usb.o)
                0x0800a87c                USB_DevInit
 .text.USB_FlushTxFifo
                0x0800aa88       0x34 ../DaisyExamples/libDaisy//build\libdaisy.a(stm32h7xx_ll_usb.o)
                0x0800aa88                USB_FlushTxFifo
 .text.USB_GetDevSpeed
                0x0800aabc       0x24 ../DaisyExamples/libDaisy//build\libdaisy.a(stm32h7xx_ll_usb.o)
                0x0800aabc                USB_GetDevSpeed
 .text.USB_ActivateEndpoint
                0x0800aae0       0x90 ../DaisyExamples/libDaisy//build\libdaisy.a(stm32h7xx_ll_usb.o)
                0x0800aae0                USB_ActivateEndpoint
 .text.USB_DeactivateEndpoint
                0x0800ab70       0x84 ../DaisyExamples/libDaisy//build\libdaisy.a(stm32h7xx_ll_usb.o)
                0x0800ab70                USB_DeactivateEndpoint
 .text.USB_EPStartXfer
                0x0800abf4      0x230 ../DaisyExamples/libDaisy//build\libdaisy.a(stm32h7xx_ll_usb.o)
                0x0800abf4                USB_EPStartXfer
 .text.USB_EP0StartXfer
                0x0800ae24      0x174 ../DaisyExamples/libDaisy//build\libdaisy.a(stm32h7xx_ll_usb.o)
                0x0800ae24                USB_EP0StartXfer
 .text.USB_WritePacket
                0x0800af98       0x2c ../DaisyExamples/libDaisy//build\libdaisy.a(stm32h7xx_ll_usb.o)
                0x0800af98                USB_WritePacket
 .text.USB_ReadPacket
                0x0800afc4       0x20 ../DaisyExamples/libDaisy//build\libdaisy.a(stm32h7xx_ll_usb.o)
                0x0800afc4                USB_ReadPacket
 .text.USB_EPSetStall
                0x0800afe4       0x68 ../DaisyExamples/libDaisy//build\libdaisy.a(stm32h7xx_ll_usb.o)
                0x0800afe4                USB_EPSetStall
 .text.USB_EPClearStall
                0x0800b04c       0x58 ../DaisyExamples/libDaisy//build\libdaisy.a(stm32h7xx_ll_usb.o)
                0x0800b04c                USB_EPClearStall
 .text.USB_SetDevAddress
                0x0800b0a4       0x24 ../DaisyExamples/libDaisy//build\libdaisy.a(stm32h7xx_ll_usb.o)
                0x0800b0a4                USB_SetDevAddress
 .text.USB_DevConnect
                0x0800b0c8       0x1c ../DaisyExamples/libDaisy//build\libdaisy.a(stm32h7xx_ll_usb.o)
                0x0800b0c8                USB_DevConnect
 .text.USB_DevDisconnect
                0x0800b0e4       0x1c ../DaisyExamples/libDaisy//build\libdaisy.a(stm32h7xx_ll_usb.o)
                0x0800b0e4                USB_DevDisconnect
 .text.USB_ReadInterrupts
                0x0800b100       0x14 ../DaisyExamples/libDaisy//build\libdaisy.a(stm32h7xx_ll_usb.o)
                0x0800b100                USB_ReadInterrupts
 .text.USB_ReadDevAllOutEpInterrupt
                0x0800b114       0x1c ../DaisyExamples/libDaisy//build\libdaisy.a(stm32h7xx_ll_usb.o)
                0x0800b114                USB_ReadDevAllOutEpInterrupt
 .text.USB_ReadDevAllInEpInterrupt
                0x0800b130       0x1c ../DaisyExamples/libDaisy//build\libdaisy.a(stm32h7xx_ll_usb.o)
                0x0800b130                USB_ReadDevAllInEpInterrupt
 .text.USB_ReadDevOutEPInterrupt
                0x0800b14c       0x1c ../DaisyExamples/libDaisy//build\libdaisy.a(stm32h7xx_ll_usb.o)
                0x0800b14c                USB_ReadDevOutEPInterrupt
 .text.USB_ReadDevInEPInterrupt
                0x0800b168       0x38 ../DaisyExamples/libDaisy//build\libdaisy.a(stm32h7xx_ll_usb.o)
                0x0800b168                USB_ReadDevInEPInterrupt
 .text.USB_GetMode
                0x0800b1a0        0x8 ../DaisyExamples/libDaisy//build\libdaisy.a(stm32h7xx_ll_usb.o)
                0x0800b1a0                USB_GetMode
 .text.USB_ActivateSetup
                0x0800b1a8       0x38 ../DaisyExamples/libDaisy//build\libdaisy.a(stm32h7xx_ll_usb.o)
                0x0800b1a8                USB_ActivateSetup
 .text.USB_EP0_OutStart
                0x0800b1e0       0x58 ../DaisyExamples/libDaisy//build\libdaisy.a(stm32h7xx_ll_usb.o)
                0x0800b1e0                USB_EP0_OutStart
 .text.USB_InitFSLSPClkSel
                0x0800b238       0x44 ../DaisyExamples/libDaisy//build\libdaisy.a(stm32h7xx_ll_usb.o)
                0x0800b238                USB_InitFSLSPClkSel
 .text.USB_HC_ReadInterrupt
                0x0800b27c        0x8 ../DaisyExamples/libDaisy//build\libdaisy.a(stm32h7xx_ll_usb.o)
                0x0800b27c                USB_HC_ReadInterrupt
 .text.USB_HC_Halt
                0x0800b284       0xc0 ../DaisyExamples/libDaisy//build\libdaisy.a(stm32h7xx_ll_usb.o)
                0x0800b284                USB_HC_Halt
 .text.USB_StopHost
                0x0800b344      0x2ec ../DaisyExamples/libDaisy//build\libdaisy.a(stm32h7xx_ll_usb.o)
                0x0800b344                USB_StopHost
 .text.USBD_CDC_EP0_RxReady
                0x0800b630       0x2c ../DaisyExamples/libDaisy//build\libdaisy.a(usbd_cdc.o)
 .text.USBD_CDC_GetFSCfgDesc
                0x0800b65c       0x24 ../DaisyExamples/libDaisy//build\libdaisy.a(usbd_cdc.o)
 .text.USBD_CDC_GetHSCfgDesc
                0x0800b680       0x24 ../DaisyExamples/libDaisy//build\libdaisy.a(usbd_cdc.o)
 .text.USBD_CDC_GetOtherSpeedCfgDesc
                0x0800b6a4       0x24 ../DaisyExamples/libDaisy//build\libdaisy.a(usbd_cdc.o)
 .text.USBD_CDC_GetDeviceQualifierDescriptor
                0x0800b6c8       0x10 ../DaisyExamples/libDaisy//build\libdaisy.a(usbd_cdc.o)
                0x0800b6c8                USBD_CDC_GetDeviceQualifierDescriptor
 .text.USBD_CDC_DataOut
                0x0800b6d8       0x30 ../DaisyExamples/libDaisy//build\libdaisy.a(usbd_cdc.o)
 .text.USBD_CDC_DataIn
                0x0800b708       0x50 ../DaisyExamples/libDaisy//build\libdaisy.a(usbd_cdc.o)
 .text.USBD_CDC_Setup
                0x0800b758       0xcc ../DaisyExamples/libDaisy//build\libdaisy.a(usbd_cdc.o)
 .text.USBD_CDC_DeInit
                0x0800b824       0x44 ../DaisyExamples/libDaisy//build\libdaisy.a(usbd_cdc.o)
 .text.USBD_CDC_Init
                0x0800b868       0x94 ../DaisyExamples/libDaisy//build\libdaisy.a(usbd_cdc.o)
 .text.USBD_CDC_RegisterInterface
                0x0800b8fc       0x10 ../DaisyExamples/libDaisy//build\libdaisy.a(usbd_cdc.o)
                0x0800b8fc                USBD_CDC_RegisterInterface
 .text.USBD_CDC_SetTxBuffer
                0x0800b90c       0x14 ../DaisyExamples/libDaisy//build\libdaisy.a(usbd_cdc.o)
                0x0800b90c                USBD_CDC_SetTxBuffer
 .text.USBD_CDC_SetRxBuffer
                0x0800b920       0x10 ../DaisyExamples/libDaisy//build\libdaisy.a(usbd_cdc.o)
                0x0800b920                USBD_CDC_SetRxBuffer
 .text.USBD_CDC_TransmitPacket
                0x0800b930       0x34 ../DaisyExamples/libDaisy//build\libdaisy.a(usbd_cdc.o)
                0x0800b930                USBD_CDC_TransmitPacket
 .text.USBD_CDC_ReceivePacket
                0x0800b964       0x38 ../DaisyExamples/libDaisy//build\libdaisy.a(usbd_cdc.o)
                0x0800b964                USBD_CDC_ReceivePacket
 .text.USBD_Init
                0x0800b99c       0x44 ../DaisyExamples/libDaisy//build\libdaisy.a(usbd_core.o)
                0x0800b99c                USBD_Init
 .text.USBD_RegisterClass
                0x0800b9e0       0x2c ../DaisyExamples/libDaisy//build\libdaisy.a(usbd_core.o)
                0x0800b9e0                USBD_RegisterClass
 .text.USBD_Start
                0x0800ba0c        0xc ../DaisyExamples/libDaisy//build\libdaisy.a(usbd_core.o)
                0x0800ba0c                USBD_Start
 .text.USBD_SetClassConfig
                0x0800ba18       0x14 ../DaisyExamples/libDaisy//build\libdaisy.a(usbd_core.o)
                0x0800ba18                USBD_SetClassConfig
 .text.USBD_ClrClassConfig
                0x0800ba2c       0x10 ../DaisyExamples/libDaisy//build\libdaisy.a(usbd_core.o)
                0x0800ba2c                USBD_ClrClassConfig
 .text.USBD_LL_SetupStage
                0x0800ba3c       0x5c ../DaisyExamples/libDaisy//build\libdaisy.a(usbd_core.o)
                0x0800ba3c                USBD_LL_SetupStage
 .text.USBD_LL_DataOutStage
                0x0800ba98       0x7c ../DaisyExamples/libDaisy//build\libdaisy.a(usbd_core.o)
                0x0800ba98                USBD_LL_DataOutStage
 .text.USBD_LL_DataInStage
                0x0800bb14       0xcc ../DaisyExamples/libDaisy//build\libdaisy.a(usbd_core.o)
                0x0800bb14                USBD_LL_DataInStage
 .text.USBD_LL_Reset
                0x0800bbe0       0x50 ../DaisyExamples/libDaisy//build\libdaisy.a(usbd_core.o)
                0x0800bbe0                USBD_LL_Reset
 .text.USBD_LL_SetSpeed
                0x0800bc30        0x8 ../DaisyExamples/libDaisy//build\libdaisy.a(usbd_core.o)
                0x0800bc30                USBD_LL_SetSpeed
 .text.USBD_LL_Suspend
                0x0800bc38       0x14 ../DaisyExamples/libDaisy//build\libdaisy.a(usbd_core.o)
                0x0800bc38                USBD_LL_Suspend
 .text.USBD_LL_Resume
                0x0800bc4c       0x10 ../DaisyExamples/libDaisy//build\libdaisy.a(usbd_core.o)
                0x0800bc4c                USBD_LL_Resume
 .text.USBD_LL_SOF
                0x0800bc5c       0x1c ../DaisyExamples/libDaisy//build\libdaisy.a(usbd_core.o)
                0x0800bc5c                USBD_LL_SOF
 .text.USBD_LL_IsoINIncomplete
                0x0800bc78        0x4 ../DaisyExamples/libDaisy//build\libdaisy.a(usbd_core.o)
                0x0800bc78                USBD_LL_IsoINIncomplete
 .text.USBD_LL_IsoOUTIncomplete
                0x0800bc7c        0x4 ../DaisyExamples/libDaisy//build\libdaisy.a(usbd_core.o)
                0x0800bc7c                USBD_LL_IsoOUTIncomplete
 .text.USBD_LL_DevConnected
                0x0800bc80        0x4 ../DaisyExamples/libDaisy//build\libdaisy.a(usbd_core.o)
                0x0800bc80                USBD_LL_DevConnected
 .text.USBD_LL_DevDisconnected
                0x0800bc84       0x18 ../DaisyExamples/libDaisy//build\libdaisy.a(usbd_core.o)
                0x0800bc84                USBD_LL_DevDisconnected
 .text.USBD_StdDevReq
                0x0800bc9c      0x304 ../DaisyExamples/libDaisy//build\libdaisy.a(usbd_ctlreq.o)
                0x0800bc9c                USBD_StdDevReq
 .text.USBD_StdItfReq
                0x0800bfa0       0x68 ../DaisyExamples/libDaisy//build\libdaisy.a(usbd_ctlreq.o)
                0x0800bfa0                USBD_StdItfReq
 .text.USBD_StdEPReq
                0x0800c008      0x13c ../DaisyExamples/libDaisy//build\libdaisy.a(usbd_ctlreq.o)
                0x0800c008                USBD_StdEPReq
 .text.USBD_ParseSetupRequest
                0x0800c144       0x28 ../DaisyExamples/libDaisy//build\libdaisy.a(usbd_ctlreq.o)
                0x0800c144                USBD_ParseSetupRequest
 .text.USBD_CtlError
                0x0800c16c       0x18 ../DaisyExamples/libDaisy//build\libdaisy.a(usbd_ctlreq.o)
                0x0800c16c                USBD_CtlError
 .text.USBD_GetString
                0x0800c184       0x54 ../DaisyExamples/libDaisy//build\libdaisy.a(usbd_ctlreq.o)
                0x0800c184                USBD_GetString
 .text.USBD_CtlSendData
                0x0800c1d8       0x1c ../DaisyExamples/libDaisy//build\libdaisy.a(usbd_ioreq.o)
                0x0800c1d8                USBD_CtlSendData
 .text.USBD_CtlContinueSendData
                0x0800c1f4       0x14 ../DaisyExamples/libDaisy//build\libdaisy.a(usbd_ioreq.o)
                0x0800c1f4                USBD_CtlContinueSendData
 .text.USBD_CtlPrepareRx
                0x0800c208       0x1c ../DaisyExamples/libDaisy//build\libdaisy.a(usbd_ioreq.o)
                0x0800c208                USBD_CtlPrepareRx
 .text.USBD_CtlContinueRx
                0x0800c224       0x14 ../DaisyExamples/libDaisy//build\libdaisy.a(usbd_ioreq.o)
                0x0800c224                USBD_CtlContinueRx
 .text.USBD_CtlSendStatus
                0x0800c238       0x18 ../DaisyExamples/libDaisy//build\libdaisy.a(usbd_ioreq.o)
                0x0800c238                USBD_CtlSendStatus
 .text.USBD_CtlReceiveStatus
                0x0800c250       0x18 ../DaisyExamples/libDaisy//build\libdaisy.a(usbd_ioreq.o)
                0x0800c250                USBD_CtlReceiveStatus
 .text.USBH_LL_IncTimer
                0x0800c268       0x20 ../DaisyExamples/libDaisy//build\libdaisy.a(usbh_core.o)
                0x0800c268                USBH_LL_IncTimer
 .text.USBH_LL_PortEnabled
                0x0800c288        0x8 ../DaisyExamples/libDaisy//build\libdaisy.a(usbh_core.o)
                0x0800c288                USBH_LL_PortEnabled
 .text.USBH_LL_PortDisabled
                0x0800c290        0x8 ../DaisyExamples/libDaisy//build\libdaisy.a(usbh_core.o)
                0x0800c290                USBH_LL_PortDisabled
 .text.USBH_LL_Connect
                0x0800c298       0x18 ../DaisyExamples/libDaisy//build\libdaisy.a(usbh_core.o)
                0x0800c298                USBH_LL_Connect
 .text.USBH_LL_Disconnect
                0x0800c2b0       0x2c ../DaisyExamples/libDaisy//build\libdaisy.a(usbh_core.o)
                0x0800c2b0                USBH_LL_Disconnect
 .text.USBH_FreePipe
                0x0800c2dc       0x18 ../DaisyExamples/libDaisy//build\libdaisy.a(usbh_pipes.o)
                0x0800c2dc                USBH_FreePipe
 .text._ZN5daisy6Random4InitEv
                0x0800c2f4       0x3c ../DaisyExamples/libDaisy//build\libdaisy.a(rng.o)
                0x0800c2f4                daisy::Random::Init()
 .text._ZN5daisy9SpiHandle4Impl7InitDmaEv
                0x0800c330       0xec ../DaisyExamples/libDaisy//build\libdaisy.a(spi.o)
                0x0800c330                daisy::SpiHandle::Impl::InitDma()
 .text._ZN5daisy9SpiHandle4Impl10StartDmaTxEPhjPFvPvEPFvS3_NS0_6ResultEES3_
                0x0800c41c       0xc8 ../DaisyExamples/libDaisy//build\libdaisy.a(spi.o)
                0x0800c41c                daisy::SpiHandle::Impl::StartDmaTx(unsigned char*, unsigned int, void (*)(void*), void (*)(void*, daisy::SpiHandle::Result), void*)
 .text._ZN5daisy9SpiHandle4Impl10StartDmaRxEPhjPFvPvEPFvS3_NS0_6ResultEES3_
                0x0800c4e4       0xc8 ../DaisyExamples/libDaisy//build\libdaisy.a(spi.o)
                0x0800c4e4                daisy::SpiHandle::Impl::StartDmaRx(unsigned char*, unsigned int, void (*)(void*), void (*)(void*, daisy::SpiHandle::Result), void*)
 .text._ZN5daisy9SpiHandle4Impl12StartDmaRxTxEPhS2_jPFvPvEPFvS3_NS0_6ResultEES3_
                0x0800c5ac       0xcc ../DaisyExamples/libDaisy//build\libdaisy.a(spi.o)
                0x0800c5ac                daisy::SpiHandle::Impl::StartDmaRxTx(unsigned char*, unsigned char*, unsigned int, void (*)(void*), void (*)(void*, daisy::SpiHandle::Result), void*)
 .text._ZN5daisy9SpiHandle4Impl8InitPinsEv
                0x0800c678      0x274 ../DaisyExamples/libDaisy//build\libdaisy.a(spi.o)
                0x0800c678                daisy::SpiHandle::Impl::InitPins()
 .text.HAL_SPI_MspInit
                0x0800c8ec      0x1a8 ../DaisyExamples/libDaisy//build\libdaisy.a(spi.o)
                0x0800c8ec                HAL_SPI_MspInit
 .text.dsy_spi_global_init
                0x0800ca94       0x80 ../DaisyExamples/libDaisy//build\libdaisy.a(spi.o)
                0x0800ca94                dsy_spi_global_init
 .text.SPI1_IRQHandler
                0x0800cb14        0xc ../DaisyExamples/libDaisy//build\libdaisy.a(spi.o)
                0x0800cb14                SPI1_IRQHandler
 .text.SPI2_IRQHandler
                0x0800cb20        0xc ../DaisyExamples/libDaisy//build\libdaisy.a(spi.o)
                0x0800cb20                SPI2_IRQHandler
 .text.SPI3_IRQHandler
                0x0800cb2c        0xc ../DaisyExamples/libDaisy//build\libdaisy.a(spi.o)
                0x0800cb2c                SPI3_IRQHandler
 .text.SPI4_IRQHandler
                0x0800cb38        0xc ../DaisyExamples/libDaisy//build\libdaisy.a(spi.o)
                0x0800cb38                SPI4_IRQHandler
 .text.SPI5_IRQHandler
                0x0800cb44        0xc ../DaisyExamples/libDaisy//build\libdaisy.a(spi.o)
                0x0800cb44                SPI5_IRQHandler
 .text.DMA2_Stream2_IRQHandler
                0x0800cb50       0x34 ../DaisyExamples/libDaisy//build\libdaisy.a(spi.o)
                0x0800cb50                DMA2_Stream2_IRQHandler
 .text.DMA2_Stream3_IRQHandler
                0x0800cb84       0x38 ../DaisyExamples/libDaisy//build\libdaisy.a(spi.o)
                0x0800cb84                DMA2_Stream3_IRQHandler
 .text.HAL_SPI_TxCpltCallback
                0x0800cbbc       0xc4 ../DaisyExamples/libDaisy//build\libdaisy.a(spi.o)
                0x0800cbbc                HAL_SPI_TxCpltCallback
 .text.HAL_SPI_RxCpltCallback
                0x0800cc80       0xc4 ../DaisyExamples/libDaisy//build\libdaisy.a(spi.o)
                0x0800cc80                HAL_SPI_RxCpltCallback
 .text.HAL_SPI_TxRxCpltCallback
                0x0800cd44       0xc4 ../DaisyExamples/libDaisy//build\libdaisy.a(spi.o)
                0x0800cd44                HAL_SPI_TxRxCpltCallback
 .text.HAL_SPI_ErrorCallback
                0x0800ce08       0xc8 ../DaisyExamples/libDaisy//build\libdaisy.a(spi.o)
                0x0800ce08                HAL_SPI_ErrorCallback
 .text.startup._GLOBAL__sub_I__Z19MapInstanceToHandleP11SPI_TypeDef
                0x0800ced0      0x1b0 ../DaisyExamples/libDaisy//build\libdaisy.a(spi.o)
 .text.HAL_TIM_Base_MspInit
                0x0800d080      0x1e0 ../DaisyExamples/libDaisy//build\libdaisy.a(tim.o)
                0x0800d080                HAL_TIM_Base_MspInit
 .text.HAL_TIM_PeriodElapsedCallback
                0x0800d260       0x44 ../DaisyExamples/libDaisy//build\libdaisy.a(tim.o)
                0x0800d260                HAL_TIM_PeriodElapsedCallback
 .text.TIM2_IRQHandler
                0x0800d2a4        0xc ../DaisyExamples/libDaisy//build\libdaisy.a(tim.o)
                0x0800d2a4                TIM2_IRQHandler
 .text.TIM3_IRQHandler
                0x0800d2b0        0xc ../DaisyExamples/libDaisy//build\libdaisy.a(tim.o)
                0x0800d2b0                TIM3_IRQHandler
 .text.TIM4_IRQHandler
                0x0800d2bc        0xc ../DaisyExamples/libDaisy//build\libdaisy.a(tim.o)
                0x0800d2bc                TIM4_IRQHandler
 .text.TIM5_IRQHandler
                0x0800d2c8        0xc ../DaisyExamples/libDaisy//build\libdaisy.a(tim.o)
                0x0800d2c8                TIM5_IRQHandler
 .text._ZN5daisy11TimerHandle4InitERKNS0_6ConfigE
                0x0800d2d4       0xd0 ../DaisyExamples/libDaisy//build\libdaisy.a(tim.o)
                0x0800d2d4                daisy::TimerHandle::Init(daisy::TimerHandle::Config const&)
 .text._ZN5daisy11TimerHandle5StartEv
                0x0800d3a4       0x24 ../DaisyExamples/libDaisy//build\libdaisy.a(tim.o)
                0x0800d3a4                daisy::TimerHandle::Start()
 .text._ZN5daisy11TimerHandle9DelayTickEm
                0x0800d3c8       0x10 ../DaisyExamples/libDaisy//build\libdaisy.a(tim.o)
                0x0800d3c8                daisy::TimerHandle::DelayTick(unsigned long)
 .text.startup._GLOBAL__sub_I__ZN5daisy11TimerHandle4Impl4InitERKNS0_6ConfigE
                0x0800d3d8       0x38 ../DaisyExamples/libDaisy//build\libdaisy.a(tim.o)
 .text._ZN5daisy11UartHandler4Impl7InitDmaEbb
                0x0800d410      0x164 ../DaisyExamples/libDaisy//build\libdaisy.a(uart.o)
                0x0800d410                daisy::UartHandler::Impl::InitDma(bool, bool)
 .text._ZN5daisy11UartHandler4Impl10HandleFifoEv
                0x0800d574       0xec ../DaisyExamples/libDaisy//build\libdaisy.a(uart.o)
                0x0800d574                daisy::UartHandler::Impl::HandleFifo()
 .text._ZN5daisy11UartHandler4Impl10StartDmaTxEPhjPFvPvEPFvS3_NS0_6ResultEES3_
                0x0800d660       0xcc ../DaisyExamples/libDaisy//build\libdaisy.a(uart.o)
                0x0800d660                daisy::UartHandler::Impl::StartDmaTx(unsigned char*, unsigned int, void (*)(void*), void (*)(void*, daisy::UartHandler::Result), void*)
 .text._ZN5daisy11UartHandler4Impl10StartDmaRxEPhjPFvPvEPFvS3_NS0_6ResultEES3_
                0x0800d72c       0xcc ../DaisyExamples/libDaisy//build\libdaisy.a(uart.o)
                0x0800d72c                daisy::UartHandler::Impl::StartDmaRx(unsigned char*, unsigned int, void (*)(void*), void (*)(void*, daisy::UartHandler::Result), void*)
 .text._ZN5daisy11UartHandler4Impl19DmaTransferFinishedEP20__UART_HandleTypeDefNS0_6ResultE
                0x0800d7f8       0xc0 ../DaisyExamples/libDaisy//build\libdaisy.a(uart.o)
                0x0800d7f8                daisy::UartHandler::Impl::DmaTransferFinished(__UART_HandleTypeDef*, daisy::UartHandler::Result)
 .text._ZN5daisy11UartHandler4Impl8InitPinsEv
                0x0800d8b8      0x150 ../DaisyExamples/libDaisy//build\libdaisy.a(uart.o)
                0x0800d8b8                daisy::UartHandler::Impl::InitPins()
 .text.HAL_UART_MspInit
                0x0800da08      0x210 ../DaisyExamples/libDaisy//build\libdaisy.a(uart.o)
                0x0800da08                HAL_UART_MspInit
 .text.dsy_uart_global_init
                0x0800dc18      0x110 ../DaisyExamples/libDaisy//build\libdaisy.a(uart.o)
                0x0800dc18                dsy_uart_global_init
 .text.USART1_IRQHandler
                0x0800dd28       0x30 ../DaisyExamples/libDaisy//build\libdaisy.a(uart.o)
                0x0800dd28                USART1_IRQHandler
 .text.USART2_IRQHandler
                0x0800dd58       0x34 ../DaisyExamples/libDaisy//build\libdaisy.a(uart.o)
                0x0800dd58                USART2_IRQHandler
 .text.USART3_IRQHandler
                0x0800dd8c       0x34 ../DaisyExamples/libDaisy//build\libdaisy.a(uart.o)
                0x0800dd8c                USART3_IRQHandler
 .text.UART4_IRQHandler
                0x0800ddc0       0x34 ../DaisyExamples/libDaisy//build\libdaisy.a(uart.o)
                0x0800ddc0                UART4_IRQHandler
 .text.UART5_IRQHandler
                0x0800ddf4       0x34 ../DaisyExamples/libDaisy//build\libdaisy.a(uart.o)
                0x0800ddf4                UART5_IRQHandler
 .text.USART6_IRQHandler
                0x0800de28       0x34 ../DaisyExamples/libDaisy//build\libdaisy.a(uart.o)
                0x0800de28                USART6_IRQHandler
 .text.UART7_IRQHandler
                0x0800de5c       0x30 ../DaisyExamples/libDaisy//build\libdaisy.a(uart.o)
                0x0800de5c                UART7_IRQHandler
 .text.UART8_IRQHandler
                0x0800de8c       0x34 ../DaisyExamples/libDaisy//build\libdaisy.a(uart.o)
                0x0800de8c                UART8_IRQHandler
 .text.LPUART1_IRQHandler
                0x0800dec0       0x34 ../DaisyExamples/libDaisy//build\libdaisy.a(uart.o)
                0x0800dec0                LPUART1_IRQHandler
 .text.DMA1_Stream5_IRQHandler
                0x0800def4       0x34 ../DaisyExamples/libDaisy//build\libdaisy.a(uart.o)
                0x0800def4                DMA1_Stream5_IRQHandler
 .text.DMA2_Stream4_IRQHandler
                0x0800df28       0x34 ../DaisyExamples/libDaisy//build\libdaisy.a(uart.o)
                0x0800df28                DMA2_Stream4_IRQHandler
 .text.HAL_UART_TxCpltCallback
                0x0800df5c        0x8 ../DaisyExamples/libDaisy//build\libdaisy.a(uart.o)
                0x0800df5c                HAL_UART_TxCpltCallback
 .text.HAL_UART_RxCpltCallback
                0x0800df64        0x8 ../DaisyExamples/libDaisy//build\libdaisy.a(uart.o)
                0x0800df64                HAL_UART_RxCpltCallback
 .text.HAL_UART_ErrorCallback
                0x0800df6c        0x8 ../DaisyExamples/libDaisy//build\libdaisy.a(uart.o)
                0x0800df6c                HAL_UART_ErrorCallback
 .text.startup._GLOBAL__sub_I__Z19MapInstanceToHandleP13USART_TypeDef
                0x0800df74      0x190 ../DaisyExamples/libDaisy//build\libdaisy.a(uart.o)
 .text.dsy_dma_init
                0x0800e104      0x100 ../DaisyExamples/libDaisy//build\libdaisy.a(dma.o)
                0x0800e104                dsy_dma_init
 .text.HAL_MDMA_Abort_IT
                0x0800e204       0x2c ../DaisyExamples/libDaisy//build\libdaisy.a(stm32h7xx_hal_mdma.o)
                0x0800e204                HAL_MDMA_Abort_IT
 .text.SPI_CloseTransfer
                0x0800e230       0xb8 ../DaisyExamples/libDaisy//build\libdaisy.a(stm32h7xx_hal_spi.o)
 .text.HAL_SPI_Init
                0x0800e2e8      0x15c ../DaisyExamples/libDaisy//build\libdaisy.a(stm32h7xx_hal_spi.o)
                0x0800e2e8                HAL_SPI_Init
 .text.HAL_SPI_Transmit_DMA
                0x0800e444      0x170 ../DaisyExamples/libDaisy//build\libdaisy.a(stm32h7xx_hal_spi.o)
                0x0800e444                HAL_SPI_Transmit_DMA
 .text.HAL_SPI_TransmitReceive_DMA
                0x0800e5b4      0x218 ../DaisyExamples/libDaisy//build\libdaisy.a(stm32h7xx_hal_spi.o)
                0x0800e5b4                HAL_SPI_TransmitReceive_DMA
 .text.HAL_SPI_Receive_DMA
                0x0800e7cc      0x1b4 ../DaisyExamples/libDaisy//build\libdaisy.a(stm32h7xx_hal_spi.o)
                0x0800e7cc                HAL_SPI_Receive_DMA
 .text.SPI_DMATransmitCplt
                0x0800e980       0x28 ../DaisyExamples/libDaisy//build\libdaisy.a(stm32h7xx_hal_spi.o)
 .text.SPI_DMAReceiveCplt
                0x0800e9a8       0x28 ../DaisyExamples/libDaisy//build\libdaisy.a(stm32h7xx_hal_spi.o)
 .text.SPI_DMATransmitReceiveCplt
                0x0800e9d0       0x28 ../DaisyExamples/libDaisy//build\libdaisy.a(stm32h7xx_hal_spi.o)
 .text.HAL_SPI_TxHalfCpltCallback
                0x0800e9f8        0x4 ../DaisyExamples/libDaisy//build\libdaisy.a(stm32h7xx_hal_spi.o)
                0x0800e9f8                HAL_SPI_TxHalfCpltCallback
 .text.SPI_DMAHalfTransmitCplt
                0x0800e9fc        0xc ../DaisyExamples/libDaisy//build\libdaisy.a(stm32h7xx_hal_spi.o)
 .text.HAL_SPI_RxHalfCpltCallback
                0x0800ea08        0x4 ../DaisyExamples/libDaisy//build\libdaisy.a(stm32h7xx_hal_spi.o)
                0x0800ea08                HAL_SPI_RxHalfCpltCallback
 .text.SPI_DMAHalfReceiveCplt
                0x0800ea0c        0xc ../DaisyExamples/libDaisy//build\libdaisy.a(stm32h7xx_hal_spi.o)
 .text.HAL_SPI_TxRxHalfCpltCallback
                0x0800ea18        0x4 ../DaisyExamples/libDaisy//build\libdaisy.a(stm32h7xx_hal_spi.o)
                0x0800ea18                HAL_SPI_TxRxHalfCpltCallback
 .text.SPI_DMAHalfTransmitReceiveCplt
                0x0800ea1c        0xc ../DaisyExamples/libDaisy//build\libdaisy.a(stm32h7xx_hal_spi.o)
 .text.SPI_DMAError
                0x0800ea28       0xd8 ../DaisyExamples/libDaisy//build\libdaisy.a(stm32h7xx_hal_spi.o)
 .text.HAL_SPI_IRQHandler
                0x0800eb00      0x23c ../DaisyExamples/libDaisy//build\libdaisy.a(stm32h7xx_hal_spi.o)
                0x0800eb00                HAL_SPI_IRQHandler
 .text.SPI_DMAAbortOnError
                0x0800ed3c       0x1c ../DaisyExamples/libDaisy//build\libdaisy.a(stm32h7xx_hal_spi.o)
 .text.HAL_SPI_GetState
                0x0800ed58        0x8 ../DaisyExamples/libDaisy//build\libdaisy.a(stm32h7xx_hal_spi.o)
                0x0800ed58                HAL_SPI_GetState
 .text.HAL_TIM_Base_Init
                0x0800ed60      0x140 ../DaisyExamples/libDaisy//build\libdaisy.a(stm32h7xx_hal_tim.o)
                0x0800ed60                HAL_TIM_Base_Init
 .text.HAL_TIM_Base_Start
                0x0800eea0       0x34 ../DaisyExamples/libDaisy//build\libdaisy.a(stm32h7xx_hal_tim.o)
                0x0800eea0                HAL_TIM_Base_Start
 .text.HAL_TIM_Base_Start_IT
                0x0800eed4       0x2c ../DaisyExamples/libDaisy//build\libdaisy.a(stm32h7xx_hal_tim.o)
                0x0800eed4                HAL_TIM_Base_Start_IT
 .text.HAL_TIM_ConfigClockSource
                0x0800ef00      0x17c ../DaisyExamples/libDaisy//build\libdaisy.a(stm32h7xx_hal_tim.o)
                0x0800ef00                HAL_TIM_ConfigClockSource
 .text.HAL_TIM_OC_DelayElapsedCallback
                0x0800f07c        0x4 ../DaisyExamples/libDaisy//build\libdaisy.a(stm32h7xx_hal_tim.o)
                0x0800f07c                HAL_TIM_OC_DelayElapsedCallback
 .text.HAL_TIM_IC_CaptureCallback
                0x0800f080        0x4 ../DaisyExamples/libDaisy//build\libdaisy.a(stm32h7xx_hal_tim.o)
                0x0800f080                HAL_TIM_IC_CaptureCallback
 .text.HAL_TIM_PWM_PulseFinishedCallback
                0x0800f084        0x4 ../DaisyExamples/libDaisy//build\libdaisy.a(stm32h7xx_hal_tim.o)
                0x0800f084                HAL_TIM_PWM_PulseFinishedCallback
 .text.HAL_TIM_TriggerCallback
                0x0800f088        0x4 ../DaisyExamples/libDaisy//build\libdaisy.a(stm32h7xx_hal_tim.o)
                0x0800f088                HAL_TIM_TriggerCallback
 .text.HAL_TIM_IRQHandler
                0x0800f08c      0x170 ../DaisyExamples/libDaisy//build\libdaisy.a(stm32h7xx_hal_tim.o)
                0x0800f08c                HAL_TIM_IRQHandler
 .text.HAL_TIMEx_MasterConfigSynchronization
                0x0800f1fc       0x64 ../DaisyExamples/libDaisy//build\libdaisy.a(stm32h7xx_hal_tim_ex.o)
                0x0800f1fc                HAL_TIMEx_MasterConfigSynchronization
 .text.HAL_TIMEx_CommutCallback
                0x0800f260        0x4 ../DaisyExamples/libDaisy//build\libdaisy.a(stm32h7xx_hal_tim_ex.o)
                0x0800f260                HAL_TIMEx_CommutCallback
 .text.HAL_TIMEx_BreakCallback
                0x0800f264        0x4 ../DaisyExamples/libDaisy//build\libdaisy.a(stm32h7xx_hal_tim_ex.o)
                0x0800f264                HAL_TIMEx_BreakCallback
 .text.HAL_TIMEx_Break2Callback
                0x0800f268        0x4 ../DaisyExamples/libDaisy//build\libdaisy.a(stm32h7xx_hal_tim_ex.o)
                0x0800f268                HAL_TIMEx_Break2Callback
 .text.HAL_UART_Transmit_DMA
                0x0800f26c       0xa4 ../DaisyExamples/libDaisy//build\libdaisy.a(stm32h7xx_hal_uart.o)
                0x0800f26c                HAL_UART_Transmit_DMA
 .text.HAL_UART_Receive_DMA
                0x0800f310       0xac ../DaisyExamples/libDaisy//build\libdaisy.a(stm32h7xx_hal_uart.o)
                0x0800f310                HAL_UART_Receive_DMA
 .text.UART_DMATransmitCplt
                0x0800f3bc       0x2c ../DaisyExamples/libDaisy//build\libdaisy.a(stm32h7xx_hal_uart.o)
 .text.HAL_UART_TxHalfCpltCallback
                0x0800f3e8        0x4 ../DaisyExamples/libDaisy//build\libdaisy.a(stm32h7xx_hal_uart.o)
                0x0800f3e8                HAL_UART_TxHalfCpltCallback
 .text.UART_DMATxHalfCplt
                0x0800f3ec        0xc ../DaisyExamples/libDaisy//build\libdaisy.a(stm32h7xx_hal_uart.o)
 .text.UART_DMAReceiveCplt
                0x0800f3f8       0x38 ../DaisyExamples/libDaisy//build\libdaisy.a(stm32h7xx_hal_uart.o)
 .text.HAL_UART_RxHalfCpltCallback