Archive member included to satisfy reference by file (symbol)

../DaisyExamples/libDaisy//build\libdaisy.a(daisy_seed.o)
                              build/test1.o (daisy::DaisySeed::Configure())
../DaisyExamples/libDaisy//build\libdaisy.a(codec_ak4556.o)
                              ../DaisyExamples/libDaisy//build\libdaisy.a(daisy_seed.o) (daisy::Ak4556::Init(dsy_gpio_pin))
../DaisyExamples/libDaisy//build\libdaisy.a(codec_wm8731.o)
                              ../DaisyExamples/libDaisy//build\libdaisy.a(daisy_seed.o) (daisy::Wm8731::Init(daisy::Wm8731::Config const&, daisy::I2CHandle))
../DaisyExamples/libDaisy//build\libdaisy.a(sdram.o)
                              ../DaisyExamples/libDaisy//build\libdaisy.a(daisy_seed.o) (SdramHandle::Init())
../DaisyExamples/libDaisy//build\libdaisy.a(sr_595.o)
                              build/test1.o (ShiftRegister595::Init(dsy_gpio_pin*, unsigned int))
../DaisyExamples/libDaisy//build\libdaisy.a(audio.o)
                              ../DaisyExamples/libDaisy//build\libdaisy.a(daisy_seed.o) (daisy::AudioHandle::Init(daisy::AudioHandle::Config const&, daisy::SaiHandle))
../DaisyExamples/libDaisy//build\libdaisy.a(logger.o)
                              build/test1.o (daisy::Logger<(daisy::LoggerDestination)1>::Print(char const*, ...))
../DaisyExamples/libDaisy//build\libdaisy.a(usb.o)
                              ../DaisyExamples/libDaisy//build\libdaisy.a(logger.o) (daisy::UsbHandle::Init(daisy::UsbHandle::UsbPeriph))
../DaisyExamples/libDaisy//build\libdaisy.a(adc.o)
                              build/test1.o (daisy::AdcChannelConfig::InitSingle(dsy_gpio_pin))
../DaisyExamples/libDaisy//build\libdaisy.a(gpio.o)
                              build/test1.o (daisy::GPIO::Init(daisy::Pin, daisy::GPIO::Mode, daisy::GPIO::Pull, daisy::GPIO::Speed))
../DaisyExamples/libDaisy//build\libdaisy.a(i2c.o)
                              ../DaisyExamples/libDaisy//build\libdaisy.a(daisy_seed.o) (daisy::I2CHandle::Init(daisy::I2CHandle::Config const&))
../DaisyExamples/libDaisy//build\libdaisy.a(qspi.o)
                              ../DaisyExamples/libDaisy//build\libdaisy.a(daisy_seed.o) (daisy::QSPIHandle::Init(daisy::QSPIHandle::Config const&))
../DaisyExamples/libDaisy//build\libdaisy.a(sai.o)
                              ../DaisyExamples/libDaisy//build\libdaisy.a(daisy_seed.o) (daisy::SaiHandle::Init(daisy::SaiHandle::Config const&))
../DaisyExamples/libDaisy//build\libdaisy.a(system.o)
                              ../DaisyExamples/libDaisy//build\libdaisy.a(daisy_seed.o) (daisy::System::DeInit())
../DaisyExamples/libDaisy//build\libdaisy.a(system_stm32h7xx.o)
                              build/startup_stm32h750xx.o (SystemInit)
../DaisyExamples/libDaisy//build\libdaisy.a(usbd_cdc_if.o)
                              ../DaisyExamples/libDaisy//build\libdaisy.a(usb.o) (CDC_Transmit_FS)
../DaisyExamples/libDaisy//build\libdaisy.a(usbd_conf.o)
                              ../DaisyExamples/libDaisy//build\libdaisy.a(system.o) (hpcd_USB_OTG_HS)
../DaisyExamples/libDaisy//build\libdaisy.a(usbd_desc.o)
                              ../DaisyExamples/libDaisy//build\libdaisy.a(usb.o) (HS_Desc)
../DaisyExamples/libDaisy//build\libdaisy.a(usbh_conf.o)
                              ../DaisyExamples/libDaisy//build\libdaisy.a(system.o) (hhcd_USB_OTG_HS)
../DaisyExamples/libDaisy//build\libdaisy.a(hal_map.o)
                              ../DaisyExamples/libDaisy//build\libdaisy.a(gpio.o) (dsy_hal_map_get_port)
../DaisyExamples/libDaisy//build\libdaisy.a(stm32h7xx_hal.o)
                              ../DaisyExamples/libDaisy//build\libdaisy.a(system.o) (HAL_Init)
../DaisyExamples/libDaisy//build\libdaisy.a(stm32h7xx_hal_adc.o)
                              ../DaisyExamples/libDaisy//build\libdaisy.a(adc.o) (HAL_ADC_ConfigChannel)
../DaisyExamples/libDaisy//build\libdaisy.a(stm32h7xx_hal_adc_ex.o)
                              ../DaisyExamples/libDaisy//build\libdaisy.a(adc.o) (HAL_ADCEx_Calibration_Start)
../DaisyExamples/libDaisy//build\libdaisy.a(stm32h7xx_hal_cortex.o)
                              ../DaisyExamples/libDaisy//build\libdaisy.a(stm32h7xx_hal.o) (HAL_NVIC_SetPriorityGrouping)
../DaisyExamples/libDaisy//build\libdaisy.a(stm32h7xx_hal_dma.o)
                              ../DaisyExamples/libDaisy//build\libdaisy.a(adc.o) (HAL_DMA_Init)
../DaisyExamples/libDaisy//build\libdaisy.a(stm32h7xx_hal_gpio.o)
                              ../DaisyExamples/libDaisy//build\libdaisy.a(sdram.o) (HAL_GPIO_Init)
../DaisyExamples/libDaisy//build\libdaisy.a(stm32h7xx_hal_hcd.o)
                              ../DaisyExamples/libDaisy//build\libdaisy.a(usbh_conf.o) (HAL_HCD_HC_Init)
../DaisyExamples/libDaisy//build\libdaisy.a(stm32h7xx_hal_i2c.o)
                              ../DaisyExamples/libDaisy//build\libdaisy.a(i2c.o) (HAL_I2C_Init)
../DaisyExamples/libDaisy//build\libdaisy.a(stm32h7xx_hal_i2c_ex.o)
[...]
Memory Configuration

Name             Origin             Length             Attributes
FLASH            0x08000000         0x00020000         xr
DTCMRAM          0x20000000         0x00020000         xrw
SRAM             0x24000000         0x00080000         xrw
RAM_D2           0x30000000         0x00048000         xrw
RAM_D3           0x38000000         0x00010000         xrw
ITCMRAM          0x00000000         0x00010000         xrw
SDRAM            0xc0000000         0x04000000         xrw
QSPIFLASH        0x90000000         0x00800000         xr
*default*        0x00000000         0xffffffff

Linker script and memory map

LOAD c:/users/matth/documents/daisytoolchain-0.3.3/daisytoolchain-0.3.3/windows/bin/../lib/gcc/arm-none-eabi/10.2.1/thumb/v7e-m+dp/hard/crti.o
LOAD c:/users/matth/documents/daisytoolchain-0.3.3/daisytoolchain-0.3.3/windows/bin/../lib/gcc/arm-none-eabi/10.2.1/thumb/v7e-m+dp/hard/crtbegin.o
LOAD c:/users/matth/documents/daisytoolchain-0.3.3/daisytoolchain-0.3.3/windows/bin/../lib/gcc/arm-none-eabi/10.2.1/../../../../arm-none-eabi/lib/thumb/v7e-m+dp/hard/crt0.o
LOAD build/startup_stm32h750xx.o
LOAD build/test1.o
LOAD ../DaisyExamples/libDaisy//build\libdaisy.a
LOAD c:/users/matth/documents/daisytoolchain-0.3.3/daisytoolchain-0.3.3/windows/bin/../lib/gcc/arm-none-eabi/10.2.1/../../../../arm-none-eabi/lib/thumb/v7e-m+dp/hard\libnosys.a
LOAD ../DaisyExamples/DaisySP//build\libdaisysp.a
LOAD c:/users/matth/documents/daisytoolchain-0.3.3/daisytoolchain-0.3.3/windows/bin/../lib/gcc/arm-none-eabi/10.2.1/../../../../arm-none-eabi/lib/thumb/v7e-m+dp/hard\libstdc++_nano.a
LOAD c:/users/matth/documents/daisytoolchain-0.3.3/daisytoolchain-0.3.3/windows/bin/../lib/gcc/arm-none-eabi/10.2.1/../../../../arm-none-eabi/lib/thumb/v7e-m+dp/hard\libm.a
LOAD c:/users/matth/documents/daisytoolchain-0.3.3/daisytoolchain-0.3.3/windows/bin/../lib/gcc/arm-none-eabi/10.2.1/../../../../arm-none-eabi/lib/thumb/v7e-m+dp/hard\libc_nano.a
START GROUP
LOAD c:/users/matth/documents/daisytoolchain-0.3.3/daisytoolchain-0.3.3/windows/bin/../lib/gcc/arm-none-eabi/10.2.1/thumb/v7e-m+dp/hard\libgcc.a
LOAD c:/users/matth/documents/daisytoolchain-0.3.3/daisytoolchain-0.3.3/windows/bin/../lib/gcc/arm-none-eabi/10.2.1/../../../../arm-none-eabi/lib/thumb/v7e-m+dp/hard\libc_nano.a
END GROUP
START GROUP
LOAD c:/users/matth/documents/daisytoolchain-0.3.3/daisytoolchain-0.3.3/windows/bin/../lib/gcc/arm-none-eabi/10.2.1/thumb/v7e-m+dp/hard\libgcc.a
LOAD c:/users/matth/documents/daisytoolchain-0.3.3/daisytoolchain-0.3.3/windows/bin/../lib/gcc/arm-none-eabi/10.2.1/../../../../arm-none-eabi/lib/thumb/v7e-m+dp/hard\libc_nano.a
LOAD c:/users/matth/documents/daisytoolchain-0.3.3/daisytoolchain-0.3.3/windows/bin/../lib/gcc/arm-none-eabi/10.2.1/../../../../arm-none-eabi/lib/thumb/v7e-m+dp/hard\libnosys.a
END GROUP
START GROUP
LOAD c:/users/matth/documents/daisytoolchain-0.3.3/daisytoolchain-0.3.3/windows/bin/../lib/gcc/arm-none-eabi/10.2.1/thumb/v7e-m+dp/hard\libgcc.a
LOAD c:/users/matth/documents/daisytoolchain-0.3.3/daisytoolchain-0.3.3/windows/bin/../lib/gcc/arm-none-eabi/10.2.1/../../../../arm-none-eabi/lib/thumb/v7e-m+dp/hard\libc_nano.a
LOAD c:/users/matth/documents/daisytoolchain-0.3.3/daisytoolchain-0.3.3/windows/bin/../lib/gcc/arm-none-eabi/10.2.1/../../../../arm-none-eabi/lib/thumb/v7e-m+dp/hard\libnosys.a
END GROUP
LOAD c:/users/matth/documents/daisytoolchain-0.3.3/daisytoolchain-0.3.3/windows/bin/../lib/gcc/arm-none-eabi/10.2.1/thumb/v7e-m+dp/hard/crtend.o
LOAD c:/users/matth/documents/daisytoolchain-0.3.3/daisytoolchain-0.3.3/windows/bin/../lib/gcc/arm-none-eabi/10.2.1/thumb/v7e-m+dp/hard/crtn.o
                0x20020000                _estack = 0x20020000

.isr_vector     0x08000000      0x298
                0x08000000                . = ALIGN (0x4)
 *(.isr_vector)
 .isr_vector    0x08000000      0x298 build/startup_stm32h750xx.o
                0x08000000                g_pfnVectors
                0x08000298                . = ALIGN (0x4)

.text           0x080002a0    0x1385c
                0x080002a0                . = ALIGN (0x4)
                0x080002a0                _stext = .
 *(.text)
 .text          0x080002a0       0x40 c:/users/matth/documents/daisytoolchain-0.3.3/daisytoolchain-0.3.3/windows/bin/../lib/gcc/arm-none-eabi/10.2.1/thumb/v7e-m+dp/hard/crtbegin.o
 .text          0x080002e0       0xa0 c:/users/matth/documents/daisytoolchain-0.3.3/daisytoolchain-0.3.3/windows/bin/../lib/gcc/arm-none-eabi/10.2.1/../../../../arm-none-eabi/lib/thumb/v7e-m+dp/hard\libc_nano.a(lib_a-memchr.o)
                0x080002e0                memchr
 .text          0x08000380       0x30 c:/users/matth/documents/daisytoolchain-0.3.3/daisytoolchain-0.3.3/windows/bin/../lib/gcc/arm-none-eabi/10.2.1/thumb/v7e-m+dp/hard\libgcc.a(_aeabi_uldivmod.o)
                0x08000380                __aeabi_uldivmod
 .text          0x080003b0      0x2d0 c:/users/matth/documents/daisytoolchain-0.3.3/daisytoolchain-0.3.3/windows/bin/../lib/gcc/arm-none-eabi/10.2.1/thumb/v7e-m+dp/hard\libgcc.a(_udivmoddi4.o)
                0x080003b0                __udivmoddi4
 .text          0x08000680        0x4 c:/users/matth/documents/daisytoolchain-0.3.3/daisytoolchain-0.3.3/windows/bin/../lib/gcc/arm-none-eabi/10.2.1/thumb/v7e-m+dp/hard\libgcc.a(_dvmd_tls.o)
                0x08000680                __aeabi_idiv0
                0x08000680                __aeabi_ldiv0
 *(.text*)
 .text.Default_Handler
                0x08000684        0x4 build/startup_stm32h750xx.o
                0x08000684                RTC_Alarm_IRQHandler
                0x08000684                HASH_RNG_IRQHandler
                0x08000684                EXTI2_IRQHandler
                0x08000684                TIM8_CC_IRQHandler
                0x08000684                HRTIM1_Master_IRQHandler
                0x08000684                DebugMon_Handler
                0x08000684                TIM1_CC_IRQHandler
                0x08000684                BDMA_Channel6_IRQHandler
                0x08000684                DMA2_Stream5_IRQHandler
                0x08000684                HRTIM1_FLT_IRQHandler
                0x08000684                JPEG_IRQHandler
                0x08000684                BDMA_Channel1_IRQHandler
                0x08000684                HRTIM1_TIMD_IRQHandler
                0x08000684                TAMP_STAMP_IRQHandler
                0x08000684                PendSV_Handler
                0x08000684                NMI_Handler
                0x08000684                EXTI3_IRQHandler
                0x08000684                LPTIM4_IRQHandler
                0x08000684                TIM8_TRG_COM_TIM14_IRQHandler
                0x08000684                LPTIM2_IRQHandler
                0x08000684                DFSDM1_FLT1_IRQHandler
                0x08000684                DMAMUX2_OVR_IRQHandler
                0x08000684                TIM8_UP_TIM13_IRQHandler
                0x08000684                I2C3_ER_IRQHandler
                0x08000684                DFSDM1_FLT2_IRQHandler
                0x08000684                MDMA_IRQHandler
                0x08000684                LPTIM3_IRQHandler
                0x08000684                HSEM1_IRQHandler
                0x08000684                EXTI0_IRQHandler
                0x08000684                FPU_IRQHandler
                0x08000684                OTG_HS_WKUP_IRQHandler
                0x08000684                FDCAN1_IT1_IRQHandler
                0x08000684                UsageFault_Handler
                0x08000684                LTDC_ER_IRQHandler
                0x08000684                HRTIM1_TIME_IRQHandler
                0x08000684                TIM6_DAC_IRQHandler
                0x08000684                DCMI_IRQHandler
                0x08000684                HRTIM1_TIMC_IRQHandler
                0x08000684                SAI2_IRQHandler
                0x08000684                DFSDM1_FLT3_IRQHandler
                0x08000684                TIM17_IRQHandler
                0x08000684                CRYP_IRQHandler
                0x08000684                BDMA_Channel7_IRQHandler
                0x08000684                LPTIM5_IRQHandler
                0x08000684                ADC3_IRQHandler
                0x08000684                DMA2_Stream0_IRQHandler
                0x08000684                BDMA_Channel2_IRQHandler
                0x08000684                DMAMUX1_OVR_IRQHandler
                0x08000684                TIM16_IRQHandler
                0x08000684                BDMA_Channel5_IRQHandler
                0x08000684                RCC_IRQHandler
                0x08000684                TIM8_BRK_TIM12_IRQHandler
                0x08000684                TIM1_TRG_COM_IRQHandler
                0x08000684                Default_Handler
                0x08000684                ECC_IRQHandler
                0x08000684                CEC_IRQHandler
                0x08000684                EXTI15_10_IRQHandler
                0x08000684                BDMA_Channel0_IRQHandler
                0x08000684                ADC_IRQHandler
                0x08000684                DMA1_Stream7_IRQHandler
                0x08000684                HRTIM1_TIMA_IRQHandler
                0x08000684                TIM7_IRQHandler
                0x08000684                SDMMC1_IRQHandler
                0x08000684                DMA2_Stream7_IRQHandler
                0x08000684                TIM15_IRQHandler
                0x08000684                PVD_AVD_IRQHandler
                0x08000684                EXTI9_5_IRQHandler
                0x08000684                RTC_WKUP_IRQHandler
                0x08000684                LTDC_IRQHandler
                0x08000684                SAI3_IRQHandler
                0x08000684                ETH_WKUP_IRQHandler
                0x08000684                SPDIF_RX_IRQHandler
                0x08000684                MemManage_Handler
                0x08000684                SVC_Handler
                0x08000684                CRS_IRQHandler
                0x08000684                EXTI4_IRQHandler
                0x08000684                HRTIM1_TIMB_IRQHandler
                0x08000684                FDCAN2_IT1_IRQHandler
                0x08000684                ETH_IRQHandler
                0x08000684                TIM1_UP_IRQHandler
                0x08000684                BDMA_Channel4_IRQHandler
                0x08000684                WWDG_IRQHandler
                0x08000684                SPI6_IRQHandler
                0x08000684                I2C4_EV_IRQHandler
                0x08000684                MDIOS_IRQHandler
                0x08000684                FDCAN2_IT0_IRQHandler
                0x08000684                FDCAN1_IT0_IRQHandler
                0x08000684                OTG_FS_WKUP_IRQHandler
                0x08000684                DMA2D_IRQHandler
                0x08000684                TIM1_BRK_IRQHandler
                0x08000684                EXTI1_IRQHandler
                0x08000684                SDMMC2_IRQHandler
                0x08000684                BDMA_Channel3_IRQHandler
                0x08000684                MDIOS_WKUP_IRQHandler
                0x08000684                DFSDM1_FLT0_IRQHandler
                0x08000684                SAI4_IRQHandler
                0x08000684                I2C2_ER_IRQHandler
                0x08000684                DMA2_Stream1_IRQHandler
                0x08000684                FLASH_IRQHandler
                0x08000684                BusFault_Handler
                0x08000684                WAKEUP_PIN_IRQHandler
                0x08000684                I2C1_ER_IRQHandler
                0x08000684                FMC_IRQHandler
                0x08000684                FDCAN_CAL_IRQHandler
                0x08000684                SWPMI1_IRQHandler
                0x08000684                COMP1_IRQHandler
                0x08000684                LPTIM1_IRQHandler
                0x08000684                I2C4_ER_IRQHandler
                0x08000684                DMA2_Stream6_IRQHandler
                0x08000684                SAI1_IRQHandler
 .text.Reset_Handler
                0x08000688       0x44 build/startup_stm32h750xx.o
                0x08000688                Reset_Handler
 .text._ZN5daisy9DaisySeedD2Ev
                0x080006cc        0x4 build/test1.o
                0x080006cc                daisy::DaisySeed::~DaisySeed()
                0x080006cc                daisy::DaisySeed::~DaisySeed()
 .text._Z13AudioCallbackPKPKfPPfj
                0x080006d0       0x2c build/test1.o
                0x080006d0                AudioCallback(float const* const*, float**, unsigned int)
 .text.startup.main
                0x080006fc      0x658 build/test1.o
                0x080006fc                main
 .text.startup._GLOBAL__sub_I_hw
                0x08000d54       0x20 build/test1.o
 .text._ZN5daisy9DaisySeed9ConfigureEv
                0x08000d74        0x4 ../DaisyExamples/libDaisy//build\libdaisy.a(daisy_seed.o)
                0x08000d74                daisy::DaisySeed::Configure()
 .text._ZN5daisy9DaisySeed7DelayMsEj
                0x08000d78        0x8 ../DaisyExamples/libDaisy//build\libdaisy.a(daisy_seed.o)
                0x08000d78                daisy::DaisySeed::DelayMs(unsigned int)
 .text._ZN5daisy9DaisySeed10StartAudioEPFvPKPKfPPfjE
                0x08000d80        0x8 ../DaisyExamples/libDaisy//build\libdaisy.a(daisy_seed.o)
                0x08000d80                daisy::DaisySeed::StartAudio(void (*)(float const* const*, float**, unsigned int))
 .text._ZN5daisy9DaisySeed18SetAudioSampleRateENS_9SaiHandle6Config10SampleRateE
                0x08000d88       0x38 ../DaisyExamples/libDaisy//build\libdaisy.a(daisy_seed.o)
                0x08000d88                daisy::DaisySeed::SetAudioSampleRate(daisy::SaiHandle::Config::SampleRate)
 .text._ZN5daisy9DaisySeed17SetAudioBlockSizeEj
                0x08000dc0       0x38 ../DaisyExamples/libDaisy//build\libdaisy.a(daisy_seed.o)
                0x08000dc0                daisy::DaisySeed::SetAudioBlockSize(unsigned int)
 .text._ZN5daisy9DaisySeed14ConfigureAudioEv
                0x08000df8       0xd0 ../DaisyExamples/libDaisy//build\libdaisy.a(daisy_seed.o)
                0x08000df8                daisy::DaisySeed::ConfigureAudio()
 .text._ZN5daisy9DaisySeed4InitEb
                0x08000ec8       0xf0 ../DaisyExamples/libDaisy//build\libdaisy.a(daisy_seed.o)
                0x08000ec8                daisy::DaisySeed::Init(bool)
 .text._ZN5daisy6Ak45564InitE12dsy_gpio_pin
                0x08000fb8       0x44 ../DaisyExamples/libDaisy//build\libdaisy.a(codec_ak4556.o)
                0x08000fb8                daisy::Ak4556::Init(dsy_gpio_pin)
 .text._ZN5daisy6Wm873120WriteControlRegisterEht
                0x08000ffc       0x3c ../DaisyExamples/libDaisy//build\libdaisy.a(codec_wm8731.o)
                0x08000ffc                daisy::Wm8731::WriteControlRegister(unsigned char, unsigned short)
 .text._ZN5daisy6Wm87314InitERKNS0_6ConfigENS_9I2CHandleE
                0x08001038      0x1bc ../DaisyExamples/libDaisy//build\libdaisy.a(codec_wm8731.o)
                0x08001038                daisy::Wm8731::Init(daisy::Wm8731::Config const&, daisy::I2CHandle)
 .text._ZN11SdramHandle10DeviceInitEv
                0x080011f4       0x98 ../DaisyExamples/libDaisy//build\libdaisy.a(sdram.o)
                0x080011f4                SdramHandle::DeviceInit()
 .text._ZN11SdramHandle4InitEv
                0x0800128c       0x7c ../DaisyExamples/libDaisy//build\libdaisy.a(sdram.o)
                0x0800128c                SdramHandle::Init()
 .text.HAL_SDRAM_MspInit
                0x08001308      0x1a8 ../DaisyExamples/libDaisy//build\libdaisy.a(sdram.o)
                0x08001308                HAL_SDRAM_MspInit
 .text._ZN16ShiftRegister5954InitEP12dsy_gpio_pinj
                0x080014b0       0x44 ../DaisyExamples/libDaisy//build\libdaisy.a(sr_595.o)
                0x080014b0                ShiftRegister595::Init(dsy_gpio_pin*, unsigned int)
 .text._ZN16ShiftRegister5953SetEhb
                0x080014f4       0x28 ../DaisyExamples/libDaisy//build\libdaisy.a(sr_595.o)
                0x080014f4                ShiftRegister595::Set(unsigned char, bool)
 .text._ZN16ShiftRegister5955WriteEv
                0x0800151c       0x68 ../DaisyExamples/libDaisy//build\libdaisy.a(sr_595.o)
                0x0800151c                ShiftRegister595::Write()
 .text._ZN5daisy11AudioHandle4Impl16InternalCallbackEPlS2_j
                0x08001584      0xbbc ../DaisyExamples/libDaisy//build\libdaisy.a(audio.o)
                0x08001584                daisy::AudioHandle::Impl::InternalCallback(long*, long*, unsigned int)
 .text._ZN5daisy11AudioHandle4InitERKNS0_6ConfigENS_9SaiHandleE
                0x08002140       0x70 ../DaisyExamples/libDaisy//build\libdaisy.a(audio.o)
                0x08002140                daisy::AudioHandle::Init(daisy::AudioHandle::Config const&, daisy::SaiHandle)
 .text._ZNK5daisy11AudioHandle9GetConfigEv
                0x080021b0        0x8 ../DaisyExamples/libDaisy//build\libdaisy.a(audio.o)
                0x080021b0                daisy::AudioHandle::GetConfig() const
 .text._ZN5daisy11AudioHandle12SetBlockSizeEj
                0x080021b8       0x1c ../DaisyExamples/libDaisy//build\libdaisy.a(audio.o)
                0x080021b8                daisy::AudioHandle::SetBlockSize(unsigned int)
 .text._ZN5daisy11AudioHandle13GetSampleRateEv
                0x080021d4        0x8 ../DaisyExamples/libDaisy//build\libdaisy.a(audio.o)
                0x080021d4                daisy::AudioHandle::GetSampleRate()
 .text._ZN5daisy11AudioHandle13SetSampleRateENS_9SaiHandle6Config10SampleRateE
                0x080021dc       0x88 ../DaisyExamples/libDaisy//build\libdaisy.a(audio.o)
                0x080021dc                daisy::AudioHandle::SetSampleRate(daisy::SaiHandle::Config::SampleRate)
 .text._ZN5daisy11AudioHandle5StartEPFvPKPKfPPfjE
                0x08002264       0x44 ../DaisyExamples/libDaisy//build\libdaisy.a(audio.o)
                0x08002264                daisy::AudioHandle::Start(void (*)(float const* const*, float**, unsigned int))
 .text.startup._GLOBAL__sub_I__ZN5daisy11AudioHandle4Impl4InitENS0_6ConfigENS_9SaiHandleE
                0x080022a8       0x24 ../DaisyExamples/libDaisy//build\libdaisy.a(audio.o)
 .text._ZN5daisy9UsbHandleD2Ev
                0x080022cc        0x4 ../DaisyExamples/libDaisy//build\libdaisy.a(logger.o)
                0x080022cc                daisy::UsbHandle::~UsbHandle()
                0x080022cc                daisy::UsbHandle::~UsbHandle()
 .text._ZN5daisy6LoggerILNS_17LoggerDestinationE1EE11TransmitBufEv
                0x080022d0       0x60 ../DaisyExamples/libDaisy//build\libdaisy.a(logger.o)
                0x080022d0                daisy::Logger<(daisy::LoggerDestination)1>::TransmitBuf()
 .text._ZN5daisy6LoggerILNS_17LoggerDestinationE1EE6PrintVEPKcSt9__va_list
                0x08002330       0x2c ../DaisyExamples/libDaisy//build\libdaisy.a(logger.o)
                0x08002330                daisy::Logger<(daisy::LoggerDestination)1>::PrintV(char const*, std::__va_list)
 .text._ZN5daisy6LoggerILNS_17LoggerDestinationE1EE5PrintEPKcz
                0x0800235c       0x1c ../DaisyExamples/libDaisy//build\libdaisy.a(logger.o)
                0x0800235c                daisy::Logger<(daisy::LoggerDestination)1>::Print(char const*, ...)
 .text._ZN5daisy6LoggerILNS_17LoggerDestinationE1EE13AppendNewLineEv
                0x08002378       0x60 ../DaisyExamples/libDaisy//build\libdaisy.a(logger.o)
                0x08002378                daisy::Logger<(daisy::LoggerDestination)1>::AppendNewLine()
 .text._ZN5daisy6LoggerILNS_17LoggerDestinationE1EE10PrintLineVEPKcSt9__va_list
                0x080023d8       0x30 ../DaisyExamples/libDaisy//build\libdaisy.a(logger.o)
                0x080023d8                daisy::Logger<(daisy::LoggerDestination)1>::PrintLineV(char const*, std::__va_list)
 .text._ZN5daisy6LoggerILNS_17LoggerDestinationE1EE9PrintLineEPKcz
                0x08002408       0x1c ../DaisyExamples/libDaisy//build\libdaisy.a(logger.o)
                0x08002408                daisy::Logger<(daisy::LoggerDestination)1>::PrintLine(char const*, ...)
 .text._ZN5daisy6LoggerILNS_17LoggerDestinationE1EE8StartLogEb
                0x08002424       0x40 ../DaisyExamples/libDaisy//build\libdaisy.a(logger.o)
                0x08002424                daisy::Logger<(daisy::LoggerDestination)1>::StartLog(bool)
 .text.startup._GLOBAL__sub_I__ZN5daisy10LoggerImplILNS_17LoggerDestinationE1EE11usb_handle_E
                0x08002464       0x2c ../DaisyExamples/libDaisy//build\libdaisy.a(logger.o)
 .text.DummyRxCallback
                0x08002490        0x4 ../DaisyExamples/libDaisy//build\libdaisy.a(usb.o)
                0x08002490                DummyRxCallback
 .text._ZN5daisy9UsbHandle4InitENS0_9UsbPeriphE
                0x08002494      0x10c ../DaisyExamples/libDaisy//build\libdaisy.a(usb.o)
                0x08002494                daisy::UsbHandle::Init(daisy::UsbHandle::UsbPeriph)
 .text._ZN5daisy9UsbHandle16TransmitInternalEPhj
                0x080025a0       0x14 ../DaisyExamples/libDaisy//build\libdaisy.a(usb.o)
                0x080025a0                daisy::UsbHandle::TransmitInternal(unsigned char*, unsigned int)
 .text.OTG_FS_EP1_OUT_IRQHandler
                0x080025b4        0xc ../DaisyExamples/libDaisy//build\libdaisy.a(usb.o)
                0x080025b4                OTG_FS_EP1_OUT_IRQHandler
 .text.OTG_FS_EP1_IN_IRQHandler
                0x080025c0        0xc ../DaisyExamples/libDaisy//build\libdaisy.a(usb.o)
                0x080025c0                OTG_FS_EP1_IN_IRQHandler
 .text.OTG_FS_IRQHandler
                0x080025cc        0xc ../DaisyExamples/libDaisy//build\libdaisy.a(usb.o)
                0x080025cc                OTG_FS_IRQHandler
 .text._ZN5daisy16AdcChannelConfig10InitSingleE12dsy_gpio_pin
                0x080025d8       0x1c ../DaisyExamples/libDaisy//build\libdaisy.a(adc.o)
                0x080025d8                daisy::AdcChannelConfig::InitSingle(dsy_gpio_pin)
 .text._ZN5daisy9AdcHandle4InitEPNS_16AdcChannelConfigEjNS0_12OverSamplingE
                0x080025f4      0x3c8 ../DaisyExamples/libDaisy//build\libdaisy.a(adc.o)
                0x080025f4                daisy::AdcHandle::Init(daisy::AdcChannelConfig*, unsigned int, daisy::AdcHandle::OverSampling)
 .text._ZN5daisy9AdcHandle5StartEv
                0x080029bc       0x2c ../DaisyExamples/libDaisy//build\libdaisy.a(adc.o)
                0x080029bc                daisy::AdcHandle::Start()
 .text._ZNK5daisy9AdcHandle8GetFloatEh
                0x080029e8       0x20 ../DaisyExamples/libDaisy//build\libdaisy.a(adc.o)
                0x080029e8                daisy::AdcHandle::GetFloat(unsigned char) const
 .text.HAL_ADC_MspInit
                0x08002a08       0x98 ../DaisyExamples/libDaisy//build\libdaisy.a(adc.o)
                0x08002a08                HAL_ADC_MspInit
 .text.DMA1_Stream2_IRQHandler
                0x08002aa0        0xc ../DaisyExamples/libDaisy//build\libdaisy.a(adc.o)
                0x08002aa0                DMA1_Stream2_IRQHandler
 .text.HAL_ADC_ConvCpltCallback
                0x08002aac      0x148 ../DaisyExamples/libDaisy//build\libdaisy.a(adc.o)
                0x08002aac                HAL_ADC_ConvCpltCallback
 .text.HAL_ADC_ErrorCallback
                0x08002bf4        0x4 ../DaisyExamples/libDaisy//build\libdaisy.a(adc.o)
                0x08002bf4                HAL_ADC_ErrorCallback
 .text._ZN5daisy4GPIO4InitENS_3PinENS0_4ModeENS0_4PullENS0_5SpeedE
                0x08002bf8      0x1cc ../DaisyExamples/libDaisy//build\libdaisy.a(gpio.o)
                0x08002bf8                daisy::GPIO::Init(daisy::Pin, daisy::GPIO::Mode, daisy::GPIO::Pull, daisy::GPIO::Speed)
 .text._ZN5daisy4GPIO5WriteEb
                0x08002dc4       0x14 ../DaisyExamples/libDaisy//build\libdaisy.a(gpio.o)
                0x08002dc4                daisy::GPIO::Write(bool)
 .text.dsy_gpio_init
                0x08002dd8      0x1b8 ../DaisyExamples/libDaisy//build\libdaisy.a(gpio.o)
                0x08002dd8                dsy_gpio_init
 .text.dsy_gpio_read
                0x08002f90       0x1c ../DaisyExamples/libDaisy//build\libdaisy.a(gpio.o)
                0x08002f90                dsy_gpio_read
 .text.dsy_gpio_write
                0x08002fac       0x24 ../DaisyExamples/libDaisy//build\libdaisy.a(gpio.o)
                0x08002fac                dsy_gpio_write
 .text._ZN5daisy9I2CHandle4Impl8InitPinsEv
                0x08002fd0       0x58 ../DaisyExamples/libDaisy//build\libdaisy.a(i2c.o)
                0x08002fd0                daisy::I2CHandle::Impl::InitPins()
 .text.HAL_I2C_MspInit
                0x08003028      0x1b4 ../DaisyExamples/libDaisy//build\libdaisy.a(i2c.o)
                0x08003028                HAL_I2C_MspInit
 .text.dsy_i2c_global_init
                0x080031dc       0x78 ../DaisyExamples/libDaisy//build\libdaisy.a(i2c.o)
                0x080031dc                dsy_i2c_global_init
 .text.DMA1_Stream6_IRQHandler
                0x08003254       0x34 ../DaisyExamples/libDaisy//build\libdaisy.a(i2c.o)
                0x08003254                DMA1_Stream6_IRQHandler
 .text.I2C1_EV_IRQHandler
                0x08003288        0xc ../DaisyExamples/libDaisy//build\libdaisy.a(i2c.o)
                0x08003288                I2C1_EV_IRQHandler
 .text.I2C2_EV_IRQHandler
                0x08003294        0xc ../DaisyExamples/libDaisy//build\libdaisy.a(i2c.o)
                0x08003294                I2C2_EV_IRQHandler
 .text.I2C3_EV_IRQHandler
                0x080032a0        0xc ../DaisyExamples/libDaisy//build\libdaisy.a(i2c.o)
                0x080032a0                I2C3_EV_IRQHandler
 .text._ZN5daisy9I2CHandle4InitERKNS0_6ConfigE
                0x080032ac      0x12c ../DaisyExamples/libDaisy//build\libdaisy.a(i2c.o)
                0x080032ac                daisy::I2CHandle::Init(daisy::I2CHandle::Config const&)
 .text._ZN5daisy9I2CHandle16TransmitBlockingEtPhtm
                0x080033d8       0x50 ../DaisyExamples/libDaisy//build\libdaisy.a(i2c.o)
                0x080033d8                daisy::I2CHandle::TransmitBlocking(unsigned short, unsigned char*, unsigned short, unsigned long)
 .text.startup._GLOBAL__sub_I__ZN5daisy9I2CHandle4Impl10GlobalInitEv
                0x08003428       0x18 ../DaisyExamples/libDaisy//build\libdaisy.a(i2c.o)
 .text._ZN5daisy10QSPIHandle4Impl11WriteEnableEv
                0x08003440       0x8c ../DaisyExamples/libDaisy//build\libdaisy.a(qspi.o)
                0x08003440                daisy::QSPIHandle::Impl::WriteEnable()
 *fill*         0x080034cc        0x4 
 .text._ZN5daisy10QSPIHandle4Impl17DummyCyclesConfigENS0_6Config6DeviceE
                0x080034d0      0x118 ../DaisyExamples/libDaisy//build\libdaisy.a(qspi.o)
                0x080034d0                daisy::QSPIHandle::Impl::DummyCyclesConfig(daisy::QSPIHandle::Config::Device)
 .text._ZN5daisy10QSPIHandle4Impl10QuadEnableEv
                0x080035e8      0x158 ../DaisyExamples/libDaisy//build\libdaisy.a(qspi.o)
                0x080035e8                daisy::QSPIHandle::Impl::QuadEnable()
 .text._ZN5daisy10QSPIHandle4InitERKNS0_6ConfigE
                0x08003740      0x198 ../DaisyExamples/libDaisy//build\libdaisy.a(qspi.o)
                0x08003740                daisy::QSPIHandle::Init(daisy::QSPIHandle::Config const&)
 .text.HAL_QSPI_MspInit
                0x080038d8      0x11c ../DaisyExamples/libDaisy//build\libdaisy.a(qspi.o)
                0x080038d8                HAL_QSPI_MspInit
 .text.HAL_QSPI_MspDeInit
                0x080039f4       0x54 ../DaisyExamples/libDaisy//build\libdaisy.a(qspi.o)
                0x080039f4                HAL_QSPI_MspDeInit
 .text.QUADSPI_IRQHandler
                0x08003a48        0xc ../DaisyExamples/libDaisy//build\libdaisy.a(qspi.o)
                0x08003a48                QUADSPI_IRQHandler
 .text.startup._GLOBAL__sub_I__ZN5daisy10QSPIHandle4Impl4InitERKNS0_6ConfigE
                0x08003a54       0x28 ../DaisyExamples/libDaisy//build\libdaisy.a(qspi.o)
 .text._ZN5daisy9SaiHandle4Impl7InitDmaENS1_15PeripheralBlockE
                0x08003a7c       0xa0 ../DaisyExamples/libDaisy//build\libdaisy.a(sai.o)
                0x08003a7c                daisy::SaiHandle::Impl::InitDma(daisy::SaiHandle::Impl::PeripheralBlock)
 .text._ZN5daisy9SaiHandle4Impl8InitPinsEv
                0x08003b1c       0xa8 ../DaisyExamples/libDaisy//build\libdaisy.a(sai.o)
                0x08003b1c                daisy::SaiHandle::Impl::InitPins()
 .text.HAL_SAI_MspInit
                0x08003bc4      0x164 ../DaisyExamples/libDaisy//build\libdaisy.a(sai.o)
                0x08003bc4                HAL_SAI_MspInit
 .text.DMA1_Stream0_IRQHandler
                0x08003d28        0xc ../DaisyExamples/libDaisy//build\libdaisy.a(sai.o)
                0x08003d28                DMA1_Stream0_IRQHandler
 .text.DMA1_Stream1_IRQHandler
                0x08003d34        0xc ../DaisyExamples/libDaisy//build\libdaisy.a(sai.o)
                0x08003d34                DMA1_Stream1_IRQHandler
 .text.DMA1_Stream3_IRQHandler
                0x08003d40        0xc ../DaisyExamples/libDaisy//build\libdaisy.a(sai.o)
                0x08003d40                DMA1_Stream3_IRQHandler
 .text.DMA1_Stream4_IRQHandler
                0x08003d4c        0xc ../DaisyExamples/libDaisy//build\libdaisy.a(sai.o)
                0x08003d4c                DMA1_Stream4_IRQHandler
 .text.HAL_SAI_RxHalfCpltCallback
                0x08003d58       0x78 ../DaisyExamples/libDaisy//build\libdaisy.a(sai.o)
                0x08003d58                HAL_SAI_RxHalfCpltCallback
 .text.HAL_SAI_RxCpltCallback
                0x08003dd0       0x70 ../DaisyExamples/libDaisy//build\libdaisy.a(sai.o)
                0x08003dd0                HAL_SAI_RxCpltCallback
 .text._ZN5daisy9SaiHandle4InitERKNS0_6ConfigE
                0x08003e40      0x1f0 ../DaisyExamples/libDaisy//build\libdaisy.a(sai.o)
                0x08003e40                daisy::SaiHandle::Init(daisy::SaiHandle::Config const&)
 .text._ZNK5daisy9SaiHandle9GetConfigEv
                0x08004030        0x4 ../DaisyExamples/libDaisy//build\libdaisy.a(sai.o)
                0x08004030                daisy::SaiHandle::GetConfig() const
 .text._ZN5daisy9SaiHandle8StartDmaEPlS1_jPFvS1_S1_jE
                0x08004034       0xbc ../DaisyExamples/libDaisy//build\libdaisy.a(sai.o)
                0x08004034                daisy::SaiHandle::StartDma(long*, long*, unsigned int, void (*)(long*, long*, unsigned int))
 .text._ZN5daisy9SaiHandle13GetSampleRateEv
                0x080040f0       0x24 ../DaisyExamples/libDaisy//build\libdaisy.a(sai.o)
                0x080040f0                daisy::SaiHandle::GetSampleRate()
 .text._ZNK5daisy9SaiHandle9GetOffsetEv
                0x08004114        0x8 ../DaisyExamples/libDaisy//build\libdaisy.a(sai.o)
                0x08004114                daisy::SaiHandle::GetOffset() const
 .text._ZN5daisy11TimerHandleD2Ev
                0x0800411c        0x4 ../DaisyExamples/libDaisy//build\libdaisy.a(system.o)
                0x0800411c                daisy::TimerHandle::~TimerHandle()
                0x0800411c                daisy::TimerHandle::~TimerHandle()
 .text.SysTick_Handler
                0x08004120       0x10 ../DaisyExamples/libDaisy//build\libdaisy.a(system.o)
                0x08004120                SysTick_Handler
 .text.OTG_HS_EP1_OUT_IRQHandler
                0x08004130       0x24 ../DaisyExamples/libDaisy//build\libdaisy.a(system.o)
                0x08004130                OTG_HS_EP1_OUT_IRQHandler
 .text.OTG_HS_EP1_IN_IRQHandler
                0x08004154       0x24 ../DaisyExamples/libDaisy//build\libdaisy.a(system.o)
                0x08004154                OTG_HS_EP1_IN_IRQHandler
 .text.OTG_HS_IRQHandler
                0x08004178       0x24 ../DaisyExamples/libDaisy//build\libdaisy.a(system.o)
                0x08004178                OTG_HS_IRQHandler
 .text.HardFault_Handler
                0x0800419c       0xe0 ../DaisyExamples/libDaisy//build\libdaisy.a(system.o)
                0x0800419c                HardFault_Handler
 .text._ZN5daisy6System5DelayEm
                0x0800427c        0x4 ../DaisyExamples/libDaisy//build\libdaisy.a(system.o)
                0x0800427c                daisy::System::Delay(unsigned long)
 .text._ZN5daisy6System10DelayTicksEm
                0x08004280        0xc ../DaisyExamples/libDaisy//build\libdaisy.a(system.o)
                0x08004280                daisy::System::DelayTicks(unsigned long)
 .text._ZN5daisy6System15ConfigureClocksEv
                0x0800428c      0x194 ../DaisyExamples/libDaisy//build\libdaisy.a(system.o)
                0x0800428c                daisy::System::ConfigureClocks()
 .text._ZN5daisy6System4InitERKNS0_6ConfigE
                0x08004420      0x140 ../DaisyExamples/libDaisy//build\libdaisy.a(system.o)
                0x08004420                daisy::System::Init(daisy::System::Config const&)
 .text._ZN5daisy6System12GetPClk1FreqEv
                0x08004560        0x4 ../DaisyExamples/libDaisy//build\libdaisy.a(system.o)
                0x08004560                daisy::System::GetPClk1Freq()
 .text._ZN5daisy6System22GetProgramMemoryRegionEv
                0x08004564       0x78 ../DaisyExamples/libDaisy//build\libdaisy.a(system.o)
                0x08004564                daisy::System::GetProgramMemoryRegion()
 .text.startup._GLOBAL__sub_I_SysTick_Handler
                0x080045dc       0x1c ../DaisyExamples/libDaisy//build\libdaisy.a(system.o)
 .text.SystemInit
                0x080045f8       0x9c ../DaisyExamples/libDaisy//build\libdaisy.a(system_stm32h7xx.o)
                0x080045f8                SystemInit
 .text.dummy_rx_callback
                0x08004694        0x4 ../DaisyExamples/libDaisy//build\libdaisy.a(usbd_cdc_if.o)
                0x08004694                dummy_rx_callback
 .text.CDC_DeInit_FS
                0x08004698        0x4 ../DaisyExamples/libDaisy//build\libdaisy.a(usbd_cdc_if.o)
 .text.CDC_Receive_FS
                0x0800469c       0x2c ../DaisyExamples/libDaisy//build\libdaisy.a(usbd_cdc_if.o)
 .text.CDC_Receive_HS
                0x080046c8       0x2c ../DaisyExamples/libDaisy//build\libdaisy.a(usbd_cdc_if.o)
 .text.CDC_Init_FS
                0x080046f4       0x3c ../DaisyExamples/libDaisy//build\libdaisy.a(usbd_cdc_if.o)
 .text.CDC_Init_HS
                0x08004730       0x3c ../DaisyExamples/libDaisy//build\libdaisy.a(usbd_cdc_if.o)
 .text.CDC_Control_FS
                0x0800476c       0x34 ../DaisyExamples/libDaisy//build\libdaisy.a(usbd_cdc_if.o)
 .text.CDC_Control_HS
                0x080047a0       0x34 ../DaisyExamples/libDaisy//build\libdaisy.a(usbd_cdc_if.o)
 .text.CDC_DeInit_HS
                0x080047d4        0x4 ../DaisyExamples/libDaisy//build\libdaisy.a(usbd_cdc_if.o)
 .text.CDC_Transmit_FS
                0x080047d8       0x2c ../DaisyExamples/libDaisy//build\libdaisy.a(usbd_cdc_if.o)
                0x080047d8                CDC_Transmit_FS
 .text.HAL_PCD_MspInit
                0x08004804      0x144 ../DaisyExamples/libDaisy//build\libdaisy.a(usbd_conf.o)
                0x08004804                HAL_PCD_MspInit
 .text.HAL_PCD_SetupStageCallback
                0x08004948        0xc ../DaisyExamples/libDaisy//build\libdaisy.a(usbd_conf.o)
                0x08004948                HAL_PCD_SetupStageCallback
 .text.HAL_PCD_DataOutStageCallback
                0x08004954       0x14 ../DaisyExamples/libDaisy//build\libdaisy.a(usbd_conf.o)
                0x08004954                HAL_PCD_DataOutStageCallback
 .text.HAL_PCD_DataInStageCallback
                0x08004968       0x14 ../DaisyExamples/libDaisy//build\libdaisy.a(usbd_conf.o)
                0x08004968                HAL_PCD_DataInStageCallback
 .text.HAL_PCD_SOFCallback
                0x0800497c        0x8 ../DaisyExamples/libDaisy//build\libdaisy.a(usbd_conf.o)
                0x0800497c                HAL_PCD_SOFCallback
 .text.HAL_PCD_ResetCallback
                0x08004984       0x24 ../DaisyExamples/libDaisy//build\libdaisy.a(usbd_conf.o)
                0x08004984                HAL_PCD_ResetCallback
 .text.HAL_PCD_SuspendCallback
                0x080049a8       0x30 ../DaisyExamples/libDaisy//build\libdaisy.a(usbd_conf.o)
                0x080049a8                HAL_PCD_SuspendCallback
 .text.HAL_PCD_ResumeCallback
                0x080049d8        0x8 ../DaisyExamples/libDaisy//build\libdaisy.a(usbd_conf.o)
                0x080049d8                HAL_PCD_ResumeCallback
 .text.HAL_PCD_ISOOUTIncompleteCallback
                0x080049e0        0x8 ../DaisyExamples/libDaisy//build\libdaisy.a(usbd_conf.o)
                0x080049e0                HAL_PCD_ISOOUTIncompleteCallback
 .text.HAL_PCD_ISOINIncompleteCallback
                0x080049e8        0x8 ../DaisyExamples/libDaisy//build\libdaisy.a(usbd_conf.o)
                0x080049e8                HAL_PCD_ISOINIncompleteCallback
 .text.HAL_PCD_ConnectCallback
                0x080049f0        0x8 ../DaisyExamples/libDaisy//build\libdaisy.a(usbd_conf.o)
                0x080049f0                HAL_PCD_ConnectCallback
 .text.HAL_PCD_DisconnectCallback
                0x080049f8        0x8 ../DaisyExamples/libDaisy//build\libdaisy.a(usbd_conf.o)
                0x080049f8                HAL_PCD_DisconnectCallback
 .text.USBD_LL_Init
                0x08004a00       0xe4 ../DaisyExamples/libDaisy//build\libdaisy.a(usbd_conf.o)
                0x08004a00                USBD_LL_Init
 .text.USBD_LL_Start
                0x08004ae4       0x1c ../DaisyExamples/libDaisy//build\libdaisy.a(usbd_conf.o)
                0x08004ae4                USBD_LL_Start
 .text.USBD_LL_OpenEP
                0x08004b00       0x24 ../DaisyExamples/libDaisy//build\libdaisy.a(usbd_conf.o)
                0x08004b00                USBD_LL_OpenEP
 .text.USBD_LL_CloseEP
                0x08004b24       0x1c ../DaisyExamples/libDaisy//build\libdaisy.a(usbd_conf.o)
                0x08004b24                USBD_LL_CloseEP
 .text.USBD_LL_StallEP
                0x08004b40       0x1c ../DaisyExamples/libDaisy//build\libdaisy.a(usbd_conf.o)
                0x08004b40                USBD_LL_StallEP
 .text.USBD_LL_ClearStallEP
                0x08004b5c       0x1c ../DaisyExamples/libDaisy//build\libdaisy.a(usbd_conf.o)
                0x08004b5c                USBD_LL_ClearStallEP
 .text.USBD_LL_IsStallEP
                0x08004b78       0x28 ../DaisyExamples/libDaisy//build\libdaisy.a(usbd_conf.o)
                0x08004b78                USBD_LL_IsStallEP
 .text.USBD_LL_SetUSBAddress
                0x08004ba0       0x1c ../DaisyExamples/libDaisy//build\libdaisy.a(usbd_conf.o)
                0x08004ba0                USBD_LL_SetUSBAddress
 .text.USBD_LL_Transmit
                0x08004bbc       0x1c ../DaisyExamples/libDaisy//build\libdaisy.a(usbd_conf.o)
                0x08004bbc                USBD_LL_Transmit
 .text.USBD_LL_PrepareReceive
                0x08004bd8       0x1c ../DaisyExamples/libDaisy//build\libdaisy.a(usbd_conf.o)
                0x08004bd8                USBD_LL_PrepareReceive
 .text.USBD_LL_GetRxDataSize
                0x08004bf4        0x8 ../DaisyExamples/libDaisy//build\libdaisy.a(usbd_conf.o)
                0x08004bf4                USBD_LL_GetRxDataSize
 .text.USBD_HS_DeviceDescriptor
                0x08004bfc        0xc ../DaisyExamples/libDaisy//build\libdaisy.a(usbd_desc.o)
                0x08004bfc                USBD_HS_DeviceDescriptor
 .text.USBD_FS_DeviceDescriptor
                0x08004c08        0xc ../DaisyExamples/libDaisy//build\libdaisy.a(usbd_desc.o)
                0x08004c08                USBD_FS_DeviceDescriptor
 .text.USBD_FS_LangIDStrDescriptor
                0x08004c14        0xc ../DaisyExamples/libDaisy//build\libdaisy.a(usbd_desc.o)
                0x08004c14                USBD_FS_LangIDStrDescriptor
 .text.USBD_FS_ManufacturerStrDescriptor
                0x08004c20       0x1c ../DaisyExamples/libDaisy//build\libdaisy.a(usbd_desc.o)
                0x08004c20                USBD_FS_ManufacturerStrDescriptor
 .text.USBD_HS_ProductStrDescriptor
                0x08004c3c       0x1c ../DaisyExamples/libDaisy//build\libdaisy.a(usbd_desc.o)
                0x08004c3c                USBD_HS_ProductStrDescriptor
 .text.USBD_FS_ConfigStrDescriptor
                0x08004c58       0x1c ../DaisyExamples/libDaisy//build\libdaisy.a(usbd_desc.o)
                0x08004c58                USBD_FS_ConfigStrDescriptor
 .text.USBD_FS_InterfaceStrDescriptor
                0x08004c74       0x1c ../DaisyExamples/libDaisy//build\libdaisy.a(usbd_desc.o)
                0x08004c74                USBD_FS_InterfaceStrDescriptor
 .text.USBD_FS_ProductStrDescriptor
                0x08004c90       0x1c ../DaisyExamples/libDaisy//build\libdaisy.a(usbd_desc.o)
                0x08004c90                USBD_FS_ProductStrDescriptor
 .text.USBD_HS_LangIDStrDescriptor
                0x08004cac        0xc ../DaisyExamples/libDaisy//build\libdaisy.a(usbd_desc.o)
                0x08004cac                USBD_HS_LangIDStrDescriptor
 .text.USBD_HS_ManufacturerStrDescriptor
                0x08004cb8       0x1c ../DaisyExamples/libDaisy//build\libdaisy.a(usbd_desc.o)
                0x08004cb8                USBD_HS_ManufacturerStrDescriptor
 .text.USBD_FS_SerialStrDescriptor
                0x08004cd4      0x124 ../DaisyExamples/libDaisy//build\libdaisy.a(usbd_desc.o)
                0x08004cd4                USBD_FS_SerialStrDescriptor
 .text.USBD_HS_SerialStrDescriptor
                0x08004df8      0x124 ../DaisyExamples/libDaisy//build\libdaisy.a(usbd_desc.o)
                0x08004df8                USBD_HS_SerialStrDescriptor
 .text.USBD_HS_InterfaceStrDescriptor
                0x08004f1c       0x1c ../DaisyExamples/libDaisy//build\libdaisy.a(usbd_desc.o)
                0x08004f1c                USBD_HS_InterfaceStrDescriptor
 .text.USBD_HS_ConfigStrDescriptor
                0x08004f38       0x1c ../DaisyExamples/libDaisy//build\libdaisy.a(usbd_desc.o)
                0x08004f38                USBD_HS_ConfigStrDescriptor
 .text.HAL_HCD_SOF_Callback
                0x08004f54        0x8 ../DaisyExamples/libDaisy//build\libdaisy.a(usbh_conf.o)
                0x08004f54                HAL_HCD_SOF_Callback
 .text.HAL_HCD_Connect_Callback
                0x08004f5c        0x8 ../DaisyExamples/libDaisy//build\libdaisy.a(usbh_conf.o)
                0x08004f5c                HAL_HCD_Connect_Callback
 .text.HAL_HCD_Disconnect_Callback
                0x08004f64        0x8 ../DaisyExamples/libDaisy//build\libdaisy.a(usbh_conf.o)
                0x08004f64                HAL_HCD_Disconnect_Callback
 .text.HAL_HCD_HC_NotifyURBChange_Callback
                0x08004f6c        0x4 ../DaisyExamples/libDaisy//build\libdaisy.a(usbh_conf.o)
                0x08004f6c                HAL_HCD_HC_NotifyURBChange_Callback
 .text.HAL_HCD_PortEnabled_Callback
                0x08004f70        0x8 ../DaisyExamples/libDaisy//build\libdaisy.a(usbh_conf.o)
                0x08004f70                HAL_HCD_PortEnabled_Callback
 .text.HAL_HCD_PortDisabled_Callback
                0x08004f78        0x8 ../DaisyExamples/libDaisy//build\libdaisy.a(usbh_conf.o)
                0x08004f78                HAL_HCD_PortDisabled_Callback
 .text.USBH_LL_Stop
                0x08004f80       0x1c ../DaisyExamples/libDaisy//build\libdaisy.a(usbh_conf.o)
                0x08004f80                USBH_LL_Stop
 .text.dsy_hal_map_get_port
                0x08004f9c       0x10 ../DaisyExamples/libDaisy//build\libdaisy.a(hal_map.o)
                0x08004f9c                dsy_hal_map_get_port
 .text.dsy_hal_map_get_pin
                0x08004fac       0x10 ../DaisyExamples/libDaisy//build\libdaisy.a(hal_map.o)
                0x08004fac                dsy_hal_map_get_pin
 .text.dsy_hal_map_gpio_clk_enable
                0x08004fbc      0x150 ../DaisyExamples/libDaisy//build\libdaisy.a(hal_map.o)
                0x08004fbc                dsy_hal_map_gpio_clk_enable
 .text.HAL_MspInit
                0x0800510c        0x4 ../DaisyExamples/libDaisy//build\libdaisy.a(stm32h7xx_hal.o)
                0x0800510c                HAL_MspInit
 .text.HAL_InitTick
                0x08005110       0x4c ../DaisyExamples/libDaisy//build\libdaisy.a(stm32h7xx_hal.o)
                0x08005110                HAL_InitTick
 .text.HAL_Init
                0x0800515c       0x60 ../DaisyExamples/libDaisy//build\libdaisy.a(stm32h7xx_hal.o)
                0x0800515c                HAL_Init
 .text.HAL_IncTick
                0x080051bc       0x18 ../DaisyExamples/libDaisy//build\libdaisy.a(stm32h7xx_hal.o)
                0x080051bc                HAL_IncTick
 .text.HAL_GetTick
                0x080051d4        0xc ../DaisyExamples/libDaisy//build\libdaisy.a(stm32h7xx_hal.o)
                0x080051d4                HAL_GetTick
 .text.HAL_Delay
                0x080051e0       0x24 ../DaisyExamples/libDaisy//build\libdaisy.a(stm32h7xx_hal.o)
                0x080051e0                HAL_Delay
 .text.HAL_GetREVID
                0x08005204        0xc ../DaisyExamples/libDaisy//build\libdaisy.a(stm32h7xx_hal.o)
                0x08005204                HAL_GetREVID
 .text.HAL_ADC_ConvHalfCpltCallback
                0x08005210        0x4 ../DaisyExamples/libDaisy//build\libdaisy.a(stm32h7xx_hal_adc.o)
                0x08005210                HAL_ADC_ConvHalfCpltCallback
 .text.ADC_DMAHalfConvCplt
                0x08005214        0xc ../DaisyExamples/libDaisy//build\libdaisy.a(stm32h7xx_hal_adc.o)
                0x08005214                ADC_DMAHalfConvCplt
 .text.ADC_DMAConvCplt
                0x08005220       0x6c ../DaisyExamples/libDaisy//build\libdaisy.a(stm32h7xx_hal_adc.o)
                0x08005220                ADC_DMAConvCplt
 .text.ADC_DMAError
                0x0800528c       0x1c ../DaisyExamples/libDaisy//build\libdaisy.a(stm32h7xx_hal_adc.o)
                0x0800528c                ADC_DMAError
 .text.HAL_ADC_ConfigChannel
                0x080052a8      0x3fc ../DaisyExamples/libDaisy//build\libdaisy.a(stm32h7xx_hal_adc.o)
                0x080052a8                HAL_ADC_ConfigChannel
 .text.ADC_Enable
                0x080056a4       0xac ../DaisyExamples/libDaisy//build\libdaisy.a(stm32h7xx_hal_adc.o)
                0x080056a4                ADC_Enable
 .text.HAL_ADC_Start_DMA
                0x08005750      0x114 ../DaisyExamples/libDaisy//build\libdaisy.a(stm32h7xx_hal_adc.o)
                0x08005750                HAL_ADC_Start_DMA
 .text.ADC_Disable
                0x08005864       0x68 ../DaisyExamples/libDaisy//build\libdaisy.a(stm32h7xx_hal_adc.o)
                0x08005864                ADC_Disable
 .text.ADC_ConfigureBoostMode
                0x080058cc      0x184 ../DaisyExamples/libDaisy//build\libdaisy.a(stm32h7xx_hal_adc.o)
                0x080058cc                ADC_ConfigureBoostMode
 .text.HAL_ADC_Init
                0x08005a50      0x218 ../DaisyExamples/libDaisy//build\libdaisy.a(stm32h7xx_hal_adc.o)
                0x08005a50                HAL_ADC_Init
 .text.HAL_ADCEx_Calibration_Start
                0x08005c68       0xa4 ../DaisyExamples/libDaisy//build\libdaisy.a(stm32h7xx_hal_adc_ex.o)
                0x08005c68                HAL_ADCEx_Calibration_Start
 .text.HAL_ADCEx_MultiModeConfigChannel
                0x08005d0c       0xc4 ../DaisyExamples/libDaisy//build\libdaisy.a(stm32h7xx_hal_adc_ex.o)
                0x08005d0c                HAL_ADCEx_MultiModeConfigChannel
 .text.HAL_NVIC_SetPriorityGrouping
                0x08005dd0       0x24 ../DaisyExamples/libDaisy//build\libdaisy.a(stm32h7xx_hal_cortex.o)
                0x08005dd0                HAL_NVIC_SetPriorityGrouping
 .text.HAL_NVIC_SetPriority
                0x08005df4       0x7c ../DaisyExamples/libDaisy//build\libdaisy.a(stm32h7xx_hal_cortex.o)
                0x08005df4                HAL_NVIC_SetPriority
 .text.HAL_NVIC_EnableIRQ
                0x08005e70       0x1c ../DaisyExamples/libDaisy//build\libdaisy.a(stm32h7xx_hal_cortex.o)
                0x08005e70                HAL_NVIC_EnableIRQ
 .text.HAL_NVIC_DisableIRQ
                0x08005e8c       0x28 ../DaisyExamples/libDaisy//build\libdaisy.a(stm32h7xx_hal_cortex.o)
                0x08005e8c                HAL_NVIC_DisableIRQ
 .text.HAL_SYSTICK_Config
                0x08005eb4       0x2c ../DaisyExamples/libDaisy//build\libdaisy.a(stm32h7xx_hal_cortex.o)
                0x08005eb4                HAL_SYSTICK_Config
 .text.HAL_MPU_Disable
                0x08005ee0       0x1c ../DaisyExamples/libDaisy//build\libdaisy.a(stm32h7xx_hal_cortex.o)
                0x08005ee0                HAL_MPU_Disable
 .text.HAL_MPU_Enable
                0x08005efc       0x20 ../DaisyExamples/libDaisy//build\libdaisy.a(stm32h7xx_hal_cortex.o)
                0x08005efc                HAL_MPU_Enable
 .text.HAL_MPU_ConfigRegion
                0x08005f1c       0x64 ../DaisyExamples/libDaisy//build\libdaisy.a(stm32h7xx_hal_cortex.o)
                0x08005f1c                HAL_MPU_ConfigRegion
 .text.HAL_SYSTICK_Callback
                0x08005f80        0x4 ../DaisyExamples/libDaisy//build\libdaisy.a(stm32h7xx_hal_cortex.o)
                0x08005f80                HAL_SYSTICK_Callback
 .text.HAL_SYSTICK_IRQHandler
                0x08005f84        0x8 ../DaisyExamples/libDaisy//build\libdaisy.a(stm32h7xx_hal_cortex.o)
                0x08005f84                HAL_SYSTICK_IRQHandler
 .text.DMA_CalcBaseAndBitshift
                0x08005f8c       0xf4 ../DaisyExamples/libDaisy//build\libdaisy.a(stm32h7xx_hal_dma.o)
 .text.DMA_CalcDMAMUXChannelBaseAndMask
                0x08006080       0xd8 ../DaisyExamples/libDaisy//build\libdaisy.a(stm32h7xx_hal_dma.o)
 .text.HAL_DMA_Init
                0x08006158      0x37c ../DaisyExamples/libDaisy//build\libdaisy.a(stm32h7xx_hal_dma.o)
                0x08006158                HAL_DMA_Init
 .text.HAL_DMA_Start_IT
                0x080064d4      0x240 ../DaisyExamples/libDaisy//build\libdaisy.a(stm32h7xx_hal_dma.o)
                0x080064d4                HAL_DMA_Start_IT
 .text.HAL_DMA_Abort_IT
                0x08006714      0x134 ../DaisyExamples/libDaisy//build\libdaisy.a(stm32h7xx_hal_dma.o)
                0x08006714                HAL_DMA_Abort_IT
 .text.HAL_DMA_IRQHandler
                0x08006848      0x6a0 ../DaisyExamples/libDaisy//build\libdaisy.a(stm32h7xx_hal_dma.o)
                0x08006848                HAL_DMA_IRQHandler
 .text.HAL_DMA_GetError
                0x08006ee8        0x4 ../DaisyExamples/libDaisy//build\libdaisy.a(stm32h7xx_hal_dma.o)
                0x08006ee8                HAL_DMA_GetError
 .text.HAL_GPIO_Init
                0x08006eec      0x280 ../DaisyExamples/libDaisy//build\libdaisy.a(stm32h7xx_hal_gpio.o)
                0x08006eec                HAL_GPIO_Init
 .text.HAL_GPIO_DeInit
                0x0800716c      0x190 ../DaisyExamples/libDaisy//build\libdaisy.a(stm32h7xx_hal_gpio.o)
                0x0800716c                HAL_GPIO_DeInit
 .text.HAL_GPIO_ReadPin
                0x080072fc        0xc ../DaisyExamples/libDaisy//build\libdaisy.a(stm32h7xx_hal_gpio.o)
                0x080072fc                HAL_GPIO_ReadPin
 .text.HAL_GPIO_WritePin
                0x08007308        0x8 ../DaisyExamples/libDaisy//build\libdaisy.a(stm32h7xx_hal_gpio.o)
                0x08007308                HAL_GPIO_WritePin
 .text.HAL_HCD_IRQHandler
                0x08007310      0x780 ../DaisyExamples/libDaisy//build\libdaisy.a(stm32h7xx_hal_hcd.o)
                0x08007310                HAL_HCD_IRQHandler
 .text.HAL_HCD_Stop
                0x08007a90       0x28 ../DaisyExamples/libDaisy//build\libdaisy.a(stm32h7xx_hal_hcd.o)
                0x08007a90                HAL_HCD_Stop
 .text.I2C_WaitOnTXISFlagUntilTimeout
                0x08007ab8       0xb8 ../DaisyExamples/libDaisy//build\libdaisy.a(stm32h7xx_hal_i2c.o)
 .text.I2C_WaitOnSTOPFlagUntilTimeout
                0x08007b70       0xac ../DaisyExamples/libDaisy//build\libdaisy.a(stm32h7xx_hal_i2c.o)
 .text.HAL_I2C_Init
                0x08007c1c       0xac ../DaisyExamples/libDaisy//build\libdaisy.a(stm32h7xx_hal_i2c.o)
                0x08007c1c                HAL_I2C_Init
 .text.HAL_I2C_Master_Transmit
                0x08007cc8      0x1a8 ../DaisyExamples/libDaisy//build\libdaisy.a(stm32h7xx_hal_i2c.o)
                0x08007cc8                HAL_I2C_Master_Transmit
 .text.HAL_I2C_Slave_Transmit
                0x08007e70      0x1c8 ../DaisyExamples/libDaisy//build\libdaisy.a(stm32h7xx_hal_i2c.o)
                0x08007e70                HAL_I2C_Slave_Transmit
 .text.HAL_I2C_EV_IRQHandler
                0x08008038       0x10 ../DaisyExamples/libDaisy//build\libdaisy.a(stm32h7xx_hal_i2c.o)
                0x08008038                HAL_I2C_EV_IRQHandler
 .text.HAL_I2C_GetState
                0x08008048        0x8 ../DaisyExamples/libDaisy//build\libdaisy.a(stm32h7xx_hal_i2c.o)
                0x08008048                HAL_I2C_GetState
 .text.HAL_I2CEx_ConfigAnalogFilter
                0x08008050       0x54 ../DaisyExamples/libDaisy//build\libdaisy.a(stm32h7xx_hal_i2c_ex.o)
                0x08008050                HAL_I2CEx_ConfigAnalogFilter
 .text.HAL_I2CEx_ConfigDigitalFilter
                0x080080a4       0x58 ../DaisyExamples/libDaisy//build\libdaisy.a(stm32h7xx_hal_i2c_ex.o)
                0x080080a4                HAL_I2CEx_ConfigDigitalFilter
 .text.HAL_PCD_Init
                0x080080fc      0x12c ../DaisyExamples/libDaisy//build\libdaisy.a(stm32h7xx_hal_pcd.o)
                0x080080fc                HAL_PCD_Init
 .text.HAL_PCD_Start
                0x08008228       0x44 ../DaisyExamples/libDaisy//build\libdaisy.a(stm32h7xx_hal_pcd.o)
                0x08008228                HAL_PCD_Start
 .text.HAL_PCD_IRQHandler
                0x0800826c      0x69c ../DaisyExamples/libDaisy//build\libdaisy.a(stm32h7xx_hal_pcd.o)
                0x0800826c                HAL_PCD_IRQHandler
 .text.HAL_PCD_SetAddress
                0x08008908       0x2c ../DaisyExamples/libDaisy//build\libdaisy.a(stm32h7xx_hal_pcd.o)
                0x08008908                HAL_PCD_SetAddress
 .text.HAL_PCD_EP_Open
                0x08008934       0x7c ../DaisyExamples/libDaisy//build\libdaisy.a(stm32h7xx_hal_pcd.o)
                0x08008934                HAL_PCD_EP_Open
 .text.HAL_PCD_EP_Close
                0x080089b0       0x6c ../DaisyExamples/libDaisy//build\libdaisy.a(stm32h7xx_hal_pcd.o)
                0x080089b0                HAL_PCD_EP_Close
 .text.HAL_PCD_EP_Receive
                0x08008a1c       0x50 ../DaisyExamples/libDaisy//build\libdaisy.a(stm32h7xx_hal_pcd.o)
                0x08008a1c                HAL_PCD_EP_Receive
 .text.HAL_PCD_EP_GetRxCount
                0x08008a6c       0x14 ../DaisyExamples/libDaisy//build\libdaisy.a(stm32h7xx_hal_pcd.o)
                0x08008a6c                HAL_PCD_EP_GetRxCount
 .text.HAL_PCD_EP_Transmit
                0x08008a80       0x50 ../DaisyExamples/libDaisy//build\libdaisy.a(stm32h7xx_hal_pcd.o)
                0x08008a80                HAL_PCD_EP_Transmit
 .text.HAL_PCD_EP_SetStall
                0x08008ad0       0x88 ../DaisyExamples/libDaisy//build\libdaisy.a(stm32h7xx_hal_pcd.o)
                0x08008ad0                HAL_PCD_EP_SetStall
 .text.HAL_PCD_EP_ClrStall
                0x08008b58       0x78 ../DaisyExamples/libDaisy//build\libdaisy.a(stm32h7xx_hal_pcd.o)
                0x08008b58                HAL_PCD_EP_ClrStall
 .text.HAL_PCDEx_SetTxFiFo
                0x08008bd0       0x54 ../DaisyExamples/libDaisy//build\libdaisy.a(stm32h7xx_hal_pcd_ex.o)
                0x08008bd0                HAL_PCDEx_SetTxFiFo
 .text.HAL_PCDEx_SetRxFiFo
                0x08008c24        0xc ../DaisyExamples/libDaisy//build\libdaisy.a(stm32h7xx_hal_pcd_ex.o)
                0x08008c24                HAL_PCDEx_SetRxFiFo
 .text.HAL_PCDEx_ActivateLPM
                0x08008c30       0x30 ../DaisyExamples/libDaisy//build\libdaisy.a(stm32h7xx_hal_pcd_ex.o)
                0x08008c30                HAL_PCDEx_ActivateLPM
 .text.HAL_PCDEx_LPM_Callback
                0x08008c60        0x4 ../DaisyExamples/libDaisy//build\libdaisy.a(stm32h7xx_hal_pcd_ex.o)
                0x08008c60                HAL_PCDEx_LPM_Callback
 .text.HAL_PWREx_ConfigSupply
                0x08008c64       0x4c ../DaisyExamples/libDaisy//build\libdaisy.a(stm32h7xx_hal_pwr_ex.o)
                0x08008c64                HAL_PWREx_ConfigSupply
 .text.HAL_PWREx_EnableUSBVoltageDetector
                0x08008cb0       0x10 ../DaisyExamples/libDaisy//build\libdaisy.a(stm32h7xx_hal_pwr_ex.o)
                0x08008cb0                HAL_PWREx_EnableUSBVoltageDetector
 .text.QSPI_Config
                0x08008cc0      0x174 ../DaisyExamples/libDaisy//build\libdaisy.a(stm32h7xx_hal_qspi.o)
 .text.HAL_QSPI_Init
                0x08008e34       0xd8 ../DaisyExamples/libDaisy//build\libdaisy.a(stm32h7xx_hal_qspi.o)
                0x08008e34                HAL_QSPI_Init
 .text.HAL_QSPI_DeInit
                0x08008f0c       0x3c ../DaisyExamples/libDaisy//build\libdaisy.a(stm32h7xx_hal_qspi.o)
                0x08008f0c                HAL_QSPI_DeInit
 .text.HAL_QSPI_Command
                0x08008f48       0xd4 ../DaisyExamples/libDaisy//build\libdaisy.a(stm32h7xx_hal_qspi.o)
                0x08008f48                HAL_QSPI_Command
 .text.HAL_QSPI_Transmit
                0x0800901c       0xfc ../DaisyExamples/libDaisy//build\libdaisy.a(stm32h7xx_hal_qspi.o)
                0x0800901c                HAL_QSPI_Transmit
 .text.HAL_QSPI_Receive
                0x08009118      0x108 ../DaisyExamples/libDaisy//build\libdaisy.a(stm32h7xx_hal_qspi.o)
                0x08009118                HAL_QSPI_Receive
 .text.HAL_QSPI_AutoPolling
                0x08009220       0xf0 ../DaisyExamples/libDaisy//build\libdaisy.a(stm32h7xx_hal_qspi.o)
                0x08009220                HAL_QSPI_AutoPolling
 .text.HAL_QSPI_MemoryMapped
                0x08009310       0xc0 ../DaisyExamples/libDaisy//build\libdaisy.a(stm32h7xx_hal_qspi.o)
                0x08009310                HAL_QSPI_MemoryMapped
 .text.HAL_QSPI_ErrorCallback
                0x080093d0        0x4 ../DaisyExamples/libDaisy//build\libdaisy.a(stm32h7xx_hal_qspi.o)
                0x080093d0                HAL_QSPI_ErrorCallback
 .text.QSPI_DMAAbortCplt
                0x080093d4       0x38 ../DaisyExamples/libDaisy//build\libdaisy.a(stm32h7xx_hal_qspi.o)
 .text.HAL_QSPI_AbortCpltCallback
                0x0800940c        0x4 ../DaisyExamples/libDaisy//build\libdaisy.a(stm32h7xx_hal_qspi.o)
                0x0800940c                HAL_QSPI_AbortCpltCallback
 .text.HAL_QSPI_CmdCpltCallback
                0x08009410        0x4 ../DaisyExamples/libDaisy//build\libdaisy.a(stm32h7xx_hal_qspi.o)
                0x08009410                HAL_QSPI_CmdCpltCallback
 .text.HAL_QSPI_RxCpltCallback
                0x08009414        0x4 ../DaisyExamples/libDaisy//build\libdaisy.a(stm32h7xx_hal_qspi.o)
                0x08009414                HAL_QSPI_RxCpltCallback
 .text.HAL_QSPI_TxCpltCallback
                0x08009418        0x4 ../DaisyExamples/libDaisy//build\libdaisy.a(stm32h7xx_hal_qspi.o)
                0x08009418                HAL_QSPI_TxCpltCallback
 .text.HAL_QSPI_FifoThresholdCallback
                0x0800941c        0x4 ../DaisyExamples/libDaisy//build\libdaisy.a(stm32h7xx_hal_qspi.o)
                0x0800941c                HAL_QSPI_FifoThresholdCallback
 .text.HAL_QSPI_StatusMatchCallback
                0x08009420        0x4 ../DaisyExamples/libDaisy//build\libdaisy.a(stm32h7xx_hal_qspi.o)
                0x08009420                HAL_QSPI_StatusMatchCallback
 .text.HAL_QSPI_TimeOutCallback
                0x08009424        0x4 ../DaisyExamples/libDaisy//build\libdaisy.a(stm32h7xx_hal_qspi.o)
                0x08009424                HAL_QSPI_TimeOutCallback
 .text.HAL_QSPI_IRQHandler
                0x08009428      0x210 ../DaisyExamples/libDaisy//build\libdaisy.a(stm32h7xx_hal_qspi.o)
                0x08009428                HAL_QSPI_IRQHandler
 .text.HAL_RCC_OscConfig
                0x08009638      0x51c ../DaisyExamples/libDaisy//build\libdaisy.a(stm32h7xx_hal_rcc.o)
                0x08009638                HAL_RCC_OscConfig
 .text.HAL_RCC_GetSysClockFreq
                0x08009b54      0x140 ../DaisyExamples/libDaisy//build\libdaisy.a(stm32h7xx_hal_rcc.o)
                0x08009b54                HAL_RCC_GetSysClockFreq
 .text.HAL_RCC_ClockConfig
                0x08009c94      0x234 ../DaisyExamples/libDaisy//build\libdaisy.a(stm32h7xx_hal_rcc.o)
                0x08009c94                HAL_RCC_ClockConfig
 .text.HAL_RCC_GetHCLKFreq
                0x08009ec8       0x2c ../DaisyExamples/libDaisy//build\libdaisy.a(stm32h7xx_hal_rcc.o)
                0x08009ec8                HAL_RCC_GetHCLKFreq
 .text.HAL_RCC_GetPCLK1Freq
                0x08009ef4       0x38 ../DaisyExamples/libDaisy//build\libdaisy.a(stm32h7xx_hal_rcc.o)
                0x08009ef4                HAL_RCC_GetPCLK1Freq
 .text.HAL_RCC_GetPCLK2Freq
                0x08009f2c       0x38 ../DaisyExamples/libDaisy//build\libdaisy.a(stm32h7xx_hal_rcc.o)
                0x08009f2c                HAL_RCC_GetPCLK2Freq
 .text.RCCEx_PLL2_Config
                0x08009f64       0xf4 ../DaisyExamples/libDaisy//build\libdaisy.a(stm32h7xx_hal_rcc_ex.o)
 .text.RCCEx_PLL3_Config
                0x0800a058       0xf4 ../DaisyExamples/libDaisy//build\libdaisy.a(stm32h7xx_hal_rcc_ex.o)
 .text.HAL_RCCEx_PeriphCLKConfig
                0x0800a14c      0xa7c ../DaisyExamples/libDaisy//build\libdaisy.a(stm32h7xx_hal_rcc_ex.o)
                0x0800a14c                HAL_RCCEx_PeriphCLKConfig
 .text.HAL_RCCEx_GetD3PCLK1Freq
                0x0800abc8       0x24 ../DaisyExamples/libDaisy//build\libdaisy.a(stm32h7xx_hal_rcc_ex.o)
                0x0800abc8                HAL_RCCEx_GetD3PCLK1Freq
 .text.HAL_RCCEx_GetPLL2ClockFreq
                0x0800abec      0x17c ../DaisyExamples/libDaisy//build\libdaisy.a(stm32h7xx_hal_rcc_ex.o)
                0x0800abec                HAL_RCCEx_GetPLL2ClockFreq
 .text.HAL_RCCEx_GetPLL3ClockFreq
                0x0800ad68      0x17c ../DaisyExamples/libDaisy//build\libdaisy.a(stm32h7xx_hal_rcc_ex.o)
                0x0800ad68                HAL_RCCEx_GetPLL3ClockFreq
 .text.HAL_RCCEx_GetPLL1ClockFreq
                0x0800aee4      0x17c ../DaisyExamples/libDaisy//build\libdaisy.a(stm32h7xx_hal_rcc_ex.o)
                0x0800aee4                HAL_RCCEx_GetPLL1ClockFreq
 .text.HAL_RCCEx_GetPeriphCLKFreq
                0x0800b060      0x198 ../DaisyExamples/libDaisy//build\libdaisy.a(stm32h7xx_hal_rcc_ex.o)
                0x0800b060                HAL_RCCEx_GetPeriphCLKFreq
 .text.HAL_RCCEx_GetD1SysClockFreq
                0x0800b1f8       0x2c ../DaisyExamples/libDaisy//build\libdaisy.a(stm32h7xx_hal_rcc_ex.o)
                0x0800b1f8                HAL_RCCEx_GetD1SysClockFreq
 .text.HAL_SAI_Init.part.0
                0x0800b224      0x348 ../DaisyExamples/libDaisy//build\libdaisy.a(stm32h7xx_hal_sai.o)
 .text.HAL_SAI_InitProtocol
                0x0800b56c      0x178 ../DaisyExamples/libDaisy//build\libdaisy.a(stm32h7xx_hal_sai.o)
                0x0800b56c                HAL_SAI_InitProtocol
 .text.HAL_SAI_Transmit_DMA
                0x0800b6e4      0x124 ../DaisyExamples/libDaisy//build\libdaisy.a(stm32h7xx_hal_sai.o)
                0x0800b6e4                HAL_SAI_Transmit_DMA
 .text.HAL_SAI_Receive_DMA
                0x0800b808       0xd0 ../DaisyExamples/libDaisy//build\libdaisy.a(stm32h7xx_hal_sai.o)
                0x0800b808                HAL_SAI_Receive_DMA
 .text.HAL_SAI_TxCpltCallback
                0x0800b8d8        0x4 ../DaisyExamples/libDaisy//build\libdaisy.a(stm32h7xx_hal_sai.o)
                0x0800b8d8                HAL_SAI_TxCpltCallback
 .text.SAI_DMATxCplt
                0x0800b8dc       0x64 ../DaisyExamples/libDaisy//build\libdaisy.a(stm32h7xx_hal_sai.o)
 .text.HAL_SAI_TxHalfCpltCallback
                0x0800b940        0x4 ../DaisyExamples/libDaisy//build\libdaisy.a(stm32h7xx_hal_sai.o)
                0x0800b940                HAL_SAI_TxHalfCpltCallback
 .text.SAI_DMATxHalfCplt
                0x0800b944        0xc ../DaisyExamples/libDaisy//build\libdaisy.a(stm32h7xx_hal_sai.o)
 .text.SAI_DMARxCplt
                0x0800b950       0x64 ../DaisyExamples/libDaisy//build\libdaisy.a(stm32h7xx_hal_sai.o)
 .text.SAI_DMARxHalfCplt
                0x0800b9b4        0xc ../DaisyExamples/libDaisy//build\libdaisy.a(stm32h7xx_hal_sai.o)
 .text.HAL_SAI_ErrorCallback
                0x0800b9c0        0x4 ../DaisyExamples/libDaisy//build\libdaisy.a(stm32h7xx_hal_sai.o)
                0x0800b9c0                HAL_SAI_ErrorCallback
 .text.SAI_DMAError
                0x0800b9c4       0x6c ../DaisyExamples/libDaisy//build\libdaisy.a(stm32h7xx_hal_sai.o)
 .text.HAL_SDRAM_Init
                0x0800ba30       0x54 ../DaisyExamples/libDaisy//build\libdaisy.a(stm32h7xx_hal_sdram.o)
                0x0800ba30                HAL_SDRAM_Init
 .text.HAL_SDRAM_SendCommand
                0x0800ba84       0x40 ../DaisyExamples/libDaisy//build\libdaisy.a(stm32h7xx_hal_sdram.o)
                0x0800ba84                HAL_SDRAM_SendCommand
 .text.HAL_SDRAM_ProgramRefreshRate
                0x0800bac4       0x30 ../DaisyExamples/libDaisy//build\libdaisy.a(stm32h7xx_hal_sdram.o)
                0x0800bac4                HAL_SDRAM_ProgramRefreshRate
 .text.FMC_SDRAM_Init
                0x0800baf4       0x7c ../DaisyExamples/libDaisy//build\libdaisy.a(stm32h7xx_ll_fmc.o)
                0x0800baf4                FMC_SDRAM_Init
 .text.FMC_SDRAM_Timing_Init
                0x0800bb70       0x98 ../DaisyExamples/libDaisy//build\libdaisy.a(stm32h7xx_ll_fmc.o)
                0x0800bb70                FMC_SDRAM_Timing_Init
 .text.FMC_SDRAM_SendCommand
                0x0800bc08       0x28 ../DaisyExamples/libDaisy//build\libdaisy.a(stm32h7xx_ll_fmc.o)
                0x0800bc08                FMC_SDRAM_SendCommand
 .text.FMC_SDRAM_ProgramRefreshRate
                0x0800bc30       0x1c ../DaisyExamples/libDaisy//build\libdaisy.a(stm32h7xx_ll_fmc.o)
                0x0800bc30                FMC_SDRAM_ProgramRefreshRate
 .text.USB_CoreInit
                0x0800bc4c      0x124 ../DaisyExamples/libDaisy//build\libdaisy.a(stm32h7xx_ll_usb.o)
                0x0800bc4c                USB_CoreInit
 .text.USB_SetTurnaroundTime
                0x0800bd70      0x104 ../DaisyExamples/libDaisy//build\libdaisy.a(stm32h7xx_ll_usb.o)
                0x0800bd70                USB_SetTurnaroundTime
 .text.USB_EnableGlobalInt
                0x0800be74       0x10 ../DaisyExamples/libDaisy//build\libdaisy.a(stm32h7xx_ll_usb.o)
                0x0800be74                USB_EnableGlobalInt
 .text.USB_DisableGlobalInt
                0x0800be84       0x10 ../DaisyExamples/libDaisy//build\libdaisy.a(stm32h7xx_ll_usb.o)
                0x0800be84                USB_DisableGlobalInt
 .text.USB_SetCurrentMode
                0x0800be94       0x30 ../DaisyExamples/libDaisy//build\libdaisy.a(stm32h7xx_ll_usb.o)
                0x0800be94                USB_SetCurrentMode
 .text.USB_DevInit
                0x0800bec4      0x20c ../DaisyExamples/libDaisy//build\libdaisy.a(stm32h7xx_ll_usb.o)
                0x0800bec4                USB_DevInit
 .text.USB_FlushTxFifo
                0x0800c0d0       0x34 ../DaisyExamples/libDaisy//build\libdaisy.a(stm32h7xx_ll_usb.o)
                0x0800c0d0                USB_FlushTxFifo
 .text.USB_GetDevSpeed
                0x0800c104       0x24 ../DaisyExamples/libDaisy//build\libdaisy.a(stm32h7xx_ll_usb.o)
                0x0800c104                USB_GetDevSpeed
 .text.USB_ActivateEndpoint
                0x0800c128       0x90 ../DaisyExamples/libDaisy//build\libdaisy.a(stm32h7xx_ll_usb.o)
                0x0800c128                USB_ActivateEndpoint
 .text.USB_DeactivateEndpoint
                0x0800c1b8       0x84 ../DaisyExamples/libDaisy//build\libdaisy.a(stm32h7xx_ll_usb.o)
                0x0800c1b8                USB_DeactivateEndpoint
 .text.USB_EPStartXfer
                0x0800c23c      0x230 ../DaisyExamples/libDaisy//build\libdaisy.a(stm32h7xx_ll_usb.o)
                0x0800c23c                USB_EPStartXfer
 .text.USB_EP0StartXfer
                0x0800c46c      0x174 ../DaisyExamples/libDaisy//build\libdaisy.a(stm32h7xx_ll_usb.o)
                0x0800c46c                USB_EP0StartXfer
 .text.USB_WritePacket
                0x0800c5e0       0x2c ../DaisyExamples/libDaisy//build\libdaisy.a(stm32h7xx_ll_usb.o)
                0x0800c5e0                USB_WritePacket
 .text.USB_ReadPacket
                0x0800c60c       0x20 ../DaisyExamples/libDaisy//build\libdaisy.a(stm32h7xx_ll_usb.o)
                0x0800c60c                USB_ReadPacket
 .text.USB_EPSetStall
                0x0800c62c       0x68 ../DaisyExamples/libDaisy//build\libdaisy.a(stm32h7xx_ll_usb.o)
                0x0800c62c                USB_EPSetStall
 .text.USB_EPClearStall
                0x0800c694       0x58 ../DaisyExamples/libDaisy//build\libdaisy.a(stm32h7xx_ll_usb.o)
                0x0800c694                USB_EPClearStall
 .text.USB_SetDevAddress
                0x0800c6ec       0x24 ../DaisyExamples/libDaisy//build\libdaisy.a(stm32h7xx_ll_usb.o)
                0x0800c6ec                USB_SetDevAddress
 .text.USB_DevConnect
                0x0800c710       0x1c ../DaisyExamples/libDaisy//build\libdaisy.a(stm32h7xx_ll_usb.o)
                0x0800c710                USB_DevConnect
 .text.USB_DevDisconnect
                0x0800c72c       0x1c ../DaisyExamples/libDaisy//build\libdaisy.a(stm32h7xx_ll_usb.o)
                0x0800c72c                USB_DevDisconnect
 .text.USB_ReadInterrupts
                0x0800c748       0x14 ../DaisyExamples/libDaisy//build\libdaisy.a(stm32h7xx_ll_usb.o)
                0x0800c748                USB_ReadInterrupts
 .text.USB_ReadDevAllOutEpInterrupt
                0x0800c75c       0x1c ../DaisyExamples/libDaisy//build\libdaisy.a(stm32h7xx_ll_usb.o)
                0x0800c75c                USB_ReadDevAllOutEpInterrupt
 .text.USB_ReadDevAllInEpInterrupt
                0x0800c778       0x1c ../DaisyExamples/libDaisy//build\libdaisy.a(stm32h7xx_ll_usb.o)
                0x0800c778                USB_ReadDevAllInEpInterrupt
 .text.USB_ReadDevOutEPInterrupt
                0x0800c794       0x1c ../DaisyExamples/libDaisy//build\libdaisy.a(stm32h7xx_ll_usb.o)
                0x0800c794                USB_ReadDevOutEPInterrupt
 .text.USB_ReadDevInEPInterrupt
                0x0800c7b0       0x38 ../DaisyExamples/libDaisy//build\libdaisy.a(stm32h7xx_ll_usb.o)
                0x0800c7b0                USB_ReadDevInEPInterrupt
 .text.USB_GetMode
                0x0800c7e8        0x8 ../DaisyExamples/libDaisy//build\libdaisy.a(stm32h7xx_ll_usb.o)
                0x0800c7e8                USB_GetMode
 .text.USB_ActivateSetup
                0x0800c7f0       0x38 ../DaisyExamples/libDaisy//build\libdaisy.a(stm32h7xx_ll_usb.o)
                0x0800c7f0                USB_ActivateSetup
 .text.USB_EP0_OutStart
                0x0800c828       0x58 ../DaisyExamples/libDaisy//build\libdaisy.a(stm32h7xx_ll_usb.o)
                0x0800c828                USB_EP0_OutStart
 .text.USB_InitFSLSPClkSel
                0x0800c880       0x44 ../DaisyExamples/libDaisy//build\libdaisy.a(stm32h7xx_ll_usb.o)
                0x0800c880                USB_InitFSLSPClkSel
 .text.USB_HC_ReadInterrupt
                0x0800c8c4        0x8 ../DaisyExamples/libDaisy//build\libdaisy.a(stm32h7xx_ll_usb.o)
                0x0800c8c4                USB_HC_ReadInterrupt
 .text.USB_HC_Halt
                0x0800c8cc       0xc0 ../DaisyExamples/libDaisy//build\libdaisy.a(stm32h7xx_ll_usb.o)
                0x0800c8cc                USB_HC_Halt
 .text.USB_StopHost
                0x0800c98c      0x2ec ../DaisyExamples/libDaisy//build\libdaisy.a(stm32h7xx_ll_usb.o)
                0x0800c98c                USB_StopHost
 .text.USBD_CDC_EP0_RxReady
                0x0800cc78       0x2c ../DaisyExamples/libDaisy//build\libdaisy.a(usbd_cdc.o)
 .text.USBD_CDC_GetFSCfgDesc
                0x0800cca4       0x24 ../DaisyExamples/libDaisy//build\libdaisy.a(usbd_cdc.o)
 .text.USBD_CDC_GetHSCfgDesc
                0x0800ccc8       0x24 ../DaisyExamples/libDaisy//build\libdaisy.a(usbd_cdc.o)
 .text.USBD_CDC_GetOtherSpeedCfgDesc
                0x0800ccec       0x24 ../DaisyExamples/libDaisy//build\libdaisy.a(usbd_cdc.o)
 .text.USBD_CDC_GetDeviceQualifierDescriptor
                0x0800cd10       0x10 ../DaisyExamples/libDaisy//build\libdaisy.a(usbd_cdc.o)
                0x0800cd10                USBD_CDC_GetDeviceQualifierDescriptor
 .text.USBD_CDC_DataOut
                0x0800cd20       0x30 ../DaisyExamples/libDaisy//build\libdaisy.a(usbd_cdc.o)
 .text.USBD_CDC_DataIn
                0x0800cd50       0x50 ../DaisyExamples/libDaisy//build\libdaisy.a(usbd_cdc.o)
 .text.USBD_CDC_Setup
                0x0800cda0       0xcc ../DaisyExamples/libDaisy//build\libdaisy.a(usbd_cdc.o)
 .text.USBD_CDC_DeInit
                0x0800ce6c       0x44 ../DaisyExamples/libDaisy//build\libdaisy.a(usbd_cdc.o)
 .text.USBD_CDC_Init
                0x0800ceb0       0x94 ../DaisyExamples/libDaisy//build\libdaisy.a(usbd_cdc.o)
 .text.USBD_CDC_RegisterInterface
                0x0800cf44       0x10 ../DaisyExamples/libDaisy//build\libdaisy.a(usbd_cdc.o)
                0x0800cf44                USBD_CDC_RegisterInterface
 .text.USBD_CDC_SetTxBuffer
                0x0800cf54       0x14 ../DaisyExamples/libDaisy//build\libdaisy.a(usbd_cdc.o)
                0x0800cf54                USBD_CDC_SetTxBuffer
 .text.USBD_CDC_SetRxBuffer
                0x0800cf68       0x10 ../DaisyExamples/libDaisy//build\libdaisy.a(usbd_cdc.o)
                0x0800cf68                USBD_CDC_SetRxBuffer
 .text.USBD_CDC_TransmitPacket
                0x0800cf78       0x34 ../DaisyExamples/libDaisy//build\libdaisy.a(usbd_cdc.o)
                0x0800cf78                USBD_CDC_TransmitPacket
 .text.USBD_CDC_ReceivePacket
                0x0800cfac       0x38 ../DaisyExamples/libDaisy//build\libdaisy.a(usbd_cdc.o)
                0x0800cfac                USBD_CDC_ReceivePacket
 .text.USBD_Init
                0x0800cfe4       0x44 ../DaisyExamples/libDaisy//build\libdaisy.a(usbd_core.o)
                0x0800cfe4                USBD_Init
 .text.USBD_RegisterClass
                0x0800d028       0x2c ../DaisyExamples/libDaisy//build\libdaisy.a(usbd_core.o)
                0x0800d028                USBD_RegisterClass
 .text.USBD_Start
                0x0800d054        0xc ../DaisyExamples/libDaisy//build\libdaisy.a(usbd_core.o)
                0x0800d054                USBD_Start
 .text.USBD_SetClassConfig
                0x0800d060       0x14 ../DaisyExamples/libDaisy//build\libdaisy.a(usbd_core.o)
                0x0800d060                USBD_SetClassConfig
 .text.USBD_ClrClassConfig
                0x0800d074       0x10 ../DaisyExamples/libDaisy//build\libdaisy.a(usbd_core.o)
                0x0800d074                USBD_ClrClassConfig
 .text.USBD_LL_SetupStage
                0x0800d084       0x5c ../DaisyExamples/libDaisy//build\libdaisy.a(usbd_core.o)
                0x0800d084                USBD_LL_SetupStage
 .text.USBD_LL_DataOutStage
                0x0800d0e0       0x7c ../DaisyExamples/libDaisy//build\libdaisy.a(usbd_core.o)
                0x0800d0e0                USBD_LL_DataOutStage
 .text.USBD_LL_DataInStage
                0x0800d15c       0xcc ../DaisyExamples/libDaisy//build\libdaisy.a(usbd_core.o)
                0x0800d15c                USBD_LL_DataInStage
 .text.USBD_LL_Reset
                0x0800d228       0x50 ../DaisyExamples/libDaisy//build\libdaisy.a(usbd_core.o)
                0x0800d228                USBD_LL_Reset
 .text.USBD_LL_SetSpeed
                0x0800d278        0x8 ../DaisyExamples/libDaisy//build\libdaisy.a(usbd_core.o)
                0x0800d278                USBD_LL_SetSpeed
 .text.USBD_LL_Suspend
                0x0800d280       0x14 ../DaisyExamples/libDaisy//build\libdaisy.a(usbd_core.o)
                0x0800d280                USBD_LL_Suspend
 .text.USBD_LL_Resume
                0x0800d294       0x10 ../DaisyExamples/libDaisy//build\libdaisy.a(usbd_core.o)
                0x0800d294                USBD_LL_Resume
 .text.USBD_LL_SOF
                0x0800d2a4       0x1c ../DaisyExamples/libDaisy//build\libdaisy.a(usbd_core.o)
                0x0800d2a4                USBD_LL_SOF
 .text.USBD_LL_IsoINIncomplete
                0x0800d2c0        0x4 ../DaisyExamples/libDaisy//build\libdaisy.a(usbd_core.o)
                0x0800d2c0                USBD_LL_IsoINIncomplete
 .text.USBD_LL_IsoOUTIncomplete
                0x0800d2c4        0x4 ../DaisyExamples/libDaisy//build\libdaisy.a(usbd_core.o)
                0x0800d2c4                USBD_LL_IsoOUTIncomplete
 .text.USBD_LL_DevConnected
                0x0800d2c8        0x4 ../DaisyExamples/libDaisy//build\libdaisy.a(usbd_core.o)
                0x0800d2c8                USBD_LL_DevConnected
 .text.USBD_LL_DevDisconnected
                0x0800d2cc       0x18 ../DaisyExamples/libDaisy//build\libdaisy.a(usbd_core.o)
                0x0800d2cc                USBD_LL_DevDisconnected
 .text.USBD_StdDevReq
                0x0800d2e4      0x304 ../DaisyExamples/libDaisy//build\libdaisy.a(usbd_ctlreq.o)
                0x0800d2e4                USBD_StdDevReq
 .text.USBD_StdItfReq
                0x0800d5e8       0x68 ../DaisyExamples/libDaisy//build\libdaisy.a(usbd_ctlreq.o)
                0x0800d5e8                USBD_StdItfReq
 .text.USBD_StdEPReq
                0x0800d650      0x13c ../DaisyExamples/libDaisy//build\libdaisy.a(usbd_ctlreq.o)
                0x0800d650                USBD_StdEPReq
 .text.USBD_ParseSetupRequest
                0x0800d78c       0x28 ../DaisyExamples/libDaisy//build\libdaisy.a(usbd_ctlreq.o)
                0x0800d78c                USBD_ParseSetupRequest
 .text.USBD_CtlError
                0x0800d7b4       0x18 ../DaisyExamples/libDaisy//build\libdaisy.a(usbd_ctlreq.o)
                0x0800d7b4                USBD_CtlError
 .text.USBD_GetString
                0x0800d7cc       0x54 ../DaisyExamples/libDaisy//build\libdaisy.a(usbd_ctlreq.o)
                0x0800d7cc                USBD_GetString
 .text.USBD_CtlSendData
                0x0800d820       0x1c ../DaisyExamples/libDaisy//build\libdaisy.a(usbd_ioreq.o)
                0x0800d820                USBD_CtlSendData
 .text.USBD_CtlContinueSendData
                0x0800d83c       0x14 ../DaisyExamples/libDaisy//build\libdaisy.a(usbd_ioreq.o)
                0x0800d83c                USBD_CtlContinueSendData
 .text.USBD_CtlPrepareRx
                0x0800d850       0x1c ../DaisyExamples/libDaisy//build\libdaisy.a(usbd_ioreq.o)
                0x0800d850                USBD_CtlPrepareRx
 .text.USBD_CtlContinueRx
                0x0800d86c       0x14 ../DaisyExamples/libDaisy//build\libdaisy.a(usbd_ioreq.o)
                0x0800d86c                USBD_CtlContinueRx
 .text.USBD_CtlSendStatus
                0x0800d880       0x18 ../DaisyExamples/libDaisy//build\libdaisy.a(usbd_ioreq.o)
                0x0800d880                USBD_CtlSendStatus
 .text.USBD_CtlReceiveStatus
                0x0800d898       0x18 ../DaisyExamples/libDaisy//build\libdaisy.a(usbd_ioreq.o)
                0x0800d898                USBD_CtlReceiveStatus
 .text.USBH_LL_IncTimer
                0x0800d8b0       0x20 ../DaisyExamples/libDaisy//build\libdaisy.a(usbh_core.o)
                0x0800d8b0                USBH_LL_IncTimer
 .text.USBH_LL_PortEnabled
                0x0800d8d0        0x8 ../DaisyExamples/libDaisy//build\libdaisy.a(usbh_core.o)
                0x0800d8d0                USBH_LL_PortEnabled
 .text.USBH_LL_PortDisabled
                0x0800d8d8        0x8 ../DaisyExamples/libDaisy//build\libdaisy.a(usbh_core.o)
                0x0800d8d8                USBH_LL_PortDisabled
 .text.USBH_LL_Connect
                0x0800d8e0       0x18 ../DaisyExamples/libDaisy//build\libdaisy.a(usbh_core.o)
                0x0800d8e0                USBH_LL_Connect
 .text.USBH_LL_Disconnect
                0x0800d8f8       0x2c ../DaisyExamples/libDaisy//build\libdaisy.a(usbh_core.o)
                0x0800d8f8                USBH_LL_Disconnect
 .text.USBH_FreePipe
                0x0800d924       0x18 ../DaisyExamples/libDaisy//build\libdaisy.a(usbh_pipes.o)
                0x0800d924                USBH_FreePipe
 .text._ZN5daisy6Random4InitEv
                0x0800d93c       0x3c ../DaisyExamples/libDaisy//build\libdaisy.a(rng.o)
                0x0800d93c                daisy::Random::Init()
 .text._ZN5daisy9SpiHandle4Impl7InitDmaEv
                0x0800d978       0xec ../DaisyExamples/libDaisy//build\libdaisy.a(spi.o)
                0x0800d978                daisy::SpiHandle::Impl::InitDma()
 .text._ZN5daisy9SpiHandle4Impl10StartDmaTxEPhjPFvPvEPFvS3_NS0_6ResultEES3_
                0x0800da64       0xc8 ../DaisyExamples/libDaisy//build\libdaisy.a(spi.o)
                0x0800da64                daisy::SpiHandle::Impl::StartDmaTx(unsigned char*, unsigned int, void (*)(void*), void (*)(void*, daisy::SpiHandle::Result), void*)
 .text._ZN5daisy9SpiHandle4Impl10StartDmaRxEPhjPFvPvEPFvS3_NS0_6ResultEES3_
                0x0800db2c       0xc8 ../DaisyExamples/libDaisy//build\libdaisy.a(spi.o)
                0x0800db2c                daisy::SpiHandle::Impl::StartDmaRx(unsigned char*, unsigned int, void (*)(void*), void (*)(void*, daisy::SpiHandle::Result), void*)
 .text._ZN5daisy9SpiHandle4Impl12StartDmaRxTxEPhS2_jPFvPvEPFvS3_NS0_6ResultEES3_
                0x0800dbf4       0xcc ../DaisyExamples/libDaisy//build\libdaisy.a(spi.o)
                0x0800dbf4                daisy::SpiHandle::Impl::StartDmaRxTx(unsigned char*, unsigned char*, unsigned int, void (*)(void*), void (*)(void*, daisy::SpiHandle::Result), void*)
 .text._ZN5daisy9SpiHandle4Impl8InitPinsEv
                0x0800dcc0      0x274 ../DaisyExamples/libDaisy//build\libdaisy.a(spi.o)
                0x0800dcc0                daisy::SpiHandle::Impl::InitPins()
 .text.HAL_SPI_MspInit
                0x0800df34      0x1a8 ../DaisyExamples/libDaisy//build\libdaisy.a(spi.o)
                0x0800df34                HAL_SPI_MspInit
 .text.dsy_spi_global_init
                0x0800e0dc       0x80 ../DaisyExamples/libDaisy//build\libdaisy.a(spi.o)
                0x0800e0dc                dsy_spi_global_init
 .text.SPI1_IRQHandler
                0x0800e15c        0xc ../DaisyExamples/libDaisy//build\libdaisy.a(spi.o)
                0x0800e15c                SPI1_IRQHandler
 .text.SPI2_IRQHandler
                0x0800e168        0xc ../DaisyExamples/libDaisy//build\libdaisy.a(spi.o)
                0x0800e168                SPI2_IRQHandler
 .text.SPI3_IRQHandler
                0x0800e174        0xc ../DaisyExamples/libDaisy//build\libdaisy.a(spi.o)
                0x0800e174                SPI3_IRQHandler
 .text.SPI4_IRQHandler
                0x0800e180        0xc ../DaisyExamples/libDaisy//build\libdaisy.a(spi.o)
                0x0800e180                SPI4_IRQHandler
 .text.SPI5_IRQHandler
                0x0800e18c        0xc ../DaisyExamples/libDaisy//build\libdaisy.a(spi.o)
                0x0800e18c                SPI5_IRQHandler
 .text.DMA2_Stream2_IRQHandler
                0x0800e198       0x34 ../DaisyExamples/libDaisy//build\libdaisy.a(spi.o)
                0x0800e198                DMA2_Stream2_IRQHandler
 .text.DMA2_Stream3_IRQHandler
                0x0800e1cc       0x38 ../DaisyExamples/libDaisy//build\libdaisy.a(spi.o)
                0x0800e1cc                DMA2_Stream3_IRQHandler
 .text.HAL_SPI_TxCpltCallback
                0x0800e204       0xc4 ../DaisyExamples/libDaisy//build\libdaisy.a(spi.o)
                0x0800e204                HAL_SPI_TxCpltCallback
 .text.HAL_SPI_RxCpltCallback
                0x0800e2c8       0xc4 ../DaisyExamples/libDaisy//build\libdaisy.a(spi.o)
                0x0800e2c8                HAL_SPI_RxCpltCallback
 .text.HAL_SPI_TxRxCpltCallback
                0x0800e38c       0xc4 ../DaisyExamples/libDaisy//build\libdaisy.a(spi.o)
                0x0800e38c                HAL_SPI_TxRxCpltCallback
 .text.HAL_SPI_ErrorCallback
                0x0800e450       0xc8 ../DaisyExamples/libDaisy//build\libdaisy.a(spi.o)
                0x0800e450                HAL_SPI_ErrorCallback
 .text.startup._GLOBAL__sub_I__Z19MapInstanceToHandleP11SPI_TypeDef
                0x0800e518      0x1b0 ../DaisyExamples/libDaisy//build\libdaisy.a(spi.o)
 .text.HAL_TIM_Base_MspInit
                0x0800e6c8      0x1e0 ../DaisyExamples/libDaisy//build\libdaisy.a(tim.o)
                0x0800e6c8                HAL_TIM_Base_MspInit
 .text.HAL_TIM_PeriodElapsedCallback
                0x0800e8a8       0x44 ../DaisyExamples/libDaisy//build\libdaisy.a(tim.o)
                0x0800e8a8                HAL_TIM_PeriodElapsedCallback
 .text.TIM2_IRQHandler
                0x0800e8ec        0xc ../DaisyExamples/libDaisy//build\libdaisy.a(tim.o)
                0x0800e8ec                TIM2_IRQHandler
 .text.TIM3_IRQHandler
                0x0800e8f8        0xc ../DaisyExamples/libDaisy//build\libdaisy.a(tim.o)
                0x0800e8f8                TIM3_IRQHandler
 .text.TIM4_IRQHandler
                0x0800e904        0xc ../DaisyExamples/libDaisy//build\libdaisy.a(tim.o)
                0x0800e904                TIM4_IRQHandler
 .text.TIM5_IRQHandler
                0x0800e910        0xc ../DaisyExamples/libDaisy//build\libdaisy.a(tim.o)
                0x0800e910                TIM5_IRQHandler
 .text._ZN5daisy11TimerHandle4InitERKNS0_6ConfigE
                0x0800e91c       0xd0 ../DaisyExamples/libDaisy//build\libdaisy.a(tim.o)
                0x0800e91c                daisy::TimerHandle::Init(daisy::TimerHandle::Config const&)
 .text._ZN5daisy11TimerHandle5StartEv
                0x0800e9ec       0x24 ../DaisyExamples/libDaisy//build\libdaisy.a(tim.o)
                0x0800e9ec                daisy::TimerHandle::Start()
 .text._ZN5daisy11TimerHandle9DelayTickEm
                0x0800ea10       0x10 ../DaisyExamples/libDaisy//build\libdaisy.a(tim.o)
                0x0800ea10                daisy::TimerHandle::DelayTick(unsigned long)
 .text.startup._GLOBAL__sub_I__ZN5daisy11TimerHandle4Impl4InitERKNS0_6ConfigE
                0x0800ea20       0x38 ../DaisyExamples/libDaisy//build\libdaisy.a(tim.o)
 .text._ZN5daisy11UartHandler4Impl7InitDmaEbb
                0x0800ea58      0x164 ../DaisyExamples/libDaisy//build\libdaisy.a(uart.o)
                0x0800ea58                daisy::UartHandler::Impl::InitDma(bool, bool)
 .text._ZN5daisy11UartHandler4Impl10HandleFifoEv
                0x0800ebbc       0xec ../DaisyExamples/libDaisy//build\libdaisy.a(uart.o)
                0x0800ebbc                daisy::UartHandler::Impl::HandleFifo()
 .text._ZN5daisy11UartHandler4Impl10StartDmaTxEPhjPFvPvEPFvS3_NS0_6ResultEES3_
                0x0800eca8       0xcc ../DaisyExamples/libDaisy//build\libdaisy.a(uart.o)
                0x0800eca8                daisy::UartHandler::Impl::StartDmaTx(unsigned char*, unsigned int, void (*)(void*), void (*)(void*, daisy::UartHandler::Result), void*)
 .text._ZN5daisy11UartHandler4Impl10StartDmaRxEPhjPFvPvEPFvS3_NS0_6ResultEES3_
                0x0800ed74       0xcc ../DaisyExamples/libDaisy//build\libdaisy.a(uart.o)
                0x0800ed74                daisy::UartHandler::Impl::StartDmaRx(unsigned char*, unsigned int, void (*)(void*), void (*)(void*, daisy::UartHandler::Result), void*)
 .text._ZN5daisy11UartHandler4Impl19DmaTransferFinishedEP20__UART_HandleTypeDefNS0_6ResultE
                0x0800ee40       0xc0 ../DaisyExamples/libDaisy//build\libdaisy.a(uart.o)
                0x0800ee40                daisy::UartHandler::Impl::DmaTransferFinished(__UART_HandleTypeDef*, daisy::UartHandler::Result)
 .text._ZN5daisy11UartHandler4Impl8InitPinsEv
                0x0800ef00      0x150 ../DaisyExamples/libDaisy//build\libdaisy.a(uart.o)
                0x0800ef00                daisy::UartHandler::Impl::InitPins()
 .text.HAL_UART_MspInit
                0x0800f050      0x210 ../DaisyExamples/libDaisy//build\libdaisy.a(uart.o)
                0x0800f050                HAL_UART_MspInit
 .text.dsy_uart_global_init
                0x0800f260      0x110 ../DaisyExamples/libDaisy//build\libdaisy.a(uart.o)
                0x0800f260                dsy_uart_global_init
 .text.USART1_IRQHandler
                0x0800f370       0x30 ../DaisyExamples/libDaisy//build\libdaisy.a(uart.o)
                0x0800f370                USART1_IRQHandler
 .text.USART2_IRQHandler
                0x0800f3a0       0x34 ../DaisyExamples/libDaisy//build\libdaisy.a(uart.o)
                0x0800f3a0                USART2_IRQHandler
 .text.USART3_IRQHandler
                0x0800f3d4       0x34 ../DaisyExamples/libDaisy//build\libdaisy.a(uart.o)
                0x0800f3d4                USART3_IRQHandler
 .text.UART4_IRQHandler
                0x0800f408       0x34 ../DaisyExamples/libDaisy//build\libdaisy.a(uart.o)
                0x0800f408                UART4_IRQHandler
 .text.UART5_IRQHandler
                0x0800f43c       0x34 ../DaisyExamples/libDaisy//build\libdaisy.a(uart.o)
                0x0800f43c                UART5_IRQHandler
 .text.USART6_IRQHandler
                0x0800f470       0x34 ../DaisyExamples/libDaisy//build\libdaisy.a(uart.o)
                0x0800f470                USART6_IRQHandler
 .text.UART7_IRQHandler
                0x0800f4a4       0x30 ../DaisyExamples/libDaisy//build\libdaisy.a(uart.o)
                0x0800f4a4                UART7_IRQHandler
 .text.UART8_IRQHandler
                0x0800f4d4       0x34 ../DaisyExamples/libDaisy//build\libdaisy.a(uart.o)
                0x0800f4d4                UART8_IRQHandler
 .text.LPUART1_IRQHandler
                0x0800f508       0x34 ../DaisyExamples/libDaisy//build\libdaisy.a(uart.o)
                0x0800f508                LPUART1_IRQHandler
 .text.DMA1_Stream5_IRQHandler
                0x0800f53c       0x34 ../DaisyExamples/libDaisy//build\libdaisy.a(uart.o)
                0x0800f53c                DMA1_Stream5_IRQHandler
 .text.DMA2_Stream4_IRQHandler
                0x0800f570       0x34 ../DaisyExamples/libDaisy//build\libdaisy.a(uart.o)
                0x0800f570                DMA2_Stream4_IRQHandler
 .text.HAL_UART_TxCpltCallback
                0x0800f5a4        0x8 ../DaisyExamples/libDaisy//build\libdaisy.a(uart.o)
                0x0800f5a4                HAL_UART_TxCpltCallback
 .text.HAL_UART_RxCpltCallback
                0x0800f5ac        0x8 ../DaisyExamples/libDaisy//build\libdaisy.a(uart.o)
                0x0800f5ac                HAL_UART_RxCpltCallback
 .text.HAL_UART_ErrorCallback
                0x0800f5b4        0x8 ../DaisyExamples/libDaisy//build\libdaisy.a(uart.o)
                0x0800f5b4                HAL_UART_ErrorCallback
 .text.startup._GLOBAL__sub_I__Z19MapInstanceToHandleP13USART_TypeDef
                0x0800f5bc      0x190 ../DaisyExamples/libDaisy//build\libdaisy.a(uart.o)
 .text.dsy_dma_init
                0x0800f74c      0x100 ../DaisyExamples/libDaisy//build\libdaisy.a(dma.o)
                0x0800f74c                dsy_dma_init
 .text.HAL_MDMA_Abort_IT
                0x0800f84c       0x2c ../DaisyExamples/libDaisy//build\libdaisy.a(stm32h7xx_hal_mdma.o)
                0x0800f84c                HAL_MDMA_Abort_IT
 .text.SPI_CloseTransfer
                0x0800f878       0xb8 ../DaisyExamples/libDaisy//build\libdaisy.a(stm32h7xx_hal_spi.o)
 .text.HAL_SPI_Init
                0x0800f930      0x15c ../DaisyExamples/libDaisy//build\libdaisy.a(stm32h7xx_hal_spi.o)
                0x0800f930                HAL_SPI_Init
 .text.HAL_SPI_Transmit_DMA
                0x0800fa8c      0x170 ../DaisyExamples/libDaisy//build\libdaisy.a(stm32h7xx_hal_spi.o)
                0x0800fa8c                HAL_SPI_Transmit_DMA
 .text.HAL_SPI_TransmitReceive_DMA
                0x0800fbfc      0x218 ../DaisyExamples/libDaisy//build\libdaisy.a(stm32h7xx_hal_spi.o)
                0x0800fbfc                HAL_SPI_TransmitReceive_DMA
 .text.HAL_SPI_Receive_DMA
                0x0800fe14      0x1b4 ../DaisyExamples/libDaisy//build\libdaisy.a(stm32h7xx_hal_spi.o)
                0x0800fe14                HAL_SPI_Receive_DMA
 .text.SPI_DMATransmitCplt
                0x0800ffc8       0x28 ../DaisyExamples/libDaisy//build\libdaisy.a(stm32h7xx_hal_spi.o)
 .text.SPI_DMAReceiveCplt
                0x0800fff0       0x28 ../DaisyExamples/libDaisy//build\libdaisy.a(stm32h7xx_hal_spi.o)
 .text.SPI_DMATransmitReceiveCplt
                0x08010018       0x28 ../DaisyExamples/libDaisy//build\libdaisy.a(stm32h7xx_hal_spi.o)
 .text.HAL_SPI_TxHalfCpltCallback
                0x08010040        0x4 ../DaisyExamples/libDaisy//build\libdaisy.a(stm32h7xx_hal_spi.o)
                0x08010040                HAL_SPI_TxHalfCpltCallback
 .text.SPI_DMAHalfTransmitCplt
                0x08010044        0xc ../DaisyExamples/libDaisy//build\libdaisy.a(stm32h7xx_hal_spi.o)
 .text.HAL_SPI_RxHalfCpltCallback
                0x08010050        0x4 ../DaisyExamples/libDaisy//build\libdaisy.a(stm32h7xx_hal_spi.o)
                0x08010050                HAL_SPI_RxHalfCpltCallback
 .text.SPI_DMAHalfReceiveCplt
                0x08010054        0xc ../DaisyExamples/libDaisy//build\libdaisy.a(stm32h7xx_hal_spi.o)
 .text.HAL_SPI_TxRxHalfCpltCallback
                0x08010060        0x4 ../DaisyExamples/libDaisy//build\libdaisy.a(stm32h7xx_hal_spi.o)
                0x08010060                HAL_SPI_TxRxHalfCpltCallback
 .text.SPI_DMAHalfTransmitReceiveCplt
                0x08010064        0xc ../DaisyExamples/libDaisy//build\libdaisy.a(stm32h7xx_hal_spi.o)
 .text.SPI_DMAError
                0x08010070       0xd8 ../DaisyExamples/libDaisy//build\libdaisy.a(stm32h7xx_hal_spi.o)
 .text.HAL_SPI_IRQHandler
                0x08010148      0x23c ../DaisyExamples/libDaisy//build\libdaisy.a(stm32h7xx_hal_spi.o)
                0x08010148                HAL_SPI_IRQHandler
 .text.SPI_DMAAbortOnError